Z80ASM SuperFast Relocating Macro Assembler     	    Z80ASM 1.32 Page   1
NBIOS10 Z80

    1                   ;************************************************************************
    2                   ;* NBIOS10.Z80		RDK/UH/*DG*	09/2026				*
    3                   ;*									*
    4                   ;* basiert direct auf der Version 3.1 841220 von Rolf-Dieter Klein	*
    5                   ;* Urspruengliche Version fuer 2 Mini- und 2 Maxi-Laufwerke		*
    6                   ;*									*
    7                   ;************************************************************************
    8                   ;
    9                   ; PLEASE NOTE THE CHANGED CP/M & BIOS START ADDRESS !!!
   10                   ;
   11                   ; 24.06.2026 *dg* Kommentare hinzugefuegt
   12                   ;                 Binaer identisch zur Origial-Version
   13                   ; 06.07.2026 *dg* V1.0 Erste Aenderungen am BIOS. Alte Monnitor-Routinen werden
   14                   ;                 nicht mehr verwendet. Laufwerksumrechnung geaendert.
   15                   ;                 Version getestet.
   16                   ;                 Alle Aenderungen mit bedingter Assemblierung (Flag MINI3)
   17                   ;                 Testweise den Speicherbereich fuer das BIOS auf E200..EFFF
   18                   ;		  geaendert. CP/M startet dann bei CC00 (58K)
   19                   ; 09.07.2026 *dg* V1.0 Erweitert um 4 IDE/CF-Laufwerke - funktioniert nicht
   20                   ;                 System bootet aber Schreiben auf die IDE-Laufwerke schlaegt fehl.
   21                   ; 12.07.2026 *dg* Lesen und Schreiben von CF funktioniert
   22                   ; 31.07.2026 *dg* V1.0 Laufwerk C als HD Laufwerk konfiguriert (1.44 MB)
   23                   ;                 Probleme immer beim ersten Scheiben nach dem Formatieren
   24                   ; 02.08.2026 *dg* Laufwerk B: als 5.25 Zoll HD Laufwerk
   25                   ;		  Funktioniert noch nicht, Format und Laufwerksparameter unklar 
   26                   ; 03.08.2026 *dg* BIOS Debug-Ausgaben per Ctrl-A toggelbar
   27                   ; 06.08.2026 *dg* 5.25 Zoll Format mit 1024*8 funktioniert (1.4 MB)
   28                   ;                 5.25 Zoll Format mit 512*15 funktioniert! (1.2 MB)
   29                   ; 08.08.2026 *dg* CF-Card Laufwerksparameter geaendert
   30                   ; 09.08.2026 *dg* Quick'n dirty fix for Warmboot from IDE/CF
   31                   ;		  (Disk-Parameter immer hardcodiert beim Warmboot aber konfigurierbar)
   32                   ; 03.09.2026 *dg* Deblocking-Parameter fuer jedes Laufwerk stehen jetzt direkt hinter den
   33                   ;		  DPBx Parameter-Bloecken         
   34                   ; 05.09.2026 *dg* New 8192K format for CF/IDE with deblocking
   35                   ; 06.09.2026 *dg* Cleanup
   36                   ; 08.09.2026 *dg* Cleanup
   37                   ; 19.09.2026 *dg* Change selection of disk formats (more defines)
   38                   ; 21.09.2026 *dg* Die Ausmaskierung von Bit 7 bei CONIN herausgenommen, damit
   39                   ;		  Binaer-Transfers wie zum Beispiel Xmodem ueber das BIOS
   40                   ;		  funktionieren.
   41                   ;
   42                   ; Verbesserung/Veraenderungen zu BIOS 3.1 seit Juni 2026
   43                   ;
   44                   ; BIOS vergroessert, dadurch geaenderte Startadressen. CP/M ab CC00-E1FF,
   45                   ; BIOS ab E200-EFFF.
   46                   ; Dateinamen geaendert, die meisten Files und Tools beginnen mit "N" zu
   47                   ; Unterscheidung von den Original-Files.
   48                   ; Laufwerksparameter geaendert, A ist 800KB (NDR/NKC), B und C unterschiedlich,
   49                   ; D ist IBM 8 Zoll SS/SD.
   50                   ; CF/IDE eingebunden, Laufwerke E bis H, je 8 MB, E ist bootfaehig (geaenderte
   51                   ; BIOS-Parameter)
   52                   ; Blocking/Deblocking geaendert, ist jetzt flexibler und leichter zu
   53                   ; konfigurieren max.
   54                   ; max. Steprate wird beim Warmstart gesetzt.
   55                   ; Debug-Ausgaben im BIOS ueber Compiler-Schalter und zur Laufzeit mit Ctrl-A
   56                   ; ein- und ausschaltbar.
   57                   ; Diverse Laufwerksformate gestestet, Test mit echten 8 Zoll Laufwerken steht
   58                   ; noch aus.
Z80ASM SuperFast Relocating Macro Assembler     	    Z80ASM 1.32 Page   2
NBIOS10 Z80

   59                   ; MOVCPM und SYSGEN funktionieren mit der geaenderten BIOS-Groesse
   60                   ; vermutlich nicht mehr und muessen angasst werden (oder flexible Variante
   61                   ; verwenden).
   62                   ;
   63                   ; TO-DO:
   64                   ; x Drive-spezifische Tabellen direkt bei den Laufwerkstabellen platzieren
   65                   ;   (erledigt 03.09.26)
   66                   ; - Maxi-Routinen in Mini-Routinen integrieren. Gemeinsame Routinen fuer
   67                   ;   Blocking/Deblocking fuer alle Laufwerkstypen.
   68                   ; x Make shure not to override the BIOS on WBOOT -> das war schon so
   69                   ;   (CP/M Alteration Guide page 17)
   70                   ;
   71                   ;------------------------------------------------------------------------------
   72                   
   73         000B      BIOSVER EQU 11		; BIOS version 1.1
   74                   
   75         0016      CPMVER	EQU 22		; CP/M version 2.2
   76         0000      FALSE	EQU 0
   77         FFFF      TRUE	EQU NOT FALSE
   78         FFFF      TEST	EQU TRUE
   79         000D      CR	EQU 0DH		; carriage return
   80         000A      LF	EQU 0AH		; line feed
   81                   
   82                   ;------------------------------------------------------------------------------
   83                   ; Variant switches
   84                   
   85                   ; aktiviert alle bisherigen Aenderungen gegenueber der Originalversion 3.1
   86         FFFF      DG_B800	EQU TRUE	; drive B is 800 KB (same as drive A)
   87         0000      DG_B144	EQU FALSE	; drive B as HD drive (5 1/4 inch, 1.44 MB)
   88         0000      DG_B14	EQU FALSE	; drive B as HD drive (5 1/4 inch, 1.4 MB)
   89         0000      DG_B12	EQU FALSE	; drive B as HD drive (5 1/4 inch, 1.2 MB)
   90                   
   91         FFFF      DG_C800	EQU TRUE	; drive C is 800 KB (same as drive A)
   92         0000      DG_C14	EQU FALSE	; drive C as HD drive (5 1/4 inch, 1.4 MB)
   93         0000      DG_C12	EQU FALSE	; drive C as HD drive (5 1/4 inch, 1.2 MB)
   94         0000      DG_CIBM	EQU FALSE	; drive C is IBM
   95                   
   96         0000      DG_D800	EQU FALSE	; drive D is 800 KB (same as drive A)
   97         0000      DG_D144	EQU FALSE	; drive D as HD drive (5 1/4 inch, 1.44 MB)
   98         0000      DG_D14	EQU FALSE	; drive D as HD drive (5 1/4 inch, 1.4 MB)
   99         FFFF      DG_D12	EQU TRUE	; drive D as HD drive (5 1/4 inch, 1.2 MB)
  100         0000      DG_DIBM	EQU FALSE	; drive D is IBM
  101                   
  102         FFFF      NEWIDE	EQU TRUE	; new IDE/CF format (8192 KB)
  103                   
  104         FFFF      DEBOUT	EQU TRUE	; debug outputs
  105         0000      BTDRV	EQU 0		; drive A:
  106                   ;BTDRV	EQU 4		; drive E: (IDE/CF)
  107                   
  108                   ; logical drive to boot from
  109                   	; boot from disk A (800KB NDE/NKC format)
  110         FFFF      	IF BTDRV = 0	; drive A
  111         0008      BTSEC	EQU 8		; start sector of CP/M on disk with 1024 bytes/sector
  112         0028      BTSECN	EQU 40		; sector per track
  113                   	ENDIF
  114                   	
  115                   	; boot from IDE/CF (2 MB format)
  116         0000      	IF BTDRV = 4	; drive E
Z80ASM SuperFast Relocating Macro Assembler     	    Z80ASM 1.32 Page   3
NBIOS10 Z80

  119                   	ENDIF
  120                   
  121                   ;------------------------------------------------------------------------------
  122                   ; Monitor functions
  123                   
  124         F003      MCONIN	EQU 0F003H	; read one char from READER device -> A
  125         F006      MREAD	EQU 0F006H	; read one char from READER device -> A
  126         F009      MCONOUT	EQU 0F009H	; write one char to CONSOLE (C)
  127         F00C      MPUNCH	EQU 0F00CH	; write one char to PUNCH device (C)
  128         F00F      MLIST	EQU 0F00FH	; write one char to LIST device (C)			
  129         F012      MCONST	EQU 0F012H	; get console status
  130         F01E      MSTART	EQU 0F01EH	; restart Monitor
  131         F021      MFLOP	EQU 0F021H	; new Mini/Maxi routine in Monitor
  132         F02A      MIDERD	EQU 0F02AH	; read sector from mini/maxi floppy
  133         F02D      MIDEWR	EQU 0F02DH	; write sector to mini/maxi floppy
  134         F033      MWARM	EQU 0F033H	; Monitor warm start, will be overwritten by BIOS
  135         F036      MWRSTR	EQU 0F036H	; Write string, will be overwritten by BIOS (do no call!)
  136                   
  137                   ;------------------------------------------------------------------------------
  138                   ; CPM and BIOS sizes and addresses
  139                   
  140         003A      MSIZE 	EQU 58			; actual memory size of this BIOS (58K)
  141                   ;MSIZE 	EQU 59			; actual memory size of this BIOS (58K)
  142                   ;MSIZE 	EQU 60			; default memory size model (60K)
  143                   
  144         9800      BIAS	EQU (MSIZE - 20) * 1024	; smallest memory model is 20K
  145         CC00      CCP	EQU 3400H + BIAS	; start of CCP (CP/M), smallest memory model starts at 3400h
  146         D406      BDOS	EQU CCP + 806H		; BDOS entry behind 6 byte serial number, size of CCP is 800h
  147         1600      CPML	EQU 1600H		; length of CP/M (CCP + BDOS)
  148         E200      BIOS	EQU CCP + CPML		; start of BIOS
  149                   
  150         D400      BDOSADR	EQU BDOS - 6		; actual start address of BDOS (used for patches)
  151                   
  152         CC00      CPMB	EQU CCP			; CP/M boot entry
  153                   
  154         002C      NSECTS	EQU CPML / 128		; Number of logical sectors ocupied by CP/M
  155                   				; (used for for WBOOT)
  156                   
  157                   ;-----------------------------------------------------------------------------
  158                   ; Memory addresses below 0100h
  159                   
  160         0000      JWARM	EQU 0000H	; JMP to WBOOT
  161         0003      IOBYTE	EQU 0003H	; Address of IOBYTE
  162         0004      CDISK	EQU 0004H	; Address of last used drive and user (low-nibble: current drive, high-nibble: current user)
  163         0005      JBDOS	EQU 0005H	; JMP to BDOS
  164         0038      JRST7	EQU 0038H	; JMP RST7 (7*8)
  165         0080      BUFF	EQU 0080H	; buffer address
  166         0005      RETRY	EQU 5		; Fehlerversuche bei BOOT und Maxi Read/Write
  167                   
  168                   ;-----------------------------------------------------------------------------
  169                   
  170         E200      	ORG BIOS	; regular start of BIOS
  171                   	;ORG BIOS-4000H	; for debugging
  172                   
  173 E200              STARTBIOS:
  174                   
  175 E200  C3 E37F     	JP BOOT		; Cold boot
  176                   
Z80ASM SuperFast Relocating Macro Assembler     	    Z80ASM 1.32 Page   4
NBIOS10 Z80

  177                   	; --- start of offical BIOS calls ---
  178                   	
  179 E203  C3 E3AC     WBOOTE:	JP WBOOT	; Warm boot (CTRL-C)
  180 E206  C3 F012     	JP MCONST	; Get CONSOLE status -> A, 0FFh if character available
  181 E209  C3 E36E     	JP CONIN	; Input character from CONSOLE -> A
  182 E20C  C3 F009     	JP MCONOUT	; Output character to CONSOLE (C)
  183 E20F  C3 F00F     	JP MLIST	; Output character to LIST device (C)
  184 E212  C3 F00C     	JP MPUNCH	; Output character to PUNCH device (C)
  185 E215  C3 F006     	JP MREAD	; Input character from READER device -> A
  186                   
  187 E218  C3 E44D     	JP HOME		; Select track home position (no execution)
  188 E21B  C3 E452     	JP SELDSK	; Select drive, drive 0..n-1 in C, returns disk parameter header block in HL
  189 E21E  C3 E49C     	JP SETTRK	; Select track for read/write, track in C (logic tracks!!! e.g. 0..159)
  190 E221  C3 E4A1     	JP SETSEC	; Select sector for read/write, sector in C (logic sectors!!! e.g. 0..39)
  191 E224  C3 E4BF     	JP SETDMA	; Set disk read/write address (no real DMA), address in BC
  192 E227  C3 E4E2     	JP READ		; Read sector
  193 E22A  C3 E56E     	JP WRITE	; Write sector
  194 E22D  C3 E44A     	JP LISTST	; Listener ready? (not implemented, returns 1 = not ready)
  195 E230  C3 E4A6     	JP SECTRAN	; sector translation (skew only)
  196                   	
  197                   	; --- end of offical BIOS calls ---
  198                   
  199 E233  C3 E36B     	JP GETVER	; get BIOS version
  200 E236  C3 E4C5     	JP GETPHY	; get physical drive parameters (for diskcopy and similar
  201                   			; utilities)
  202                   	
  203                   	;JP FLUSH	; BDOS close and write sector buffer to disk (not used)
  204                   
  205                   ;-----------------------------------------------------------------------------
  206                   
  207                   	; size of mini disks A, B, C
  208                   	; TRUNC(5 logical sectors * 1024 logical sector size * (2*80 tracks - 4 offset) / 2048 block size) - 1 = ca. 780 KB
  209                   	; TRUNC (5 * 1024 * (160-4)/2048) - 1 = ca. 780 K
  210                   
  211                   	;DISKS 8		; define 8 drives (A..H)
  212         0008      NDISKS	EQU	8	
  213                   
  214         E239      DPBASE	EQU	$		;BASE OF DISK PARAMETER BLOCKS
  215                   
  216 E239  0000  0000  DPE0:	DW	XLT0,0000H	;TRANSLATE TABLE
  217 E23D  0000  0000  	DW	0000H,0000H	;SCRATCH AREA
  218 E241  E868  E2B9  	DW	DIRBUF,DPB0	;DIR BUFF,PARM BLOCK
  219 E245  E919  E8E8  	DW	CSV0,ALV0	;CHECK, ALLOC VECTORS
  220                   
  221 E249  0000  0000  DPE1:	DW	XLT1,0000H	;TRANSLATE TABLE
  222 E24D  0000  0000  	DW	0000H,0000H	;SCRATCH AREA
  223 E251  E868  E2B9  	DW	DIRBUF,DPB1	;DIR BUFF,PARM BLOCK
  224 E255  E98A  E959  	DW	CSV1,ALV1	;CHECK, ALLOC VECTORS
  225                   
  226 E259  0000  0000  DPE2:	DW	XLT2,0000H	;TRANSLATE TABLE
  227 E25D  0000  0000  	DW	0000H,0000H	;SCRATCH AREA
  228 E261  E868  E2B9  	DW	DIRBUF,DPB2	;DIR BUFF,PARM BLOCK
  229 E265  E9FB  E9CA  	DW	CSV2,ALV2	;CHECK, ALLOC VECTORS
  230                   
  231 E269  0000  0000  DPE3:	DW	XLT3,0000H	;TRANSLATE TABLE
  232 E26D  0000  0000  	DW	0000H,0000H	;SCRATCH AREA
  233 E271  E868  E2D0  	DW	DIRBUF,DPB3	;DIR BUFF,PARM BLOCK
  234 E275  EA68  EA3B  	DW	CSV3,ALV3	;CHECK, ALLOC VECTORS
Z80ASM SuperFast Relocating Macro Assembler     	    Z80ASM 1.32 Page   5
NBIOS10 Z80

  235                   
  236 E279  0000  0000  DPE4:	DW	0000h, 0000h
  237 E27D  0000  0000  	DW	0000h, 0000h
  238 E281  E868  E2E7  	DW	DIRBUF, DPB4
  239 E285  EB28  EAA8  	DW	CSV4, ALV4
  240                   
  241 E289  0000  0000  DPE5:	DW	0000h, 0000h
  242 E28D  0000  0000  	DW	0000h, 0000h
  243 E291  E868  E2E7  	DW	DIRBUF, DPB5
  244 E295  EBA8  EB28  	DW	CSV5, ALV5
  245                   
  246 E299  0000  0000  DPE6:	DW	0000h, 0000h
  247 E29D  0000  0000  	DW	0000h, 0000h
  248 E2A1  E868  E2E7  	DW	DIRBUF, DPB6
  249 E2A5  EC28  EBA8  	DW	CSV6, ALV6
  250                   
  251 E2A9  0000  0000  DPE7:	DW	0000h, 0000h
  252 E2AD  0000  0000  	DW	0000h, 0000h
  253 E2B1  E868  E2E7  	DW	DIRBUF, DPB7
  254 E2B5  ECA8  EC28  	DW	CSV7, ALV7
  255                   
  256                   	; Disk 0 (A) ---------------------------------------------------------
  257                   
  258                   	; *** DISKDEF BEDEUTUNG DER PARAMETER***
  259                   	; 0 = NUMMER DES LAUFWERKS
  260                   	; 0 = NUMMER DES ERSTEN SEKTORS EINER SPUR
  261                   	; 39 =  NUMMER DES LETZTEN SEKTORS EINER SPUR
  262                   	; 0 = OPTIONALER VERSCHIEBUNGSFAKTOR ZUM
  263                   	;     VERSETZEN ABSPEICHERN DER SEKTOREN
  264                   	; 2048 = GROESSE EINES BLOCKS
  265                   	; 389 = ZAHL DER MAX. MOEGLICHEN BLOECKE
  266                   	; 256 = ZAHL DER DIRECTORY EINTRITTSPUNKTE
  267                   	; 256 = ZAHL DER GEPRUEFTEN EINTRITTSPUNKTE
  268                   	; OFFS = ADDITIVE KONSTANTE ZUM ANSPRECHEN DER SPUR 00
  269                   
  270                   	; physical format: 3,5 inch NKC, DD, DS, 1024 bytes/sector, 5 sectors/track, 80 tracks
  271                   	; DISKDEF 0,0,39,0,2048,389,256,256,4
  272         E2B9      DPB0	EQU	$	; DISK PARM BLOCK
  273 E2B9  0028        	DW	40	; SEC PER TRACK
  274 E2BB  04          	DB	4	; BLOCK SHIFT
  275 E2BC  0F          	DB	15	; BLOCK MASK
  276 E2BD  00          	DB	0	; EXTNT MASK
  277 E2BE  0184        	DW	388	; DISK SIZE-1
  278 E2C0  00FF        	DW	255	; DIRECTORY MAX
  279 E2C2  F0          	DB	240	; ALLOC0
  280 E2C3  00          	DB	0	; ALLOC1
  281 E2C4  0040        	DW	64	; CHECK SIZE
  282 E2C6  0004        	DW	4	; OFFSET
  283                   	; additional parameters:
  284 E2C8  20          	DB	00100000B ; Mini/DD
  285 E2C9  03          	DB 	3	  ; 40 / 5 sectors = 8 -> 2^3
  286 E2CA  07          	DB	00000111B ; 1024 bytes/sector -> modulo 8 (0..7)
  287                   	; phys. parameter
  288 E2CB  0400        	DW	1024	; bytes/sectors
  289 E2CD  04          	DB	5-1	; max sectors/track
  290 E2CE  4F          	DB	80-1	; max. tracks per side
  291 E2CF  02          	DB	2	; sides
  292                   	
Z80ASM SuperFast Relocating Macro Assembler     	    Z80ASM 1.32 Page   6
NBIOS10 Z80

  293         0000      XLT0	EQU	0	; NO XLATE TABLE
  294                   
  295                   	; Disk 1 (B)----------------------------------------------------------
  296                   
  297         FFFF      	IF DG_B800
  298                   
  299                   	; same as Disk A
  300         E2B9      DPB1	EQU	DPB0	; EQUIVALENT PARAMETERS
  301         0000      XLT1	EQU	XLT0	; SAME TRANSLATE TABLE
  302                   
  303                   	ENDIF		; DG_B800
  304                   
  305         0000      	IF DG_B144
  331                   	ENDIF
  332                   	
  333         0000      	IF DG_B14
  359                   	ENDIF	; DG_B14
  360                   
  361         0000      	IF DG_B12
  388                   	ENDIF	; DG_B12
  389                   
  390                   	; Disk 2 (C) ---------------------------------------------------------
  391                   
  392         FFFF      	IF DG_C800
  393                   
  394         E2B9      DPB2	EQU	DPB0	; EQUIVALENT PARAMETERS
  395         0000      XLT2	EQU	XLT0	; SAME TRANSLATE TABLE
  396                   
  397                   	ENDIF		; DG_C800
  398                   
  399         0000      	IF DG_C14
  425                   	ENDIF	; DG_C14
  426                   
  427         0000      	IF DG_C12
  454                   	ENDIF	; DG_C12
  455                   
  456                   	; Disk 3 (D) --------------------------------------------------------
  457                   
  458         0000      	IF DG_D800
  463                   	ENDIF		; DG_D800
  464                   	
  465         0000      	IF DG_DIBM
  520                   	ENDIF		; DG_DIBM
  521                   
  522         0000      	IF DG_D144
  548                   	ENDIF		; DG_D144
  549                   	
  550         0000      	IF DG_D14
  576                   	ENDIF		; DG_D14
  577                   
  578         FFFF      	IF DG_D12
  579                   
  580                   	; PHYSICAL FORMAT: 1.2 MB, HD, DS, 512 BYTES/SECTOR, 4096 Bytes/Block, 15 SECTORS/TRACK, 80 TRACKS
  581         E2D0      DPB3	EQU	$	; DISK PARM BLOCK
  582 E2D0  003C         	DW	60	; SEC PER TRACK
  583 E2D2  05           	DB	5	; BLOCK SHIFT
  584 E2D3  1F           	DB	31	; BLOCK MASK
  585 E2D4  01           	DB	1	; EXTNT MASK
Z80ASM SuperFast Relocating Macro Assembler     	    Z80ASM 1.32 Page   7
NBIOS10 Z80

  586                    	;DW	275 ; 295 ; DISK SIZE-1
  587 E2D5  0127         	DW	295	; DISK SIZE-1
  588 E2D7  00FF          	DW	255	; DIRECTORY MAX
  589 E2D9  C0           	DB	192	; ALLOC0
  590 E2DA  00           	DB	0	; ALLOC1
  591 E2DB  0040         	DW	64	; CHECK SIZE
  592 E2DD  0002         	DW	2	; OFFSET
  593                   	; blocking/deblocking parameters:
  594 E2DF  00          	DB	00000000B ; Maxi/HD
  595 E2E0  02          	DB 	2	  ; 60 / 15 = 4 -> 2^2
  596 E2E1  03          	DB	00000011B ; 512 bytes/sector -> modulo 4 (0..3)
  597                   	; phys. parameters
  598 E2E2  0200        	DW	512	; bytes/sectors
  599 E2E4  0E          	DB	15-1	; highest sector/track
  600 E2E5  4F          	DB	80-1	; highest track per side
  601 E2E6  02          	DB	2	; sides
  602                   	
  603         0000      XLT3	EQU	0	; NO XLATE TABLE
  604                   
  605                   	ENDIF	; DG_D12
  606                   
  607                   
  608                   	; Disk 4 (E), IDE partition 0 ----------------------------------------
  609                   	
  610 E2E7              DPB4:	;disk parameter block for all disks.
  611         0000      	IF FALSE
  630                   	ENDIF
  631                   	
  632         FFFF      	IF NEWIDE
  633                   	
  634                   	; pyhs: Disk size 8 MB, 256 Byte/Sector, 128 sectors/track, 256 tracks
  635                   	; BDOS: 256 Bytes/Sector, 256 sectors/track, blocksize 8192
  636                   	; DISKDEF d,1,256,0,8192,1020,256,0,1
  637 E2E7  0100        	DW	256
  638 E2E9  06          	DB	6
  639 E2EA  3F          	DB	63
  640 E2EB  03          	DB	3
  641 E2EC  03FB        	DW	1019
  642 E2EE  00FF        	DW	255
  643 E2F0  80          	DB	128
  644 E2F1  00          	DB	0
  645 E2F2  0000        	DW	0
  646 E2F4  0001        	DW	1
  647                   	; blocking/deblocking parameters (not used):
  648 E2F6  00          	DB	0	  ; no used
  649 E2F7  01          	DB	1	  ; 256 / 128 = 2 -> 2^1
  650 E2F8  01          	DB	00000001B ; 128 bytes/sector -> modulo 2 (0..1)
  651                   	; phys. parameters
  652 E2F9  0100        	DW	256	; bytes/sectors
  653 E2FB  7F          	DB	128-1	; highest sector/track
  654 E2FC  FF          	DB	256-1	; highest track per side
  655 E2FD  01          	DB	1	; sides
  656                   
  657                   	ELSE	; NEWIDE
  679                   	ENDIF	; NEWIDE
  680                   
  681                   	; Disk 5 (F), IDE partition 1 ----------------------------------------
  682         E2E7      DPB5	EQU	DPB4	; EQUIVALENT PARAMETERS
Z80ASM SuperFast Relocating Macro Assembler     	    Z80ASM 1.32 Page   8
NBIOS10 Z80

  683                   
  684                   	; Disk 6 (G), IDE partition 2 ----------------------------------------
  685         E2E7      DPB6	EQU	DPB4	; EQUIVALENT PARAMETERS
  686                   
  687                   	; Disk 7 (H), IDE partition 3 ----------------------------------------
  688         E2E7      DPB7	EQU	DPB4	; EQUIVALENT PARAMETERS
  689                   
  690                   ;-----------------------------------------------------------------------------
  691                   ; CP/M message after cold start
  692                   
  693 E2FE  1A          SIGNON:	DB 26
  694 E2FF  0D 0A 43 50 	DB CR,LF,'CP/M '
  695 E306  32 2E 32    	DB CPMVER/10+'0','.',CPMVER MOD 10+'0'
  696 E309  20 66 6F 72 	DB ' for MC-Computer '
  697 E31A  35 38       	DB MSIZE/10+'0',MSIZE MOD 10+'0'
  698 E31C  4B 0D 0A    	DB 'K',CR,LF
  699 E31F  4E 42 49 4F 	DB 'NBIOS '
  700 E325  31 2E 31    	DB BIOSVER/10+'0','.',BIOSVER MOD 10+'0'
  701 E328  20 32 36 30 	DB ' 260922-02'
  702 E332  20 42 4F 4F 	DB " BOOT=",BTDRV+'A',CR,LF
  703                   
  704 E33B  41 3A 4E 4B 	DB "A:NKC800"
  705                   
  706         FFFF      	IF DG_B800
  707 E343  2C 42 3A 4E 	DB ",B:NKC800"
  708                   	ENDIF
  709         0000      	IF DG_B144
  711                   	ENDIF
  712         0000      	IF DG_B14
  714                   	ENDIF
  715         0000      	IF DG_B12
  717                   	ENDIF
  718                   
  719         FFFF      	IF DG_C800
  720 E34C  2C 43 3A 4E 	DB ",C:NKC800"
  721                   	ENDIF
  722         0000      	IF DG_C14
  724                   	ENDIF
  725         0000      	IF DG_C12
  727                   	ENDIF
  728                   
  729         0000      	IF DG_D800
  731                   	ENDIF
  732         0000      	IF DG_D144
  734                   	ENDIF
  735         0000      	IF DG_D14
  737                   	ENDIF
  738         FFFF      	IF DG_D12
  739 E355  2C 44 3A 31 	DB ",D:1,2MB"
  740                   	ENDIF
  741         0000      	IF DG_DIBM
  743                   	ENDIF
  744                   	
  745 E35D  2C 45 2E 2E 	DB ",E..H:"
  746                   	
  747         FFFF      	IF NEWIDE
  748 E363  38 31 39 32 	DB "8192K"
  749                   	ELSE
Z80ASM SuperFast Relocating Macro Assembler     	    Z80ASM 1.32 Page   9
NBIOS10 Z80

  751                   	ENDIF
  752                   
  753 E368  0D 0A 00    	DB CR,LF,0
  754                   
  755                   ;-----------------------------------------------------------------------------
  756                   ; return BIOS version in C
  757                   
  758 E36B  0E 0B       GETVER	LD C,BIOSVER
  759 E36D  C9          	RET
  760                   
  761                   ;-----------------------------------------------------------------------------
  762                   ; read one char from CONSOLE and clears parity bit
  763                   
  764 E36E  CD F003     CONIN:	CALL MCONIN
  765                   	;AND 7FH
  766                   
  767         FFFF      	IF DEBOUT
  768                   
  769 E371  FE 01       	CP A,1
  770 E373  C0          	RET NZ
  771                   
  772                   	; toggle debug
  773 E374  47          	LD B,A
  774 E375  3A E867     	LD A,(DEBACT)
  775 E378  EE 01       	XOR A,01H
  776 E37A  32 E867     	LD (DEBACT),A
  777 E37D  78          	LD A,B
  778                   
  779                   	ENDIF		; DEBOUT
  780                   	
  781 E37E  C9          	RET
  782                   
  783                   ;-----------------------------------------------------------------------------
  784                   ; Cold boot
  785                   
  786 E37F  31 0100     BOOT:	LD SP,BUFF+80H	; set stack
  787                   
  788 E382  21 E2FE     	LD HL,SIGNON	; output start message
  789 E385  CD E4D5     	CALL PRMSG
  790                   	
  791                   	; clear / set last used drive
  792 E388  3E 00       	LD A,BTDRV
  793 E38A  32 0004     	LD (CDISK),A
  794                   	
  795                   	; sector buffer is empty, set to physical sector buffer not changed
  796 E38D  AF          	XOR A
  797 E38E  32 E852     	LD (BUFCHG),A
  798                   	
  799                   	; drive is undefined
  800 E391  3E FF       	LD A,0FFH
  801 E393  32 E853     	LD (CURDRV),A
  802                   
  803                   	; disable monitor entries, set to WBOOT
  804 E396  21 E3AC     	LD HL,WBOOT
  805 E399  22 F034     	LD (MWARM+1),HL
  806 E39C  22 F037     	LD (MWRSTR+1),HL
  807                   	
  808                   	;CALL PATF	; patch BDOS close function
Z80ASM SuperFast Relocating Macro Assembler     	    Z80ASM 1.32 Page  10
NBIOS10 Z80

  809 E39F  CD E742     	CALL PATA	; patch BDOS active drive
  810                   	;CALL PATB
  811                   
  812                   	; set steprate
  813                   	;LD D,00000000B	; max steprate 00b, no sso
  814 E3A2  16 80       	LD D,10000000B	; max steprate 00b, use sso
  815 E3A4  06 00       	LD B,0		; set steprate
  816 E3A6  CD F021     	CALL MFLOP
  817                   	
  818 E3A9  C3 E405     	JP GOCPM	; start CP/M
  819                   
  820                   ;-----------------------------------------------------------------------------
  821                   ; Warm boot
  822                   
  823 E3AC              WBOOT:	; write physical sector buffer to disk if changed
  824 E3AC  3A E852     	LD A,(BUFCHG)
  825 E3AF  B7          	OR A
  826 E3B0  CA E3B6     	JP Z,WBOO1
  827                   
  828 E3B3  CD E6FB     	CALL PUTPHS	; normalerweise ist Schreibvorgang
  829                   			; nach einem Direktoryzugriff abgeschlossen
  830                   			; ACHTUNG BUG!? PUTPHS nur fuer Mini/DD-Laufwerke
  831                   			; Bei einem anderen Laufwerk geht das wohl schief
  832                   			
  833 E3B6  3E FF       WBOO1:	LD A,0FFH	; alle Tracks ungueltig, bei Diskettenwechsel wichtig
  834 E3B8  32 E853     	LD (CURDRV),A
  835                   
  836 E3BB  31 0080     	LD SP,BUFF	; Stack zuweisen
  837 E3BE  0E 05       	LD C,RETRY	; Anzahl der Versuche
  838 E3C0  C5          	PUSH BC		; und dann anfangen zu booten
  839                   
  840 E3C1              WBOO2:	; loop, load CP/M
  841 E3C1  01 CC00     	LD BC,CPMB	; Init load address to CPM start address
  842 E3C4  CD E4BF     	CALL SETDMA
  843 E3C7  0E 00       	LD C,BTDRV	; drive 0 (or BTDRV)
  844 E3C9  CD E452     	CALL SELDSK
  845 E3CC  0E 00       	LD C,0		; track 0
  846 E3CE  CD E49C     	CALL SETTRK
  847 E3D1  0E 08       	LD C,BTSEC	; start with first logical sector behind physical boot sector
  848 E3D3  CD E4A1     	CALL SETSEC	; (depends on the number of logical sectors per phyiscal sector)
  849 E3D6  C1          	POP BC
  850 E3D7  06 2C       	LD B,NSECTS	; number of sectors for CP/M without BIOS, do not overwrite BIOS
  851                   			; to preserve patches.
  852                   
  853                   	;LD C,'1'
  854                   	;CALL MCONOUT
  855                   
  856 E3D9              WBOO3:	; sector read loop
  857 E3D9  C5          	PUSH BC
  858 E3DA  CD E4E2     	CALL READ	; read logical secor
  859 E3DD  C2 E432     	JP NZ,BOOTERR	; -> error
  860                   	
  861 E3E0  2A E85C     	LD HL,(IOD)	; increment DMA address by 128
  862 E3E3  11 0080     	LD DE,128
  863 E3E6  19          	ADD HL,DE
  864 E3E7  22 E85C     	LD (IOD),HL
  865 E3EA  3A E85B     	LD A,(IOS)	; check for end of track
  866 E3ED  FE 27       	CP BTSECN-1
Z80ASM SuperFast Relocating Macro Assembler     	    Z80ASM 1.32 Page  11
NBIOS10 Z80

  867 E3EF  DA E3FC     	JP C,WBOO4
  868                   
  869                   	; next track, Caution! track scheme is hardcoded !!!
  870 E3F2  3A E85A     	LD A,(IOT)	; increment track
  871 E3F5  3C          	INC A	  	; jedoch im Verfahren 0,2,...
  872 E3F6  3C          	INC A		; SPUR 0, dann SPUR 2, wegen BOOT.ASM
  873 E3F7  32 E85A     	LD (IOT),A	; denn 1,3,5 ist die Rueckseite des Laufwerks
  874 E3FA  3E FF       	LD A,0FFH	; 0,1,2,3.... will by incremented to 0
  875                   	
  876 E3FC  3C          WBOO4:	INC A
  877 E3FD  32 E85B     	LD (IOS),A	; set new sector
  878                   	
  879 E400  C1          	POP BC		; Schleifenzaehler zuruech
  880 E401  05          	DEC B		; und immer weiter lesen
  881 E402  C2 E3D9     	JP NZ,WBOO3	; -> read next sector
  882                   	
  883                   	;---------------------------------------------------------------------
  884                   
  885 E405  01 0080     GOCPM:	LD BC,BUFF	; Buffer auf Default einstellen
  886 E408  CD E4BF     	CALL SETDMA	; so wie es CP/M braucht
  887                   	
  888 E40B  3E C3       	LD A,0C3H	; Sprung auf den WARM-Boot im
  889 E40D  32 0000     	LD (JWARM),A	; RAM ablegen.
  890 E410  21 E203     	LD HL,WBOOTE	; Warm-Boot-Adresse
  891 E413  22 0001     	LD (JWARM+1),HL	; nicht vergessen
  892                   	
  893 E416  32 0005     	LD (JBDOS),A	; Sprung auf die BDOS-CALL-Adresse
  894 E419  21 D406     	LD HL,BDOS	; legen und auch das Ziel
  895 E41C  22 0006     	LD (JBDOS+1),HL	; dorthin
  896                   	
  897 E41F  32 0038     	LD (JRST7),A	; RST7 definieren, default ist Monitor
  898 E422  21 F01E     	LD HL,MSTART	; der aber normalerweise kurzgeschl. ist.
  899 E425  22 0039     	LD (JRST7+1),HL		
  900                   	
  901                   	; clear / set last used drive
  902                   	;LD A,BTDRV
  903                   	;LD (CDISK),A
  904                   	;CALL PATF	; patch BDOS close function
  905 E428  CD E742     	CALL PATA	; patch BDOS active drive
  906                   	;CALL PATB
  907                   	
  908 E42B  3A 0004     	LD A,(CDISK)	; das zuletzt verwendete Laufwerk
  909 E42E  4F          	LD C,A		; laden und damit selektieren.
  910 E42F  C3 CC00     	JP CPMB
  911                   
  912                   	;---------------------------------------------------------------------
  913                   
  914 E432              BOOTERR:		; im Fehlerfalle, bei BAD-Sektor.
  915 E432  C1          	POP BC		; erst mal nocheinmal versuchen
  916 E433  0D          	DEC C
  917 E434  CA E43B     	JP Z,BOOTE0	; bis hoffnungslos, dann Fehlermeldung
  918                   	
  919 E437  C5          	PUSH BC
  920 E438  C3 E3C1     	JP WBOO2	; -> try again
  921                   
  922 E43B              BOOTE0:	; Fehlermeldung ausgeben und Monitor neu starten, bzw. WBOOT
  923 E43B  21 E444     	LD HL,ERRMSG
  924 E43E  CD E4D5     	CALL PRMSG
Z80ASM SuperFast Relocating Macro Assembler     	    Z80ASM 1.32 Page  12
NBIOS10 Z80

  925 E441  C3 F01E     	JP MSTART
  926                   
  927 E444              ERRMSG:	; Fehlermeldung
  928 E444  3F 42 4F 4F 	DB '?BOOT',0
  929                   
  930                   ;-----------------------------------------------------------------------------
  931                   ; List status (used by BDOS)
  932                   ; LST state, not used
  933                   
  934 E44A  00          LISTST:	NOP
  935 E44B  AF          	XOR A		; 0 = not ready
  936 E44C  C9          	RET
  937                   
  938                   ;-----------------------------------------------------------------------------
  939                   ; Home drive (used by BDOS)
  940                   
  941 E44D  0E 00       HOME:	LD C,0		; aber nur anwaehlen, nicht
  942 E44F  C3 E49C     	JP SETTRK	; ausfuehren
  943                   
  944                   ;-----------------------------------------------------------------------------
  945                   ; Select disk (used by BDOS)
  946                   ; drive-code in C (0..n-1)
  947                   ; seldsk sets also the parameters for blocking/deblocking and for the phys.
  948                   ; drive parameters. The phys. drive parameters can be request by the new
  949                   ; BIOS function GETPHY.
  950                   
  951 E452  21 0000     SELDSK:	LD HL,0		; und pruefen ob gueltig
  952 E455  79          	LD A,C		; wenn groesser als ndisks
  953 E456  FE 08       	CP NDISKS	; dann nicht ok
  954 E458  D0          	RET NC		; Nummer 0 bis n-1 erscheint in A
  955                   	
  956 E459  32 E859     	LD (DBANK),A
  957                   
  958                   	;POP HL
  959                   	;PUSH HL
  960                   	;CALL DEBSEL
  961                   
  962                   	; get address of DPEx -> HL (= DPBASE + disk number * 16)
  963 E45C  69          	LD L,C		; disk number
  964 E45D  26 00       	LD H,0
  965 E45F  29          	ADD HL,HL	; HL <- HL * 16
  966 E460  29          	ADD HL,HL	
  967 E461  29          	ADD HL,HL	
  968 E462  29          	ADD HL,HL	
  969 E463  11 E239     	LD DE,DPBASE	; add DPBASE
  970 E466  19          	ADD HL,DE
  971                   
  972                   	; get additional deblockling parameters from the end of
  973                   	; the regluar DPBx block
  974 E467  E5          	PUSH HL
  975                   
  976                   	; calc start of addidtion parameters
  977 E468  11 000A     	LD DE,10	; position of DPBx in DPEx
  978 E46B  19          	ADD HL,DE
  979 E46C  5E          	LD E,(HL)
  980 E46D  23          	INC HL
  981 E46E  56          	LD D,(HL)
  982 E46F  EB          	EX DE,HL	; address of DPEx now in HL
Z80ASM SuperFast Relocating Macro Assembler     	    Z80ASM 1.32 Page  13
NBIOS10 Z80

  983 E470  11 000F     	LD DE,15	; length of DPBx
  984 E473  19          	ADD HL,DE
  985                   	
  986                   	; set blocking FLO register
  987 E474  7E          	LD A,(HL)
  988 E475  32 E85E     	LD (BLREG),A
  989 E478  23          	INC HL
  990                   	; set blocking shift
  991 E479  7E          	LD A,(HL)
  992 E47A  32 E85F     	LD (BLPOW),A
  993 E47D  23          	INC HL
  994                   	; set blocking mask
  995 E47E  7E          	LD A,(HL)
  996 E47F  32 E860     	LD (BLMSK),A
  997 E482  23          	INC HL
  998                   
  999                   	; set phys. bytes/sector
 1000 E483  5E          	LD E,(HL)
 1001 E484  23          	INC HL
 1002 E485  56          	LD D,(HL)
 1003 E486  23          	INC HL
 1004 E487  EB          	EX DE,HL
 1005 E488  22 E862     	LD (PHYBYTS),HL
 1006 E48B  EB          	EX DE,HL
 1007                   	; set phys. sectors/track
 1008 E48C  7E          	LD A,(HL)
 1009 E48D  32 E864     	LD (PHYSECS),A
 1010 E490  23          	INC HL
 1011                   	; set phys. tracks/side
 1012 E491  7E          	LD A,(HL)
 1013 E492  32 E865     	LD (PHYTRKS),A
 1014 E495  23          	INC HL
 1015                   	; set phys. sides
 1016 E496  7E          	LD A,(HL)
 1017 E497  32 E866     	LD (PHYSIDS),A
 1018                   	
 1019 E49A  E1          	POP HL
 1020                   
 1021 E49B  C9          	RET
 1022                   
 1023                   ;-----------------------------------------------------------------------------
 1024                   ; Select track (used by BDOS)
 1025                   ; track in C
 1026                   
 1027 E49C  21 E85A     SETTRK:	LD HL,IOT
 1028 E49F  71          	LD (HL),C
 1029 E4A0  C9          	RET
 1030                   
 1031                   ;-----------------------------------------------------------------------------
 1032                   ; Select sector  (used by BDOS)
 1033                   ; sector in C
 1034                   
 1035 E4A1  21 E85B     SETSEC:	LD HL,IOS
 1036 E4A4  71          	LD (HL),C
 1037 E4A5  C9          	RET
 1038                   
 1039                   ;-----------------------------------------------------------------------------
 1040                   ; Sector translation (used by BDOS)
Z80ASM SuperFast Relocating Macro Assembler     	    Z80ASM 1.32 Page  14
NBIOS10 Z80

 1041                   ; sector in C
 1042                   ; skew table in DE (or 0)
 1043                   ; write calculated sector to IOS and L
 1044                   
 1045 E4A6  7A          SECTRAN:LD A,D		; check if skew table != 0
 1046 E4A7  B3                  OR E
 1047 E4A8  CA E4B7             JP Z,SECTR1	; =0, -> no skew
 1048                   
 1049                   	; calc sector offset into skew table
 1050 E4AB  06 00       	LD B,0
 1051 E4AD  EB          	EX DE,HL
 1052 E4AE  09          	ADD HL,BC	; sector in C
 1053 E4AF  7E          	LD A,(HL)	; load skew value
 1054 E4B0  32 E85B     	LD (IOS),A	; save in IOS 
 1055 E4B3  6F          	LD L,A		; and in L
 1056 E4B4  26 00               LD H,0		; was missing *dg* 27.07.2026
 1057 E4B6  C9          	RET
 1058                   
 1059 E4B7              SECTR1:	; no skew, return sector
 1060 E4B7  69          	LD L,C		; sector in C
 1061 E4B8  79                  LD A,C
 1062 E4B9  32 E85B             LD (IOS),A	; save in IOS
 1063 E4BC  26 00               LD H,0
 1064 E4BE  C9                  RET
 1065                   
 1066                   ;-----------------------------------------------------------------------------
 1067                   ; Set DMA address (used by BDOS)
 1068                   ; address in BC
 1069                   
 1070 E4BF  69          SETDMA:	LD L,C
 1071 E4C0  60          	LD H,B
 1072 E4C1  22 E85C     	LD (IOD),HL
 1073 E4C4  C9          	RET
 1074                   
 1075                   ;-----------------------------------------------------------------------------
 1076                   ; returns the physical drive parameters for the current drive
 1077                   
 1078                   ; HL = bytes/sector (1..n)
 1079                   ; D  = highest sectors/track (0..n-1)
 1080                   ; C  = highest tracks/side (0..n-1)
 1081                   ; E  = sides (1..n)
 1082                   
 1083 E4C5  2A E862     GETPHY:	LD HL,(PHYBYTS)
 1084 E4C8  3A E864     	LD A,(PHYSECS)
 1085 E4CB  57          	LD D,A
 1086 E4CC  3A E865     	LD A,(PHYTRKS)
 1087 E4CF  4F          	LD C,A
 1088 E4D0  3A E866     	LD A,(PHYSIDS)
 1089 E4D3  5F          	LD E,A
 1090 E4D4  C9          	RET
 1091                   
 1092                   ;-----------------------------------------------------------------------------
 1093                   ; 0-terminerte Text ausgaben, Adresse in HL
 1094                   
 1095 E4D5  7E          PRMSG: 	LD A,(HL)
 1096 E4D6  B7          	OR A
 1097 E4D7  C8          	RET Z		; -> end of text
 1098                   	
Z80ASM SuperFast Relocating Macro Assembler     	    Z80ASM 1.32 Page  15
NBIOS10 Z80

 1099 E4D8  E5          	PUSH HL
 1100 E4D9  4F          	LD C,A
 1101 E4DA  CD F009     	CALL MCONOUT
 1102 E4DD  E1          	POP HL
 1103 E4DE  23          	INC HL
 1104 E4DF  C3 E4D5     	JP PRMSG	; -> next char
 1105                   
 1106                   ;=============================================================================
 1107                   ; Read and write sector using MFLOP into monitor
 1108                   
 1109                   ;-----------------------------------------------------------------------------
 1110                   ; Read sector
 1111                   
 1112                   ; Buffer (DMA address) in IOD
 1113                   ; Drive in DBANK (0..n-1)
 1114                   ; Track in IOT (0..n-1 * side)
 1115                   ; Sector in IOS (0..n-1)
 1116                   
 1117 E4E2              READ:
 1118         FFFF      	IF NEWIDE
 1119 E4E2  AF          	XOR A
 1120 E4E3  32 E861     	LD (ISIDE),A
 1121                   	ENDIF
 1122                   
 1123 E4E6  3A E859     	LD A,(DBANK)
 1124 E4E9  FE 08       	CP 8
 1125 E4EB  30 1A       	JR NC,RDERR	; DBANK >= 8 -> does not exist
 1126                   	
 1127                   	; DBANK < 8
 1128 E4ED  3A E85E     	LD A,(BLREG)
 1129 E4F0  E6 30       	AND 00110000B
 1130 E4F2  FE 10       	CP 00010000B
 1131 E4F4  CA E54E     	JP Z,MAXIRD	; -> Maxi disk
 1132                   
 1133 E4F7  3A E859     	LD A,(DBANK)	; drive 0..5
 1134 E4FA  FE 04       	CP 4
 1135 E4FC  DA E5F8     	JP C,MINIRD	; A < 4 -> Mini disk
 1136                   	
 1137                   	;---------------------------------------------------------------------
 1138                   	; A >= 4, Read RAM disk
 1139                   
 1140         0000      	if NOT NEWIDE
 1145                   	ELSE		; NEWIDE
 1146                   	
 1147 E4FF  3E 01       	LD A,1
 1148 E501  32 E861     	LD (ISIDE),A
 1149 E504  DA E5F8     	JP C,MINIRD
 1150                   	
 1151                   	ENDIF		; NEWIDE
 1152                   
 1153                   	; error
 1154 E507  3E 01       RDERR:	LD A,1		; Fehler da, Bank nicht vorhanden,
 1155 E509  C9          	RET		; wirkt wie BAD-Sektor
 1156                   
 1157                   	;---------------------------------------------------------------------
 1158                   	
 1159 E50A  AF          NOERR:	XOR A		; sonst ok.
 1160 E50B  C9          	RET
Z80ASM SuperFast Relocating Macro Assembler     	    Z80ASM 1.32 Page  16
NBIOS10 Z80

 1161                   
 1162                   	;---------------------------------------------------------------------
 1163                   	; Calculate address for ram disk, source in HL
 1164                   	; SEKTOR 0..E,  TRAck 0..5fh
 1165                   	; SSSSTTTT T0000000   , adresse fuer RAM-Floppy
 1166 E50C  3A E85A     ADRERZ:	LD A,(IOT)		; Track holen
 1167 E50F  0F           	RRCA 			; und umrechnen
 1168 E510  E6 0F        	AND 0FH			; unterer Teil vom MSB
 1169 E512  67           	LD H,A
 1170 E513  3A E85B      	LD A,(IOS)		; dann Sektor dazu
 1171 E516  07           	RLCA
 1172 E517  07           	RLCA
 1173 E518  07           	RLCA
 1174 E519  07           	RLCA
 1175 E51A  E6 F0        	AND 0F0H
 1176 E51C  B4           	OR H
 1177 E51D  67           	LD H,A			; damit sssstttt ok
 1178 E51E  3A E85A      	LD A,(IOT)
 1179 E521  0F           	RRCA			; txxxxxxx
 1180 E522  E6 80        	AND 80H
 1181 E524  6F           	LD L,A			; t0000000
 1182 E525  3A E85A      	LD A,(IOT)		; nun noch bank bestimmen, in c und b	
 1183 E528  07           	RLCA			; und dazu msb-Teil des Tracks verwenden
 1184 E529  07           	RLCA			; 0mmttttt
 1185 E52A  07           	RLCA			; Banknummer
 1186 E52B  E6 03        	AND 03H			; 000000mm
 1187 E52D  C6 01       	ADD A,1			; erst ab Bank 1 starten
 1188 E52F  47           	LD B,A			; da BANK 0=CP/M RAM und TPA
 1189 E530  4F           	LD C,A			; ok beide definiert
 1190 E531  C9           	RET
 1191                   
 1192                   ;-----------------------------------------------------------------------------
 1193                     
 1194                   ; Umrechnen fuer Maxi fuer neue Monitor Floppy-Routine
 1195                   ; drive-code -> C
 1196                   
 1197 E532              MAXCAL:	; drive A,B,C,D -> 0001,0010,0100,1000
 1198 E532  3A E859     	LD A,(DBANK)	; 0..3
 1199 E535  3C          	INC A		; -> 1..4
 1200 E536  47          	LD B,A
 1201 E537  37          	SCF		; shift in carry
 1202 E538  17          MAXC2:	RLA
 1203 E539  10 FD       	DJNZ MAXC2
 1204                   	
 1205 E53B  47          	LD B,A
 1206 E53C  3A E85E     	LD A,(BLREG)
 1207 E53F  B0          	OR B
 1208 E540  4F          	LD C,A
 1209                   
 1210 E541  3A E859     	LD A,(DBANK)
 1211 E544  FE 04       	CP 4
 1212 E546  C2 E54D     	JP NZ,MAXC3
 1213                   	
 1214                   	; drive E, side 1
 1215 E549  79          	LD A,C
 1216 E54A  F6 80       	OR 10000000B
 1217 E54C  4F          	LD C,A
 1218                   
Z80ASM SuperFast Relocating Macro Assembler     	    Z80ASM 1.32 Page  17
NBIOS10 Z80

 1219 E54D  C9          MAXC3:	RET
 1220                   
 1221                   ;-----------------------------------------------------------------------------
 1222                   ; Read Maxi disk
 1223                   
 1224 E54E  06 05       MAXIRD:	LD B,RETRY	; Anzahl der Leseversuche
 1225                   
 1226 E550              MAXIR1:	; retry loop
 1227 E550  C5          	PUSH BC		; dann ausfuehren
 1228 E551  2A E85C     	LD HL,(IOD)	; Zieladresse holen
 1229 E554  3A E85A     	LD A,(IOT)	; Spurnummer
 1230 E557  57          	LD D,A	
 1231 E558  3A E85B     	LD A,(IOS)	; Sektornummer
 1232 E55B  5F          	LD E,A
 1233 E55C  06 01       	LD B,1		; Lese-Befehlscode
 1234 E55E  CD E532     	CALL MAXCAL	; vorher Laufwerkscode umrechnen
 1235 E561  CD F021     	CALL MFLOP	; und dann ausfuehren
 1236 E564  C1          	POP BC		; Retry-Zaehler
 1237 E565  C8          	RET Z		; kein Fehler, dann ok zurueck
 1238 E566  05          	DEC B		; sonst nochmals probieren
 1239 E567  C2 E550     	JP NZ,MAXIR1	; -> retry		
 1240                   	
 1241 E56A  3E 01       	LD A,1		; BAD SEKTOR
 1242 E56C  B7          	OR A
 1243 E56D  C9          	RET
 1244                   
 1245                   ;-----------------------------------------------------------------------------
 1246                   ; Write sector using MFLOP into monitor
 1247                   
 1248                   ; Buffer (DMA address) in IOD
 1249                   ; Drive in DBANK (0..n-1)
 1250                   ; Track in IOT (0..n-1)
 1251                   ; Sector in IOS (0..n-1)
 1252                   ; BDOS-Flag in C (0 = standard sector, 1 = directory sector, 2 =  first sector in block)
 1253                   
 1254 E56E              WRITE:
 1255         FFFF      	IF NEWIDE
 1256                   	; reset CF/IDE flag
 1257 E56E  AF          	XOR A
 1258 E56F  32 E861     	LD (ISIDE),A
 1259                   	ENDIF
 1260                   	
 1261 E572  3A E859     	LD A,(DBANK)
 1262 E575  FE 08       	CP 8
 1263 E577  30 1A       	JR NC,WRERR	; DBANK >= 8 -> does not exist
 1264                   	
 1265                   	; DBANK < 8
 1266 E579  3A E85E     	LD A,(BLREG)
 1267 E57C  E6 30       	AND 00110000B
 1268 E57E  FE 10       	CP 00010000B
 1269 E580  CA E596     	JP Z,MAXIWR	; -> Maxi disk
 1270                   
 1271 E583  3A E859     	LD A,(DBANK)	; drive 0..3
 1272 E586  FE 04       	CP 4
 1273 E588  DA E63D     	JP C,MINIWR	; A < 4 -> Mini disk
 1274                   	
 1275                   	;---------------------------------------------------------------------
 1276                   	; A >= 4, Write RAM disk
Z80ASM SuperFast Relocating Macro Assembler     	    Z80ASM 1.32 Page  18
NBIOS10 Z80

 1277                   
 1278         0000      	if NOT NEWIDE
 1283                   	ELSE		; NEWIDE
 1284                   
 1285 E58B  3E 01       	LD A,1
 1286 E58D  32 E861     	LD (ISIDE),A
 1287 E590  DA E63D     	JP C,MINIWR
 1288                   	
 1289                   	ENDIF		; NEWIDE
 1290                   
 1291                   	; error
 1292 E593  3E 01       WRERR:	LD A,1		; Fehler da, Bank nicht vorhanden,
 1293 E595  C9          	RET		; wirkt wie BAD-Sektor
 1294                   
 1295                   	;---------------------------------------------------------------------
 1296                   	; Write Maxi disk
 1297                   
 1298 E596  06 05       MAXIWR:	LD B,RETRY
 1299                   
 1300 E598  C5          MAXIW1:	PUSH BC		; Dazu Fehlerzaehler retten
 1301                   
 1302 E599  2A E85C     	LD HL,(IOD)	; Quelleadresse laden
 1303                   	
 1304 E59C  3A E85A     	LD A,(IOT)	; Spur
 1305 E59F  57          	LD D,A
 1306                   	
 1307 E5A0  3A E85B     	LD A,(IOS)	; Sektor
 1308 E5A3  5F          	LD E,A
 1309                   	
 1310 E5A4  06 02       	LD B,2		; Schreib-Befehlscode
 1311 E5A6  CD E532     	CALL MAXCAL	; vorher Laufwerk umrechnen
 1312 E5A9  CD F021     	CALL MFLOP	; und ausfuehren
 1313 E5AC  C1          	POP BC	
 1314 E5AD  C8          	RET Z		; -> no error
 1315                   	
 1316 E5AE  05          	DEC B
 1317 E5AF  C2 E598     	JP NZ,MAXIW1	; -> retry
 1318                   	
 1319 E5B2  3E 01       	LD A,1		; bad sector
 1320 E5B4  B7          	OR A
 1321 E5B5  C9          	RET
 1322                   
 1323                   ;-----------------------------------------------------------------------------
 1324                   ; Flush current sector buffer
 1325                   
 1326         0000      	IF FALSE
 1337                   	ENDIF	; FALSE
 1338                   
 1339                   ;=============================================================================
 1340                   ; Read Mini disk, 80 Spur, DD, DS
 1341                   
 1342                   ;READ und WRITE unter Verwendung von MEXEC
 1343                   ; HL=DMA ADR
 1344                   ; DE=TRACK/SECTOR
 1345                   ; B=0 RSTORE
 1346                   ;   1 READ
 1347                   ;   2 WRITE
 1348                   ; C=DRIVE 0...3  10H,11H,12H,13H  DOUBMIN 0D0H,0D1H,0D2H,0D3H
Z80ASM SuperFast Relocating Macro Assembler     	    Z80ASM 1.32 Page  19
NBIOS10 Z80

 1349                   ;                                          A   C    B    D
 1350                   
 1351         FC00      PHSBUF	EQU 0FC00H	; Memory area of interactive Monitor for logical sector (1K)
 1352                   
 1353                   ;-----------------------------------------------------------------------------
 1354                   ; Calculates physical drive from DBANK and IOT -> C
 1355                   ; only for Mini disks
 1356                   
 1357                   ; DBANK, IOT     C
 1358                   ;  0     F    -> 0
 1359                   ;  1     F    -> 2
 1360                   ;  0     B    -> 1
 1361                   ;  1     B    -> 3
 1362                   
 1363                   ; muss fuer Minidisk C und D erweitert werden
 1364                   
 1365                   ; drive number (0..n-1) -> C, Bit 0..3
 1366                   ; side -> (0..n-1) -> C, Bit 7
 1367                   
 1368                   ; calculates physical sector from logical sector, IOS -> E
 1369                   ; logical sector 0..39 -> physical sector 1..5
 1370                   
 1371                   ; calculates logical track from physical track, IOT -> D
 1372                   ; 0..159 -> 0..79 (max 127)
 1373                   
 1374 E5B6              MINCAL:	; logical sector to physical sector
 1375                   	; get drive specific factor
 1376 E5B6  3A E85F     	LD A,(BLPOW)
 1377 E5B9  A7          	AND A
 1378 E5BA  28 0A       	JR Z,MINIC4	; -> factor = 0
 1379                   
 1380 E5BC  47          	LD B,A		; factor
 1381 E5BD  3A E85B     	LD A,(IOS)	; logical sector
 1382 E5C0  CB 3F       MINIC2:	SRL A
 1383 E5C2  10 FC       	DJNZ MINIC2
 1384                   	
 1385 E5C4  18 03       	JR MINIC5
 1386                   
 1387 E5C6              MINIC4:	; factor = 0
 1388 E5C6  3A E85B     	LD A,(IOS)
 1389                   
 1390 E5C9  3C          MINIC5:	INC A		; sector number starts with 1
 1391 E5CA  5F          	LD E,A		; save in E
 1392                   
 1393         FFFF      	IF NEWIDE
 1394                   	
 1395 E5CB  3A E861     	LD A,(ISIDE)
 1396 E5CE  A7          	AND A
 1397 E5CF  28 09       	JR Z,MINC5A	; -> no CF/IDE drive
 1398                   
 1399                   	; -> is CF/IDE drive, no drive or track translation
 1400 E5D1  3A E859     	LD A,(DBANK)
 1401 E5D4  4F          	LD C,A
 1402 E5D5  3A E85A     	LD A,(IOT)
 1403 E5D8  57          	LD D,A
 1404 E5D9  C9          	RET
 1405                   
 1406 E5DA              MINC5A:
Z80ASM SuperFast Relocating Macro Assembler     	    Z80ASM 1.32 Page  20
NBIOS10 Z80

 1407                   	ENDIF
 1408                   
 1409                   	; drive A,B,C,D -> 0001,0010,0100,1000
 1410 E5DA  3A E859     	LD A,(DBANK)	; 0..3
 1411 E5DD  3C          	INC A		; -> 1..4
 1412 E5DE  47          	LD B,A
 1413 E5DF  AF          	XOR A
 1414 E5E0  37          	SCF		; shift in carry
 1415 E5E1  17          MINIC6:	RLA
 1416 E5E2  10 FD       	DJNZ MINIC6
 1417                   
 1418 E5E4  47          	LD B,A
 1419 E5E5  3A E85E     	LD A,(BLREG)
 1420 E5E8  B0          	OR B
 1421 E5E9  4F          	LD C,A
 1422                   
 1423 E5EA  3A E85A     	LD A,(IOT)
 1424 E5ED  CB 3F       	SRL A		; Track / 2, Bit0 -> Carry (side 1)
 1425 E5EF  57          	LD D,A		; Track merken
 1426 E5F0  D2 E5F7     	JP NC,MINIC7	; -> side 0
 1427                   
 1428                   	; side
 1429 E5F3  79          	LD A,C
 1430 E5F4  F6 80       	OR 10000000B	; side 1 flag
 1431 E5F6  4F          	LD C,A
 1432                   	
 1433 E5F7              MINIC7:	; D=track, E=sector, C=drive-code + side
 1434 E5F7  C9          	RET
 1435                   
 1436                   ;-----------------------------------------------------------------------------
 1437                   ; Lookup table, table in HL, offset in A
 1438                   
 1439         0000      	IF FALSE
 1449                   	ENDIF
 1450                   	
 1451                   ;-----------------------------------------------------------------------------
 1452                   ; Read Mini disk
 1453                   ; DBANK, IOT, IOS,
 1454                   
 1455 E5F8  CD E5B6     MINIRD:	CALL MINCAL	; calc physical drive and sector data for compare
 1456                   
 1457 E5FB  3A E853     	LD A,(CURDRV)
 1458 E5FE  B9          	CP C		; compare drive + side
 1459 E5FF  C2 E618     	JP NZ,MINIR2	; -> drive not equal, load sector
 1460                   	
 1461 E602  3A E856     	LD A,(CURTRK)
 1462 E605  BA          	CP D		; compare track
 1463 E606  C2 E618     	JP NZ,MINIR2	; -> track not equal, load sector
 1464                   	
 1465 E609  3A E857     	LD A,(CURSEC)
 1466 E60C  BB          	CP E		; compare sector
 1467 E60D  C2 E618     	JP NZ,MINIR2	; -> sector not equal, load sector
 1468                   
 1469                   	; blocking / deblocking
 1470                   
 1471 E610              MINIR1:	; actual physical sector is now in buffer PHSBUF
 1472                   
 1473 E610  CD E69C     	CALL CALCPHS	; (PHSBUF+offset) -> DE, (IOD) -> HL, BC = 128
Z80ASM SuperFast Relocating Macro Assembler     	    Z80ASM 1.32 Page  21
NBIOS10 Z80

 1474 E613  EB          	EX DE,HL
 1475 E614  ED B0       	LDIR		; (DE++) <- (HL++), BC--
 1476                   			; (IOD) <- (PHSBUF+offset), 128 Byte
 1477                   
 1478 E616  AF          	XOR A
 1479 E617  C9          	RET		; -> finished without error
 1480                   
 1481 E618              MINIR2:	; neuen Sektor laden, ggf. alten zurueckschreiben
 1482 E618  3A E852     	LD A,(BUFCHG)
 1483 E61B  B7          	OR A
 1484 E61C  CA E625     	JP Z,MINIR3
 1485                   
 1486 E61F  CD E6FB     	CALL PUTPHS	; ALTEN ZURUECKSCHREIBEN
 1487 E622  DA E698     	JP C,ERRIO
 1488                   	
 1489 E625  CD E5B6     MINIR3:	CALL MINCAL	; BERECHNEN
 1490                   
 1491 E628  79          	LD A,C
 1492 E629  32 E853     	LD (CURDRV),A
 1493 E62C  7B          	LD A,E
 1494 E62D  32 E857     	LD (CURSEC),A
 1495 E630  7A          	LD A,D
 1496 E631  32 E856     	LD (CURTRK),A
 1497 E634  CD E6B7     	CALL GETPHS	; neuen Sektor lesen
 1498 E637  DA E698     	JP C,ERRIO	; Fehler aufgetreten
 1499                   	
 1500 E63A  C3 E610     	JP MINIR1
 1501                   
 1502                   ;-----------------------------------------------------------------------------
 1503                   ; Write Mini disk
 1504                   ; BDOS-Flag in C
 1505                   
 1506 E63D  79          MINIWR:	LD A,C
 1507 E63E  32 E858     	LD (ISDIR),A	; flag for Directory Write (1=write)
 1508                   
 1509 E641  CD E5B6     	CALL MINCAL	; calc physical sector and drive data for compare
 1510                   
 1511 E644  3A E853     	LD A,(CURDRV)	; und wie bei MINIRD
 1512 E647  B9          	CP C		;
 1513 E648  C2 E673     	JP NZ,MINIW3	; other drive -> load sector
 1514                   
 1515 E64B  3A E856     	LD A,(CURTRK)
 1516 E64E  BA          	CP D
 1517 E64F  C2 E673     	JP NZ,MINIW3	; other track -> load sector
 1518                   
 1519 E652  3A E857     	LD A,(CURSEC)
 1520 E655  BB          	CP E
 1521 E656  C2 E673     	JP NZ,MINIW3	; other sector -> load sector
 1522                   
 1523                   	; blocking / deblocking
 1524                   	
 1525 E659              MINIW1:	; actual physical sector is now in PHSBUF
 1526                   
 1527 E659  CD E69C     	CALL CALCPHS	; (PHSBUF+offset) -> DE, (IOD) -> HL, BC = 128
 1528 E65C  ED B0       	LDIR		; (DE++) <- (HL++), BC--
 1529                   			; (PHSBUF+Offset) <- (IOD), 128 Byte
 1530 E65E  3E 01       	LD A,1
 1531 E660  32 E852     	LD (BUFCHG),A	; set buffer changed flag
Z80ASM SuperFast Relocating Macro Assembler     	    Z80ASM 1.32 Page  22
NBIOS10 Z80

 1532                   	
 1533 E663  3A E858     	LD A,(ISDIR)
 1534 E666  FE 01         	CP 1
 1535 E668  C2 E671     	JP NZ,MINIW2	; -> no directory sector
 1536                   
 1537                   	; directory sector: do not cache
 1538 E66B  CD E6FB     	CALL PUTPHS 
 1539 E66E  DA E698     	JP C,ERRIO	; if error then bad sector
 1540                   
 1541 E671              MINIW2:	; -> finished without error
 1542 E671  AF          	XOR A
 1543 E672  C9          	RET
 1544                   
 1545 E673              MINIW3:	; load new sector, write current if changed
 1546 E673  3A E852     	LD A,(BUFCHG)
 1547 E676  B7          	OR A
 1548 E677  CA E680     	JP Z,MINIW4
 1549                   	
 1550 E67A  CD E6FB     	CALL PUTPHS	; write current sector to disk
 1551 E67D  DA E698     	JP C,ERRIO
 1552                   	
 1553 E680  CD E5B6     MINIW4:	CALL MINCAL	; calc physical drive and sector data
 1554 E683  79          	LD A,C
 1555 E684  32 E853     	LD (CURDRV),A
 1556 E687  7B          	LD A,E
 1557 E688  32 E857     	LD (CURSEC),A
 1558 E68B  7A          	LD A,D
 1559 E68C  32 E856     	LD (CURTRK),A
 1560 E68F  CD E6B7     	CALL GETPHS
 1561 E692  DA E698     	JP C,ERRIO
 1562                   
 1563                   	; no error
 1564 E695  C3 E659     	JP MINIW1
 1565                   
 1566                   ;-----------------------------------------------------------------------------
 1567                   
 1568 E698  3E 01       ERRIO:	LD A,1	; Fehler aufgetreten
 1569 E69A  B7          	OR A
 1570 E69B  C9          	RET
 1571                   
 1572                   ;-----------------------------------------------------------------------------
 1573                   ; Calculates the pointer into PHSBUF based on sector number in IOS
 1574                   ; (PHSBUF + offset) -> DE
 1575                   ; (IOD) -> HL
 1576                   ; 128 -> BC (logical sector length)
 1577                   
 1578 E69C              CALCPHS:
 1579 E69C  3A E860     	LD A,(BLMSK)
 1580 E69F  47          	LD B,A
 1581                   
 1582 E6A0  3A E85B     	LD A,(IOS)	; logical sector number (0..n-1)
 1583 E6A3  A0          	AND B
 1584 E6A4  57          	LD D,A		; load to high-byte (mul 256)
 1585 E6A5  1E 00       	LD E,0
 1586 E6A7  CB 2A       	SRA D		; div/2 by shift right
 1587 E6A9  CB 1B       	RR E
 1588                   	; now we have (IOS mod SECSIZE) * 128 in DE
 1589 E6AB  21 FC00     	LD HL,PHSBUF
Z80ASM SuperFast Relocating Macro Assembler     	    Z80ASM 1.32 Page  23
NBIOS10 Z80

 1590 E6AE  19          	ADD HL,DE	; pointer into PHSBUF in DE
 1591                   	
 1592         FFFF      	IF DEBOUT
 1593                   	;LD C,'['
 1594                   	;CALL MCONOUT
 1595                   	;CALL DEBX16
 1596                   	;LD C,']'
 1597                   	;CALL MCONOUT
 1598                   	ENDIF
 1599                   	
 1600 E6AF  EB          	EX DE,HL
 1601 E6B0  2A E85C     	LD HL,(IOD)
 1602 E6B3  01 0080     	LD BC,128
 1603 E6B6  C9          	RET
 1604                   
 1605                   	;LD HL,PHSBUF
 1606                   	;LD A,(IOS)	; PHSBUF + ((0..39) MOD 8) * 128
 1607                   	;AND 00000111b	; 0..7 (mod 8)
 1608                   	;LD D,A		; * 256 (low byte is written into the high byte)
 1609                   	;LD E,0
 1610                   	;SRA D		; div/2 by shift right
 1611                   	;RR E
 1612                   	;ADD HL,DE	; HL = source (PHSBUF+offset)
 1613                   	;EX DE,HL	; DE = source
 1614                   	;LD HL,(IOD)	; HL = dest (IOD)
 1615                   	;EX DE,HL	; DE = dest, HL = source
 1616                   	;LD BC,128	; logical sector length
 1617                   	;LDIR		; (DE++) <- (HL++), BC--
 1618                   			; (IOD) <- (PHSBUF+offset), 128 Byte
 1619                   	;XOR A
 1620                   	;RET		; -> finished without error
 1621                   
 1622                   ;-----------------------------------------------------------------------------
 1623                   ; Read physical sector to PHSBUF
 1624                   ; Mini disk only
 1625                   ; TRKAKT,SEKAKT,DRVAKT ENTHALTEN NEUE BUFFERADRESSE
 1626                   
 1627 E6B7              GETPHS:	; reset buffer changed flag
 1628 E6B7  AF          	XOR A		
 1629 E6B8  32 E852     	LD (BUFCHG),A
 1630                   
 1631         FFFF      	IF NEWIDE
 1632                   	
 1633 E6BB  3A E861     	LD A,(ISIDE)
 1634 E6BE  A7          	AND A
 1635 E6BF  20 19       	JR NZ,GETIDE	; -> CF/IDE drive
 1636                   	
 1637                   	ENDIF
 1638                   
 1639                   	; floppy drive
 1640 E6C1  21 FC00     	LD HL,PHSBUF	; buffer address for data
 1641 E6C4  3A E857     	LD A,(CURSEC)
 1642 E6C7  5F          	LD E,A
 1643 E6C8  3A E853     	LD A,(CURDRV)	; bit0..3 and side in bit7
 1644 E6CB  4F          	LD C,A
 1645 E6CC  06 01       	LD B,1		; 1 = read
 1646 E6CE  3A E856     	LD A,(CURTRK)
 1647 E6D1  57          	LD D,A
Z80ASM SuperFast Relocating Macro Assembler     	    Z80ASM 1.32 Page  24
NBIOS10 Z80

 1648                   	
 1649 E6D2  CD F021     	CALL MFLOP	; -> new floppy routine
 1650 E6D5  DA E6F9     	JP C,PHSERR
 1651                   
 1652                   	;IF DEBOUT
 1653                   	;CALL DEBPHY
 1654                   	;ENDIF
 1655                   	
 1656                   	; no error
 1657 E6D8  AF          	XOR A
 1658 E6D9  C9          	RET
 1659                   
 1660                   	;---------------------------------------------------------------------
 1661                   
 1662         FFFF      	IF NEWIDE
 1663                   
 1664 E6DA              GETIDE:	; handle CD/IDE drive
 1665                   
 1666                   	; NEWIDE LBA assignment (8192K):
 1667                   	; 00000000 00000000 00000000
 1668                   	; 0000000d dsssssss tttttttt
 1669                   	;        E        B        C
 1670                   
 1671                   	; LBA0..7 -> C
 1672 E6DA  3A E856     	LD A,(CURTRK)
 1673 E6DD  4F          	LD C,A		; LBA0..7 -> B
 1674                   
 1675 E6DE  3A E853     	LD A,(CURDRV)
 1676 E6E1  D6 04       	SUB A,4		; drive 4..7 -> drive 0..3
 1677 E6E3  5F          	LD E,A
 1678 E6E4  CB 3B       	SRL E		; drive bit 1 -> bit 0, bit 0 -> carry
 1679                   			; LBA16..23 -> E
 1680                   
 1681 E6E6  06 00       	LD B,0
 1682 E6E8  CB 18       	RR B		; carry -> bit 7
 1683 E6EA  3A E857     	LD A,(CURSEC)
 1684 E6ED  3D          	DEC A		; phys sect. starts wird 1
 1685 E6EE  B0          	OR B
 1686 E6EF  47          	LD B,A		; LBA8..15 -> B
 1687                   
 1688 E6F0  21 FC00     	LD HL,PHSBUF
 1689                   
 1690                   	;LD D,'R'
 1691                   	;CALL DEBIDE	; debug output
 1692                   
 1693 E6F3  CD F02A     	CALL MIDERD	; read sector to CD/IDE
 1694 E6F6  E6 01       	AND 01h
 1695 E6F8  C9          	RET
 1696                   
 1697                   	ENDIF
 1698                   
 1699                   ;-----------------------------------------------------------------------------
 1700                   
 1701 E6F9              PHSERR:	
 1702                   	;IF DEBOUT
 1703                   	;LD C,'*'
 1704                   	;CALL MCONOUT
 1705                   	;ENDIF
Z80ASM SuperFast Relocating Macro Assembler     	    Z80ASM 1.32 Page  25
NBIOS10 Z80

 1706                   
 1707 E6F9  37          	SCF
 1708 E6FA  C9          	RET
 1709                   
 1710                   ;-----------------------------------------------------------------------------
 1711                   ; Write PHSBUF to physical sector
 1712                   ; Mini disk only
 1713                   
 1714 E6FB              PUTPHS:	; reset buffer changed flag
 1715 E6FB  AF          	XOR A
 1716 E6FC  32 E852     	LD (BUFCHG),A
 1717                   
 1718         FFFF      	IF NEWIDE
 1719                   	
 1720 E6FF  3A E861     	LD A,(ISIDE)
 1721 E702  A7          	AND A
 1722                   	
 1723 E703  20 1C       	JR NZ,PUTIDE	; -> CF/IDE drive
 1724                   	
 1725                   	ENDIF
 1726                   	
 1727                   	; floppy drive
 1728 E705  21 FC00     	LD HL,PHSBUF	; buffer address
 1729 E708  3A E857     	LD A,(CURSEC)
 1730 E70B  5F          	LD E,A
 1731 E70C  3A E853     	LD A,(CURDRV)	; bit0..3 and side in bit7
 1732 E70F  4F          	LD C,A
 1733 E710  06 02       	LD B,2		; 2 = write
 1734 E712  3A E856     	LD A,(CURTRK)
 1735 E715  57          	LD D,A
 1736                   
 1737         FFFF      	IF DEBOUT
 1738 E716  CD E773     	CALL DEBPHY
 1739                   	ENDIF
 1740                   
 1741 E719  CD F021     	CALL MFLOP	; -> new floppy routine
 1742 E71C  DA E6F9     	JP C,PHSERR
 1743                   
 1744                   	; no error
 1745 E71F  AF          	XOR A
 1746 E720  C9          	RET
 1747                   
 1748                   	;---------------------------------------------------------------------
 1749                   
 1750         FFFF      	IF NEWIDE
 1751                   
 1752 E721              PUTIDE:	; handle CD/IDE drive
 1753                   
 1754                   	; NEWIDE LBA assignment (8192K):
 1755                   	; 00000000 00000000 00000000
 1756                   	; 0000000d dsssssss tttttttt
 1757                   	;        E        B        C
 1758                   
 1759                   	; LBA0..7 -> C
 1760 E721  3A E856     	LD A,(CURTRK)
 1761 E724  4F          	LD C,A		; LBA0..7 -> B
 1762                   
 1763 E725  3A E853     	LD A,(CURDRV)
Z80ASM SuperFast Relocating Macro Assembler     	    Z80ASM 1.32 Page  26
NBIOS10 Z80

 1764 E728  D6 04       	SUB A,4		; drive 4..7 -> drive 0..3
 1765 E72A  5F          	LD E,A
 1766 E72B  CB 3B       	SRL E		; drive bit 1 -> bit 0, bit 0 -> carry
 1767                   			; LBA16..23 -> E
 1768                   
 1769 E72D  06 00       	LD B,0
 1770 E72F  CB 18       	RR B		; carry -> bit 7
 1771 E731  3A E857     	LD A,(CURSEC)
 1772 E734  3D          	DEC A		; phys sect. starts wird 1
 1773 E735  B0          	OR B
 1774 E736  47          	LD B,A		; LBA8..15 -> B
 1775                   
 1776 E737  21 FC00     	LD HL,PHSBUF
 1777                   
 1778                   	;LD D,'W'
 1779                   	;CALL DEBIDE	; debug output
 1780                   
 1781 E73A  CD F02D     	CALL MIDEWR	; write sector to CD/IDE
 1782 E73D  E6 01       	AND 01h
 1783 E73F  C9          	RET
 1784                   
 1785                   	ENDIF
 1786                   
 1787                   ;-----------------------------------------------------------------------------
 1788                   
 1789                   ; Addresses of IDE-80 CF-Adapter card
 1790                   
 1791         0018      IDEDATA	EQU 018h	; IDE Data Register
 1792         001A      SECCND	EQU 01Ah	; Sector Count Register
 1793         001B      LBA7	EQU 01Bh	; LBA Bits 0-7
 1794         001C      LBA15	EQU 01Ch	; LBA Bits 8-15
 1795         001D      LBA23	EQU 01Dh	; LBA Bits 16-23
 1796         001E      IDEHEAD	EQU 01Eh	; IDE Drive Head Register
 1797         001F      IDESTAT	EQU 01Fh	; IDE Command/Status Register
 1798                   
 1799                   ; IDE/CF physical format: 
 1800                   ; 4 partitions
 1801                   ; 8192 KB bytes/partition 
 1802                   ; 128 bytes/sector
 1803                   ; 256 sectors/track
 1804                   ; 256 tracks
 1805                   ; 128 * 256 * 256 / 1024 = 8192
 1806                   
 1807                   ; old (2048K):
 1808                   ; LBA
 1809                   ; 00000000 00000000 00000000
 1810                   ; 00000000 tttttttt ssssssdd
 1811                   ;        E        B        C
 1812                   
 1813                   ; NEWIDE (8192K):
 1814                   ; LBA
 1815                   ; 00000000 00000000 00000000
 1816                   ; 000000dd tttttttt ssssssss
 1817                   ;        E        B        C
 1818                   
 1819                   ;-----------------------------------------------------------------------------
 1820                   ; Read one 256 byte sector from disk.
 1821                   ; Return a 00h in A if the operation completes properly, and 01h if an error occurs during the read.
Z80ASM SuperFast Relocating Macro Assembler     	    Z80ASM 1.32 Page  27
NBIOS10 Z80

 1822                   ; Disk number in DBANK  (4..7)
 1823                   ; Track number in IOT
 1824                   ; Sector number in IOS
 1825                   ; DMA address in IOD
 1826                   
 1827         0000      	IF NOT NEWIDE
 1877                   	ENDIF		; NEWIDE
 1878                   	
 1879                   ;-----------------------------------------------------------------------------
 1880                   ; Write one 26 byte sector to IDE
 1881                   ; Return a 00h in register A if the operation completes properly, and 0lh if an error occurs during the read or write
 1882                   ; Disk number in DBANK (4..7)
 1883                   ; Track number in IOT (0..n-1)
 1884                   ; Sector number in IOS (0..n-1)
 1885                   ; DMA address in IOD (0-65535)
 1886                   
 1887         0000      	IF NOT NEWIDE
 1924                   	ENDIF		; NEWIDE
 1925                   	
 1926                   ;-----------------------------------------------------------------------------
 1927                   ; Delay loop 40ms..10ms (???)
 1928                   
 1929         0000      	IF FALSE
 1943                   	ENDIF
 1944                   
 1945                   ;------------------------------------------------------------------------------
 1946                   ; Patch BDOS close function
 1947                   
 1948         0000      	IF FALSE
 1964                   	ENDIF
 1965                   
 1966                   ;------------------------------------------------------------------------------
 1967                   ; Patch BDOS drive initialisation
 1968                   
 1969         E08C      PATAADR	EQU BDOSADR + 0C8CH
 1970                   ;BDPADR	EQU	0E043h
 1971 E740  0000        BDACT	DW 0			; BDOS active drive address
 1972                   
 1973 E742  DD 21 E08C  PATA:	LD IX,PATAADR
 1974 E746  DD 7E 00    	LD A,(IX)
 1975 E749  FE AF       	CP 0AFh			; Z80 XOR A
 1976 E74B  20 25       	JR NZ,PATA1		; -> patch data does not match, do not patch
 1977                   	
 1978 E74D  DD 7E 01    	LD A,(IX+1)
 1979 E750  FE 32       	CP 032h			; Z80 LD (abs),A
 1980 E752  20 1E       	JR NZ,PATA1		; -> patch data does not match, do not patch
 1981                   
 1982 E754  DD 7E 02    	LD A,(IX+2)
 1983 E757  6F          	LD L,A
 1984 E758  DD 7E 03    	LD A,(IX+3)
 1985 E75B  67          	LD H,A
 1986 E75C  22 E740     	LD (BDACT),HL
 1987                   
 1988 E75F  DD 36 01 CD 	LD (IX+1),0CDh		; Z80 CALL
 1989 E763  DD 36 02 6B 	LD (IX+2),LOW PATACL
 1990 E767  DD 36 03 E7 	LD (IX+3),HIGH PATACL
 1991                   
 1992                   	;LD C,'+'
Z80ASM SuperFast Relocating Macro Assembler     	    Z80ASM 1.32 Page  28
NBIOS10 Z80

 1993                   	;CALL MCONOUT
 1994                   
 1995                   	;---------------------------------------------------------------------
 1996                   	; BDOS patch: init BDOS active drive
 1997                   
 1998 E76B  2A E740     PATACL:	LD HL,(BDACT)
 1999 E76E  3E 00       	LD A,BTDRV
 2000 E770  77          	LD (HL),A
 2001                   
 2002                   	;PUSH BC
 2003                   	;LD C,'!'
 2004                   	;CALL MCONOUT
 2005                   	;LD A,(ACTIVE)
 2006                   	;ADD '0'
 2007                   	;LD C,A
 2008                   	;CALL MCONOUT
 2009                   	;POP BC
 2010 E771  C9          	RET
 2011                   
 2012 E772              PATA1:	;LD C,'-'
 2013                   	;CALL MCONOUT
 2014 E772  C9          	RET
 2015                   
 2016                   ;-----------------------------------------------------------------------------
 2017                   
 2018         0000      	IF FALSE
 2053                   	ENDIF		; FALSE
 2054                   
 2055                   ;=============================================================================
 2056                   ; Debuging routines
 2057                   
 2058                   ;-----------------------------------------------------------------------------
 2059                   ; Debug Read/Write physical sector
 2060                   ; B=1: read, B=2: write
 2061                   
 2062         FFFF      	IF DEBOUT
 2063                   
 2064 E773  3A E867     DEBPHY:	LD A,(DEBACT)
 2065 E776  E6 01       	AND A,01H
 2066 E778  C8          	RET Z
 2067                   
 2068 E779  C5          	PUSH BC
 2069 E77A  E5          	PUSH HL
 2070 E77B  69          	LD L,C		; save drive code
 2071                   	
 2072 E77C  0E 5B       	LD C,'['
 2073 E77E  CD F009     	CALL MCONOUT
 2074 E781  0E 50       	LD C,'P'
 2075 E783  CD F009     	CALL MCONOUT
 2076                   	
 2077 E786  78          	LD A,B
 2078                   	;PUSH AF
 2079 E787  FE 01       	CP 1		; read
 2080 E789  20 04       	JR NZ,DEBPH1	; -> write
 2081                   
 2082                   	; read
 2083 E78B  0E 52       	LD C,'R'
 2084 E78D  18 02       	JR DEBPH2
Z80ASM SuperFast Relocating Macro Assembler     	    Z80ASM 1.32 Page  29
NBIOS10 Z80

 2085                   
 2086 E78F              DEBPH1:	; write
 2087 E78F  0E 57       	LD C,'W'
 2088                   
 2089 E791  CD F009     DEBPH2:	CALL MCONOUT
 2090                   
 2091 E794  0E 2C       	LD C,','
 2092 E796  CD F009     	CALL MCONOUT
 2093                   
 2094                   	; drive code in L
 2095 E799  7D          	LD A,L
 2096 E79A  E6 8F       	AND 10001111B
 2097                   	;LD H,0
 2098 E79C  CD E82D     	CALL DEBX8
 2099                   
 2100 E79F  0E 2C       	LD C,','
 2101 E7A1  CD F009     	CALL MCONOUT
 2102                   
 2103                   	; track
 2104 E7A4  7A          	LD A,D
 2105 E7A5  CD E82D     	CALL DEBX8
 2106                   
 2107 E7A8  0E 2C       	LD C,','
 2108 E7AA  CD F009     	CALL MCONOUT
 2109                   
 2110                   	; sector
 2111 E7AD  7B          	LD A,E
 2112 E7AE  CD E82D     	CALL DEBX8
 2113                   
 2114 E7B1  0E 5D       	LD C,']'
 2115 E7B3  CD F009     	CALL MCONOUT
 2116                   
 2117                   	;POP AF
 2118                   	;CP 1		; read
 2119                   	;JR NZ,DEBPH3	; -> write
 2120                   
 2121                   	; read
 2122 E7B6  CD E7BC     	CALL DEBLK
 2123                   
 2124 E7B9  E1          DEBPH3:	POP HL
 2125 E7BA  C1          	POP BC
 2126 E7BB  C9          	RET
 2127                   
 2128                   	ENDIF
 2129                   
 2130                   ;-----------------------------------------------------------------------------
 2131                   
 2132         FFFF      	IF DEBOUT
 2133                   
 2134 E7BC  D5          DEBLK:	PUSH DE
 2135                   
 2136 E7BD  0E 3C       	LD C,'<'
 2137 E7BF  CD F009     	CALL MCONOUT
 2138                   
 2139 E7C2  21 FC00     	LD HL,PHSBUF
 2140 E7C5  06 08       	LD B,8
 2141                   
 2142 E7C7              DEBLK1:	; loop B=8..1
Z80ASM SuperFast Relocating Macro Assembler     	    Z80ASM 1.32 Page  30
NBIOS10 Z80

 2143 E7C7  7E          	LD A,(HL)
 2144 E7C8  CD E82D     	CALL DEBX8
 2145 E7CB  0E 2D       	LD C,'-'
 2146 E7CD  CD F009     	CALL MCONOUT
 2147                   
 2148 E7D0  23          	INC HL
 2149 E7D1  7E          	LD A,(HL)
 2150 E7D2  CD E82D     	CALL DEBX8
 2151 E7D5  0E 2D       	LD C,'-'
 2152 E7D7  CD F009     	CALL MCONOUT
 2153                   	
 2154 E7DA  23          	INC HL
 2155 E7DB  7E          	LD A,(HL)
 2156 E7DC  CD E82D     	CALL DEBX8
 2157 E7DF  0E 2C       	LD C,','
 2158 E7E1  CD F009     	CALL MCONOUT
 2159                   
 2160 E7E4  2B          	DEC HL
 2161 E7E5  2B          	DEC HL
 2162 E7E6  11 0080     	LD DE,80H
 2163 E7E9  19          	ADD HL,DE
 2164 E7EA  10 DB       	DJNZ DEBLK1
 2165                   	
 2166 E7EC  0E 3E       	LD C,'>'
 2167 E7EE  CD F009     	CALL MCONOUT
 2168                   
 2169 E7F1  D1          	POP DE
 2170                   	
 2171 E7F2  C9          	RET
 2172                   
 2173                   	ENDIF
 2174                   
 2175                   ;-----------------------------------------------------------------------------
 2176                   ; Debug output (DBANK) (READ/WRITE)
 2177                   
 2178         0000      	IF FALSE
 2203                   	ENDIF
 2204                   
 2205                   ;-----------------------------------------------------------------------------
 2206                   ; Debug SELDRV
 2207                   
 2208         0000      	IF FALSE
 2233                   	ENDIF
 2234                   
 2235                   ;-----------------------------------------------------------------------------
 2236                   ; Display drive, track, sector E,B,C
 2237                   ; D = read, write
 2238                   
 2239         0000      	IF FALSE
 2289                   	ENDIF
 2290                   
 2291                   ;-----------------------------------------------------------------------------
 2292                   ; debug BDOS buffer, first 3 characters
 2293                   ; pointer in DMA, A=0: read, A=1: write
 2294                   
 2295         0000      	IF FALSE
 2348                   	ENDIF
 2349                   
Z80ASM SuperFast Relocating Macro Assembler     	    Z80ASM 1.32 Page  31
NBIOS10 Z80

 2350                   ;=============================================================================
 2351                   ; Debug outputs
 2352                   
 2353         FFFF      	IF DEBOUT
 2354                   
 2355                   ;-----------------------------------------------------------------------------
 2356                   ; Display value in HL as decimal
 2357                   
 2358 E7F3  F5          DEBDEC:	PUSH AF
 2359 E7F4  C5          	PUSH BC
 2360                   
 2361 E7F5  01 D8F0     	LD BC,-10000	; 1. Zehnerpotenz: Zehntausender
 2362 E7F8  CD E815     	CALL DEBDE1
 2363 E7FB  01 FC18     	LD BC,-1000	; 2. Zehnerpotenz: Tausender
 2364 E7FE  CD E815     	CALL DEBDE1
 2365 E801  01 FF9C     	LD BC,-100	; 3. Zehnerpotenz: Hunderter
 2366 E804  CD E815     	CALL DEBDE1
 2367 E807  01 FFF6     	LD BC,-10	; 4. Zehnerpotenz: Zehner
 2368 E80A  CD E815     	CALL DEBDE1
 2369 E80D  0E FF       	LD C,-1		; 5. Zehnerpotenz: Einer (immer ausgeben)
 2370 E80F  CD E815     	CALL DEBDE1
 2371                   	
 2372 E812  C1          	POP BC
 2373 E813  F1          	POP AF
 2374 E814  C9          	RET
 2375                   
 2376                   
 2377 E815  3E 2F       DEBDE1:	LD A,'0' - 1	; Startwert fuer ASCII-Zeichen ('0' minus 1)
 2378                   
 2379 E817  3C          DEBDE2:	INC A		; Zeichen um 1 erhoehen (ASCII-Code weiterzaehlen)
 2380 E818  09          	ADD HL,BC	; Zehnerpotenz abziehen
 2381 E819  38 FC       	JR C,DEBDE2	; Wenn kein Uebertrag (Zahl war groesser), weiter abziehen
 2382                   
 2383 E81B  ED 42       	SBC HL,BC	; Uebertrag korrigieren (zu viel abgezogen, also wieder drauf)
 2384                       
 2385                   	; Das Zeichen (ASCII-Code) befindet sich jetzt im Akkumulator (A).
 2386                   	;PUSH BC	; Register sichern
 2387                   	;PUSH HL
 2388 E81D  4F          	LD C,A		; character to print
 2389 E81E  CD F009     	CALL MCONOUT	; uses A
 2390                   	;POP HL
 2391                   	;POP BC
 2392 E821  C9          	RET
 2393                   
 2394                   ;-----------------------------------------------------------------------------
 2395                   ; Output HL as 4-digit hex string
 2396                   
 2397 E822  F5          DEBX16:	PUSH AF
 2398                   
 2399 E823  7C          	LD A,H
 2400 E824  CD E82D     	CALL DEBX8
 2401 E827  7D          	LD A,L
 2402 E828  CD E82D     	CALL DEBX8
 2403                   	
 2404 E82B  F1          	POP AF
 2405 E82C  C9          	RET
 2406                   
 2407                   ;-----------------------------------------------------------------------------
Z80ASM SuperFast Relocating Macro Assembler     	    Z80ASM 1.32 Page  32
NBIOS10 Z80

 2408                   ; Output A as 2-digit hex string
 2409                   
 2410 E82D  F5          DEBX8:	PUSH AF
 2411 E82E  C5          	PUSH BC
 2412                   
 2413 E82F  F5          	PUSH AF
 2414 E830  CB 3F       	SRL A
 2415 E832  CB 3F       	SRL A
 2416 E834  CB 3F       	SRL A
 2417 E836  CB 3F       	SRL A
 2418 E838  CD E842     	CALL DEBXN
 2419 E83B  F1          	POP AF
 2420 E83C  CD E842     	CALL DEBXN
 2421                   
 2422 E83F  C1          	POP BC
 2423 E840  F1          	POP AF
 2424 E841  C9          	RET
 2425                   
 2426                   ;-----------------------------------------------------------------------------
 2427                   ; Output low-nibble in A 1-digit hex string
 2428                   
 2429 E842  E6 0F       DEBXN:	AND 0Fh
 2430 E844  FE 0A       	CP 0Ah
 2431 E846  38 04       	JR C,DEBXN1
 2432                   	
 2433 E848  C6 37       	ADD A,'A'-10
 2434 E84A  18 02       	JR DEBXN2
 2435                   
 2436 E84C  C6 30       DEBXN1:	ADD A,'0'
 2437                   
 2438 E84E  4F          DEBXN2:	LD C,A
 2439 E84F  C3 F009     	JP MCONOUT
 2440                   
 2441                   ;-----------------------------------------------------------------------------
 2442                   
 2443                   	ENDIF	; DEBOUT
 2444                   
 2445                   ;=============================================================================
 2446                   
 2447                   ; BIOS data area
 2448                   
 2449 E852  00          BUFCHG:	DB 0		; flag if PHSBUF is changed
 2450 E853  FF          CURDRV:	DB 0FFH		; DRIVE das geladen ist
 2451 E854  0000        CURDPB:	DW 0		; current disk parameter block
 2452 E856  00          CURTRK:	DB 0		; TRACK 
 2453 E857  00          CURSEC:	DB 0		; SEKTOR
 2454 E858  00          ISDIR:	DB 0		; 1 = is directory write
 2455                   
 2456 E859  00          DBANK:	DB 0		; selected disk
 2457                   ;IOPB:	DW 1		; address of DPB of selected disk
 2458 E85A  04          IOT:	DB 4		; track number (offset des boot laufwerks)
 2459 E85B  01          IOS:	DB 1		; NUMMER DES GEWUENSCHTEN SEKTORS
 2460 E85C  0080        IOD:	DW BUFF		; DMA-ADRESSE
 2461                   	
 2462                   	; deblocking parameters for current drive
 2463 E85E  01          BLREG:	DB 1		; bits for special FLO register (FLO+4)
 2464 E85F  01          BLPOW:	DB 1		; power (shift) value
 2465 E860  01          BLMSK:	DB 1		; sector mask (modulo value)
Z80ASM SuperFast Relocating Macro Assembler     	    Z80ASM 1.32 Page  33
NBIOS10 Z80

 2466 E861  01          ISIDE	DB 1
 2467                   
 2468                   	; phys. parameters of current drive
 2469 E862  0000        PHYBYTS: DW 0		; bytes/sectors (1..n)
 2470 E864  00          PHYSECS: DB 0		; highest sectors/track (0..n-1)
 2471 E865  00          PHYTRKS: DB 0		; highest tracks per side (0..n-1)
 2472 E866  00          PHYSIDS: DB 0		; sides (1..n)
 2473                   
 2474         FFFF      	IF DEBOUT
 2475 E867  00          DEBACT:	DB 0
 2476                   	ENDIF
 2477                   
 2478                   	;ENDEF		; end macro
 2479                   
 2480                   	; floppy data area (from diskdef.lib)
 2481                   
 2482         E868      BEGDAT	EQU	$
 2483 E868    0080      DIRBUF:	DS	128	;DIRECTORY ACCESS BUFFER
 2484                   
 2485                   	; drive 0
 2486                   
 2487 E8E8    0031      ALV0:	DS	49
 2488 E919    0040      CSV0:	DS	64
 2489                   
 2490                   	; drive 1
 2491                   
 2492         FFFF      	IF DG_B800
 2493 E959    0031      ALV1:	DS	49
 2494 E98A    0040      CSV1:	DS	64
 2495                   	ENDIF
 2496                   
 2497         0000      	IF DG_B144
 2500                   	ENDIF
 2501                   
 2502         0000      	IF DG_B14
 2505                   	ENDIF
 2506                   	
 2507         0000      	IF DG_B12
 2510                   	ENDIF
 2511                   
 2512                   	; drive 2
 2513                   
 2514         FFFF      	IF DG_C800
 2515 E9CA    0031      ALV2:	DS	49
 2516 E9FB    0040      CSV2:	DS	64
 2517                   	ENDIF
 2518                   
 2519         0000      	IF DG_C14
 2522                   	ENDIF
 2523                   	
 2524         0000      	IF DG_C12
 2527                   	ENDIF
 2528                   	
 2529                   	; drive 3
 2530                   
 2531         0000      	IF DG_D800
 2534                   	ENDIF
 2535                   
Z80ASM SuperFast Relocating Macro Assembler     	    Z80ASM 1.32 Page  34
NBIOS10 Z80

 2536         0000      	IF DG_D144
 2539                   	ENDIF
 2540                   
 2541         0000      	IF DG_D14
 2544                   	ENDIF
 2545                   	
 2546         FFFF      	IF DG_D12
 2547 EA3B    002D      ALV3:	DS	45	; PRUEFEN !!!
 2548 EA68    0040      CSV3:	DS	64
 2549                   	ENDIF
 2550                   
 2551         0000      	IF DG_DIBM
 2554                   	ENDIF
 2555                   
 2556                   	; drive 4,5,6,7
 2557                   
 2558         0000      	IF NOT NEWIDE
 2567                   	ELSE
 2568 EAA8    0080      ALV4:	DS	128	; size of each must be (DSM/8)+1
 2569 EB28    0000      CSV4:	DS	0
 2570 EB28    0080      ALV5:	DS	128
 2571 EBA8    0000      CSV5:	DS	0
 2572 EBA8    0080      ALV6:	DS	128
 2573 EC28    0000      CSV6:	DS	0
 2574 EC28    0080      ALV7:	DS	128
 2575 ECA8    0000      CSV7:	DS	0
 2576                   	ENDIF
 2577                   	
 2578         ECA8      ENDDAT	EQU	$
 2579         0440      DATSIZ	EQU	$-BEGDAT
 2580                   
 2581 ECA8              ENDBIOS:
 2582                   
 2583         0AA8      SIZE	EQU ENDBIOS-STARTBIOS
 2584                   
 2585                   	END
 0 Error(s) Detected.
 2728 Absolute Bytes. 204 Symbols Detected.
9                   	ENDIF
 2550                   
 2551         0000      	IF DG_DIBM