Z80ASM SuperFast Relocating Macro Assembler     	    Z80ASM 1.32 Page   1
NBIOS10 Z80

    1                   ;************************************************************************
    2                   ;* NBIOS10.Z80								*
    3                   ;*									*
    4                   ;* basiert auf der Version 3.1 1984 Rolf-Dieter Klein 841220            *
    5                   ;* Urspr|ngliche Version fuer 2 Mini und 2 Maxi Laufwerke		*
    6                   ;*									*
    7                   ;************************************************************************
    8                   ;
    9                   ; PLEASE NOTE THE CHANGED CP/M & BIOS START ADDRESS !!!
   10                   ;
   11                   ; 24.06.2026 *dg* Kommentare hinzugefuegt
   12                   ;                 Binaer identisch zur Origial-Version
   13                   ; 06.07.2026 *dg* V1.0 Erste Aenderungen am BIOS. Alte Monnitor-Routinen werden
   14                   ;                 nicht mehr verwendet. Laufwerksumrechnung gedndert.
   15                   ;                 Version getestet.
   16                   ;                 Alle Aenderungen mit bedingter Assemblierung (Flag MINI3)
   17                   ;                 Testweise den Speicherbereich fuer das BIOS auf E200..EFFF
   18                   ;		  geaendert. CP/M startet dann bei CC00 (58K)
   19                   ; 09.07.2026 *dg* V1.0 Erweitert um 4 IDE/CF-Laufwerke - funktioniert nicht
   20                   ;                 System bootet aber Schreiben auf die IDE-Laufwerke schldgt fehl.
   21                   ; 12.07.2026 *dg* Lesen und Schreiben von CF funktioniert
   22                   ; 31.07.2026 *dg* V1.0 Laufwerk C als HD Laufwerk konfiguriert (1.44 MB)
   23                   ;                 Probleme immer beim ersten Scheiben nach dem Formatieren
   24                   ; 02.08.2026 *dg* Laufwerk B: als 5.25 Zoll HD Laufwerk
   25                   ;		  Funktioniert noch nicht, Format und Laufwerksparameter unklar 
   26                   ; 03.08.2026 *dg* BIOS Debug-Ausgaben per Ctrl-A toggelbar
   27                   ; 06.08.2026 *dg* 5.25 Zoll Format mit 1024*8 funktioniert (1.4 MB)
   28                   ;                 5.25 Zoll Format mit 512*15 funktioniert! (1.2 MB)
   29                   
   30                   ; TODO:
   31                   ; 8080 RRCA ersetzen durch Z80 SLA
   32                   ; Drive-spezifische Tabellen zu den Laufwerkstabellen
   33                   
   34                   ;------------------------------------------------------------------------------
   35                   
   36                   	;MACLIB DISKDEF1	; LOAD DEFINTION FOR DISKS
   37                   
   38         0016      CPMVER	EQU 22		; CP/M version
   39         0000      FALSE	EQU 0
   40         FFFF      TRUE	EQU NOT FALSE
   41         FFFF      TEST	EQU TRUE
   42         000D      CR	EQU 0DH		; carriage return
   43         000A      LF	EQU 0AH		; line feed
   44                   
   45                   ;------------------------------------------------------------------------------
   46                   ; Variant switches
   47                   
   48                   ; aktiviert alle bisherigen Aenderungen gegenueber der Originalversion 3.1
   49         FFFF      DG01	EQU TRUE
   50                   ;MINI3	EQU TRUE	; 3 MINI, 1 MAXI drive
   51         FFFF      DG_BHD	EQU TRUE	; drive B as HD drive (1.4 MB)
   52         FFFF      DG_CHD	EQU TRUE	; drive C as HD drive (1.44 MB)
   53         FFFF      DEBOUT	EQU TRUE	; debug outputs
   54                   
   55                   ; logical drive to boot from
   56         0000      	IF NOT DG01
   58                   	ELSE
   59                   ;BTDRV	EQU 4		; drive E: (CF)
Z80ASM SuperFast Relocating Macro Assembler     	    Z80ASM 1.32 Page   2
NBIOS10 Z80

   60         0000      BTDRV	EQU 0		; drive A:
   61                   	ENDIF
   62                   
   63                   ;------------------------------------------------------------------------------
   64                   ; Monitor functions
   65                   
   66         FFFF      	IF DG01
   67                   
   68         F009      MCONOUT	EQU 0F009h	; character in C
   69                   
   70                   	ENDIF
   71                   
   72                   ;------------------------------------------------------------------------------
   73                   
   74                   ;MSIZE 	EQU 60		; Speichergroesse, hier 60K
   75         003A      MSIZE 	EQU 58		; Speichergroesse, hier 58K
   76                   
   77         9800      BIAS	EQU (MSIZE-20)*1024	; min=20K
   78         CC00      CCP	EQU 3400H+BIAS	; start of CCP (CP/M)
   79         D406      BDOS	EQU CCP+806H	; BDOS entry behind serial number (6 bytes)
   80         E200      BIOS	EQU CCP+1600H	; start of BIOS
   81                   
   82         D400      BDOSADR	EQU BDOS - 6
   83                   
   84         CC00      CPMB	EQU CCP		; Start CP/M-Boot
   85                   
   86         1600      CPML	EQU BIOS-CPMB	; Laenge des CP/Ms
   87         002C      NSECTS	EQU CPML/128	; Anzahl der von CP/M belegten Sektoren
   88                   
   89                   
   90         0000      JWARM	EQU 0000H	; JMP to WBOOT
   91         0003      IOBYTE	EQU 0003H	; Address of IOBYTE
   92         0004      CDISK	EQU 0004H	; Address of last used drive and user (low-nibble: current drive, high-nibble: current user)
   93         0005      JBDOS	EQU 0005H	; JMP to BDOS
   94         0038      JRST7	EQU 0038H	; JMP RST7 (7*8)
   95         0080      BUFF	EQU 0080H	; buffer address
   96         0005      RETRY	EQU 5		; Fehlerversuche bei BOOT und Maxi Read/Write
   97                   
   98                   ;-----------------------------------------------------------------------------
   99                   
  100         E200      	ORG BIOS	; regular start of BIOS
  101                   	;ORG BIOS-4000H	; for debugging
  102                   
  103 E200              STARTBIOS:
  104                   
  105 E200  C3 E39A     	JP BOOT		; Cold boot
  106                   
  107                   	; --- start of offical BIOS calls ---
  108                   	
  109 E203  C3 E3C7     WBOOTE:	JP WBOOT	; Warm boot (CTRL-C)
  110 E206  C3 E384     	JP CONST	; Get CONSOLE status -> A
  111 E209  C3 E387     	JP CONIN	; Input character from CONSOLE -> A
  112 E20C  C3 F009     	JP CONOUT	; Output character to CONSOLE (C)
  113 E20F  C3 F00F     	JP LIST		; Output character to LIST device (C)
  114 E212  C3 F00C     	JP PUNCH	; Output character to PUNCH device (C)
  115 E215  C3 F006     	JP READER	; Input character from READER device -> A
  116                   
  117 E218  C3 E468     	JP HOME		; Select track home position (no execution)
Z80ASM SuperFast Relocating Macro Assembler     	    Z80ASM 1.32 Page   3
NBIOS10 Z80

  118 E21B  C3 E46D     	JP SELDSK	; Select drive, drive 0..n-1 in C, returns disk parameter header block in HL
  119 E21E  C3 E483     	JP SETTRK	; Select track for read/write, track in C (logic tracks!!! e.g. 0..159)
  120 E221  C3 E488     	JP SETSEC	; Select sector for read/write, sector in C (logic sectors!!! e.g. 0..39)
  121 E224  C3 E4A6     	JP SETDMA	; Set disk read/write address (no real DMA), address in BC
  122 E227  C3 E4B9     	JP READ		; Read sector
  123 E22A  C3 E52F     	JP WRITE	; Write sector
  124 E22D  C3 E465     	JP LISTST	; Listener ready? (not implemented, returns 1 = not ready)
  125 E230  C3 E48D     	JP SECTRAN	; sector translation (skew only)
  126                   	
  127                   	; --- end of offical BIOS calls ---
  128                   	
  129         FFFF      	IF DG01
  130 E233  C3 E564     	JP FLUSH	; BDOS close and write sector buffer to disk
  131                   	ENDIF
  132                   
  133                   ;-----------------------------------------------------------------------------
  134                   
  135         0000      	IF NOT DG01
  275                   	ELSE	; ------------------------------------------------------------
  276                   
  277                   	; size of mini disks A, B, C
  278                   	; TRUNC(5 logical sectors * 1024 logical sector size * (2*80 tracks - 4 offset) / 2048 block size) - 1 = ca. 780 KB
  279                   	; TRUNC (5 * 1024 * (160-4)/2048) - 1 = ca. 780 K
  280         0185      SIZEAB	EQU 389
  281                   
  282                   	;DISKS 8		; define 8 drives (A..H)
  283         0008      NDISKS	EQU	8	
  284                   
  285         E236      DPBASE	EQU	$		;BASE OF DISK PARAMETER BLOCKS
  286                   
  287 E236  0000  0000  DPE0:	DW	XLT0,0000H	;TRANSLATE TABLE
  288 E23A  0000  0000  	DW	0000H,0000H	;SCRATCH AREA
  289 E23E  E856  E2B6  	DW	DIRBUF,DPB0	;DIR BUFF,PARM BLOCK
  290 E242  E907  E8D6  	DW	CSV0,ALV0	;CHECK, ALLOC VECTORS
  291                   	
  292 E246  0000  0000  DPE1:	DW	XLT1,0000H	;TRANSLATE TABLE
  293 E24A  0000  0000  	DW	0000H,0000H	;SCRATCH AREA
  294 E24E  E856  E2C5  	DW	DIRBUF,DPB1	;DIR BUFF,PARM BLOCK
  295 E252  E96C  E947  	DW	CSV1,ALV1	;CHECK, ALLOC VECTORS
  296                   	
  297 E256  0000  0000  DPE2:	DW	XLT2,0000H	;TRANSLATE TABLE
  298 E25A  0000  0000  	DW	0000H,0000H	;SCRATCH AREA
  299 E25E  E856  E2D4  	DW	DIRBUF,DPB2	;DIR BUFF,PARM BLOCK
  300 E262  E9D9  E9AC  	DW	CSV2,ALV2	;CHECK, ALLOC VECTORS
  301                   	
  302 E266  E2F2  0000  DPE3:	DW	XLT3,0000H	;TRANSLATE TABLE
  303 E26A  0000  0000  	DW	0000H,0000H	;SCRATCH AREA
  304 E26E  E856  E2E3  	DW	DIRBUF,DPB3	;DIR BUFF,PARM BLOCK
  305 E272  EA38  EA19  	DW	CSV3,ALV3	;CHECK, ALLOC VECTORS
  306                   	
  307 E276  0000  0000  DPE4:	DW	0000h, 0000h
  308 E27A  0000  0000  	DW	0000h, 0000h
  309 E27E  E856  E30C  	DW	DIRBUF, DPB4
  310 E282  EAC8  EA48  	DW	CSV4, ALV4
  311                   	
  312 E286  0000  0000  DPE5:	DW	0000h, 0000h
  313 E28A  0000  0000  	DW	0000h, 0000h
  314 E28E  E856  E30C  	DW	DIRBUF, DPB5
Z80ASM SuperFast Relocating Macro Assembler     	    Z80ASM 1.32 Page   4
NBIOS10 Z80

  315 E292  EB49  EAC9  	DW	CSV5, ALV5
  316                   	
  317 E296  0000  0000  DPE6:	DW	0000h, 0000h
  318 E29A  0000  0000  	DW	0000h, 0000h
  319 E29E  E856  E30C  	DW	DIRBUF, DPB6
  320 E2A2  EBCA  EB4A  	DW	CSV6, ALV6
  321                   	
  322 E2A6  0000  0000  DPE7:	DW	0000h, 0000h
  323 E2AA  0000  0000  	DW	0000h, 0000h
  324 E2AE  E856  E30C  	DW	DIRBUF, DPB7
  325 E2B2  EC4B  EBCB  	DW	CSV7, ALV7
  326                   
  327                   	; Disk 0 (A) ---------------------------------------------------------
  328                   	
  329                   	; *** DISKDEF BEDEUTUNG DER PARAMETER***
  330                   	; 0 = NUMMER DES LAUFWERKS
  331                   	; 0 = NUMMER DES ERSTEN SEKTORS EINER SPUR
  332                   	; 39 =  NUMMER DES LETZTEN SEKTORS EINER SPUR
  333                   	; 0 = OPTIONALER VERSCHIEBUNGSFAKTOR ZUM
  334                   	;     VERSETZEN ABSPEICHERN DER SEKTOREN
  335                   	; 2048 = GROESSE EINES BLOCKS
  336                   	; SIZEAB = ZAHL DER MAX. MOEGLICHEN BLOECKE
  337                   	; 256 = ZAHL DER DIRECTORY EINTRITTSPUNKTE
  338                   	; 256 = ZAHL DER GEPRUEFTEN EINTRITTSPUNKTE
  339                   	; OFFS = ADDITIVE KONSTANTE ZUM ANSPRECHEN DER SPUR 00
  340                   
  341                   	; physical format: 3,5 inch NKC, DD, DS, 1024 bytes/sector, 5 sectors/track, 80 tracks
  342                   	; DISKDEF 0,0,39,0,2048,SIZEAB,256,256,4
  343         E2B6      DPB0	EQU	$	; DISK PARM BLOCK
  344 E2B6  0028        	DW	40	; SEC PER TRACK
  345 E2B8  04          	DB	4	; BLOCK SHIFT
  346 E2B9  0F          	DB	15	; BLOCK MASK
  347 E2BA  00          	DB	0	; EXTNT MASK
  348 E2BB  0184        	DW	388	; DISK SIZE-1
  349 E2BD  00FF        	DW	255	; DIRECTORY MAX
  350 E2BF  F0          	DB	240	; ALLOC0
  351 E2C0  00          	DB	0	; ALLOC1
  352 E2C1  0040        	DW	64	; CHECK SIZE
  353 E2C3  0004        	DW	4	; OFFSET
  354         0000      XLT0	EQU	0	; NO XLATE TABLE
  355                   
  356         0000      	IF NOT DG_BHD
  365                   	ELSE
  366                   
  367         0000      	IF FALSE
  382                   	ENDIF
  383                   
  384                   	; Disk 1 (B): PHYSICAL FORMAT: 1.2 MB, HD, DS, 512 BYTES/SECTOR, 4096 Bytes/Block, 15 SECTORS/TRACK, 80 TRACKS
  385         E2C5       DPB1	EQU	$	; DISK PARM BLOCK
  386                    	;DW	56 ; 60	; SEC PER TRACK
  387 E2C5  003C         	DW	60	; SEC PER TRACK
  388 E2C7  05           	DB	5	; BLOCK SHIFT
  389 E2C8  1F           	DB	31	; BLOCK MASK
  390 E2C9  01           	DB	1	; EXTNT MASK
  391                    	;DW	275 ; 295	; DISK SIZE-1
  392 E2CA  0127         	DW	295	; DISK SIZE-1
  393 E2CC  00FF          	DW	255	; DIRECTORY MAX
  394 E2CE  C0           	DB	192	; ALLOC0
Z80ASM SuperFast Relocating Macro Assembler     	    Z80ASM 1.32 Page   5
NBIOS10 Z80

  395 E2CF  00           	DB	0	; ALLOC1
  396 E2D0  0040         	DW	64	; CHECK SIZE
  397 E2D2  0002         	DW	2	; OFFSET
  398         0000       XLT1	EQU	0	; NO XLATE TABLE
  399                   
  400                   
  401                   	ENDIF
  402                   
  403         0000      	IF NOT DG_CHD
  413                   	ELSE
  414                   
  415                   	; Disk 2 (C): PHYSICAL FORMAT: 1.44 MB, HD, DS, 1024 BYTES/SECTOR, 4096 Bytes/Block, 9 SECTORS/TRACK, 80 TRACKS
  416         E2D4       DPB2	EQU	$	; DISK PARM BLOCK
  417 E2D4  0048         	DW	72	; SEC PER TRACK
  418 E2D6  05           	DB	5	; BLOCK SHIFT
  419 E2D7  1F           	DB	31	; BLOCK MASK
  420 E2D8  01           	DB	1	; EXTNT MASK
  421 E2D9  0162         	DW	354	; DISK SIZE-1
  422 E2DB  00FF          	DW	255	; DIRECTORY MAX
  423 E2DD  C0           	DB	192	; ALLOC0
  424 E2DE  00           	DB	0	; ALLOC1
  425 E2DF  0040         	DW	64	; CHECK SIZE
  426 E2E1  0002         	DW	2	; OFFSET
  427         0000       XLT2	EQU	0	; NO XLATE TABLE
  428                   	
  429                   	ENDIF
  430                   
  431                   
  432                   	; Disk 3 (D) --------------------------------------------------------
  433                   	; physical format: 8 inch, SD, SS, 128 bytes/sector, 26 sectors/track, 77 tracks
  434                   	; DISKDEF 3,1,26,6,1024,243,64,64,2 ; 8 ZOLL DEFINITION
  435                   
  436         E2E3      DPB3	EQU	$	; DISK PARM BLOCK
  437 E2E3  001A         	DW	26	; SEC PER TRACK
  438 E2E5  03           	DB	3	; BLOCK SHIFT
  439 E2E6  07           	DB	7	; BLOCK MASK
  440 E2E7  00           	DB	0	; EXTNT MASK
  441 E2E8  00F2         	DW	242	; DISK SIZE-1
  442 E2EA  003F         	DW	63	; DIRECTORY MAX
  443 E2EC  C0           	DB	192	; ALLOC0
  444 E2ED  00           	DB	0	; ALLOC1
  445 E2EE  0010         	DW	16	; CHECK SIZE
  446 E2F0  0002         	DW	2	; OFFSET
  447                   	
  448         E2F2      XLT3	EQU	$	; TRANSLATE TABLE
  449 E2F2  01           	DB	1		
  450 E2F3  07           	DB	7		
  451 E2F4  0D           	DB	13		
  452 E2F5  13           	DB	19		
  453 E2F6  19           	DB	25		
  454 E2F7  05           	DB	5		
  455 E2F8  0B           	DB	11		
  456 E2F9  11           	DB	17		
  457 E2FA  17           	DB	23		
  458 E2FB  03           	DB	3		
  459 E2FC  09           	DB	9		
  460 E2FD  0F           	DB	15		
  461 E2FE  15           	DB	21		
Z80ASM SuperFast Relocating Macro Assembler     	    Z80ASM 1.32 Page   6
NBIOS10 Z80

  462 E2FF  02           	DB	2		
  463 E300  08           	DB	8		
  464 E301  0E           	DB	14		
  465 E302  14           	DB	20		
  466 E303  1A            	DB	26		
  467 E304  06           	DB	6		
  468 E305  0C           	DB	12		
  469 E306  12           	DB	18		
  470 E307  18           	DB	24		
  471 E308  04           	DB	4		
  472 E309  0A           	DB	10		
  473 E30A  10           	DB	16		
  474 E30B  16           	DB	22	
  475                   
  476                   	; Disk 4 (E), IDE partition 0 ----------------------------------------
  477                   	; 64-sector tracks, numbering starting at zero (sectors 0 to 63)
  478                   	; Block size 2048
  479                   	; Disk size 2 mb, DSM 1023, yields 256 tracks (0 to 255)
  480 E30C              DPB4:	;disk parameter block for all disks.
  481 E30C  0040        	DW	64	; sectors per track
  482 E30E  04          	DB	4	; block shift factor
  483 E30F  0F          	DB	15	; block mask - with block shift, sets block size to 1024
  484 E310  00          	DB	0	; null mask
  485 E311  03FF        	DW	1023	; disk size-1 = number of blocks in a disk - 1
  486 E313  0100        	DW	256	; directory max = no. directory entries/disk, arbitrary
  487 E315  F0          	DB	240	; alloc 0 -- need 4 bits (blocks) for 256 directory entries -- 
  488 E316  00          	DB	0	; alloc 1 -- no. bits = (directory max x 32)/block size	
  489 E317  0000        	DW	0	; check size -- no checking, so zero
  490 E319  0001        	DW	1	; track offset -- first track for system
  491                   
  492                   	; Disk 5 (F), IDE partition 1 ----------------------------------------
  493         E30C      DPB5	EQU	DPB4	; EQUIVALENT PARAMETERS
  494                   ;ALS3	EQU	ALS2	; SAME ALLOCATION VECTOR SIZE
  495                   ;CSS3	EQU	CSS2	; SAME CHECKSUM VECTOR SIZE
  496                   
  497                   	; Disk 6 (G), IDE partition 2 ----------------------------------------
  498         E30C      DPB6	EQU	DPB4	; EQUIVALENT PARAMETERS
  499                   ;ALS3	EQU	ALS2	; SAME ALLOCATION VECTOR SIZE
  500                   ;CSS3	EQU	CSS2	; SAME CHECKSUM VECTOR SIZE
  501                   
  502                   	; Disk 7 (H), IDE partition 3 ----------------------------------------
  503         E30C      DPB7	EQU	DPB4	; EQUIVALENT PARAMETERS
  504                   ;ALS3	EQU	ALS2	; SAME ALLOCATION VECTOR SIZE
  505                   ;CSS3	EQU	CSS2	; SAME CHECKSUM VECTOR SIZE
  506                   
  507                   	ENDIF	; DG01
  508                   
  509                   ;-----------------------------------------------------------------------------
  510                   ; CP/M message after cold start
  511                   
  512 E31B              SIGNON:
  513                   
  514         0000      	IF NOT DG01
  523                   	ELSE
  524                   
  525 E31B  1A          	DB 26
  526 E31C  0D 0A 43 50 	DB CR,LF,'CP/M '
  527 E323  32 2E 32    	DB CPMVER/10+'0','.',CPMVER MOD 10+'0'
Z80ASM SuperFast Relocating Macro Assembler     	    Z80ASM 1.32 Page   7
NBIOS10 Z80

  528 E326  20 66 6F 72 	DB ' for MC-Computer '
  529 E337  35 38       	DB MSIZE/10+'0',MSIZE MOD 10+'0'
  530 E339  4B 20 4E 42 	DB 'K NBIOS 260806-07'
  531 E34A  20 42 4F 4F 	DB " BOOT=",BTDRV+'A',CR,LF
  532                   
  533 E353  41 3A 4E 4B 	DB "A:NKC800"
  534                   
  535         0000      	IF NOT DG_BHD
  537                   	ELSE
  538 E35B  2C 42 3A 31 	DB ",B:1.4MB"
  539                   	ENDIF
  540                   
  541         0000      	IF NOT DG_CHD
  543                   	ELSE
  544 E363  2C 43 3A 31 	DB ",C:1.44MB"
  545                   	ENDIF
  546                   
  547 E36C  2C 44 3A 49 	DB ",D:IBM SS/SD,E..H:IDE"
  548                   
  549 E381  0D 0A 00    	DB CR,LF,0
  550                   
  551                   	ENDIF
  552                   
  553                   ;-----------------------------------------------------------------------------
  554                   ; get state of CONSOLE (if character is available)
  555                   
  556 E384  C3 F012     CONST:	JP 0F012H
  557                   
  558                   ;-----------------------------------------------------------------------------
  559                   ; read one char from CONSOLE and clears parity bit
  560                   
  561 E387  CD F003     CONIN:	CALL 0F003H
  562 E38A  E6 7F       	AND 7FH
  563                   
  564         FFFF      	IF DG01
  565         FFFF      	IF DEBOUT
  566                   
  567 E38C  FE 01       	CP A,1
  568 E38E  C0          	RET NZ
  569                   
  570                   	; toggle debug
  571 E38F  47          	LD B,A
  572 E390  3A E855     	LD A,(DEBACT)
  573 E393  EE 01       	XOR A,01H
  574 E395  32 E855     	LD (DEBACT),A
  575 E398  78          	LD A,B
  576                   
  577                   	ENDIF
  578                   	ENDIF
  579                   	
  580 E399  C9          	RET
  581                   
  582                   ;-----------------------------------------------------------------------------
  583                   ; read one char from READER device -> A
  584                   
  585         F006      READER	EQU 0F006H
  586                   
  587                   ;-----------------------------------------------------------------------------
Z80ASM SuperFast Relocating Macro Assembler     	    Z80ASM 1.32 Page   8
NBIOS10 Z80

  588                   ; write one char to CONSOLE (C)
  589                   
  590         F009      CONOUT	EQU 0F009H
  591                   
  592                   ;-----------------------------------------------------------------------------
  593                   ; write one char to PUNCH device (C)
  594                   
  595         F00C      PUNCH	EQU 0F00CH
  596                   
  597                   ;-----------------------------------------------------------------------------
  598                   ; write one char to LIST device (C)			
  599                   
  600         F00F      LIST	EQU 0F00FH
  601                   
  602                   ;-----------------------------------------------------------------------------
  603                   ; restart Monitor
  604                   
  605         F01E      MSTART	EQU 0F01EH
  606                   
  607                   ;-----------------------------------------------------------------------------
  608                   ; Monitor warm start
  609                   
  610         F033      MWARM	EQU 0F033H	; Monitor warm start, will be overwritten by BIOS
  611                   
  612                   ;-----------------------------------------------------------------------------
  613                   ; Monitor write string
  614                   
  615         F036      MWRSTR	EQU 0F036H	; Write string, will be overwritten by BIOS
  616                   
  617                   ;-----------------------------------------------------------------------------
  618                   ; Cold boot
  619                   
  620 E39A  31 0100     BOOT:	LD SP,BUFF+80H	; set stack
  621                   
  622 E39D  21 E31B     	LD HL,SIGNON	; output start message
  623 E3A0  CD E4AC     	CALL PRMSG
  624                   	
  625                   	; clear / set last used drive
  626         0000      	IF NOT DG01
  628                   	ELSE
  629 E3A3  3E 00       	LD A,BTDRV
  630                   	ENDIF
  631 E3A5  32 0004     	LD (CDISK),A
  632                   	
  633                   	; sector buffer is empty, set to physical sector buffer not changed
  634 E3A8  AF          	XOR A
  635 E3A9  32 E847     	LD (BUFCHG),A
  636                   	
  637                   	; drive is undefined
  638 E3AC  3E FF       	LD A,0FFH
  639 E3AE  32 E848     	LD (CURDRV),A
  640                   
  641                   	; disable monitor entries, set to WBOOT
  642 E3B1  21 E3C7     	LD HL,WBOOT
  643 E3B4  22 F034     	LD (MWARM+1),HL
  644 E3B7  22 F037     	LD (MWRSTR+1),HL
  645                   	
  646         FFFF      	IF DG01
Z80ASM SuperFast Relocating Macro Assembler     	    Z80ASM 1.32 Page   9
NBIOS10 Z80

  647                   	;CALL PATF	; patch BDOS close function
  648 E3BA  CD E738     	CALL PATA	; patch BDOS active drive
  649                   	;CALL PATB
  650                   	ENDIF
  651                   
  652         FFFF      	IF DG01
  653                   	; set steprate
  654 E3BD  16 00       	LD D,00000000B	; max steprate 00b, no sso
  655 E3BF  06 00       	LD B,0		; set steprate
  656 E3C1  CD E769     	CALL FEXEC
  657                   	ENDIF
  658                   	
  659 E3C4  C3 E420     	JP GOCPM	; start CP/M
  660                   
  661                   ;-----------------------------------------------------------------------------
  662                   ; Warm boot
  663                   
  664 E3C7              WBOOT:	; write physical sector buffer to disk if changed
  665 E3C7  3A E847     	LD A,(BUFCHG)
  666 E3CA  B7          	OR A
  667 E3CB  CA E3D1     	JP Z,WBOO1
  668                   
  669                   	;IF NOT DG01
  670                   	
  671 E3CE  CD E6A6     	CALL PUTPHS	; normalerweise ist Schreibvorgang
  672                   			; nach einem Direktoryzugriff abgeschlossen
  673                   			; ACHTUNG BUG!? PUTPHS nur fuer Mini/DD-Laufwerke
  674                   			; Bei einem anderen Laufwerk geht das wohl schief
  675                   			
  676                   	;ENDIF
  677                   			
  678 E3D1  3E FF       WBOO1:	LD A,0FFH	; alle Tracks ungueltig, bei Diskettenwechsel wichtig
  679 E3D3  32 E848     	LD (CURDRV),A
  680                   
  681 E3D6  31 0080     	LD SP,BUFF	; Stack zuweisen
  682 E3D9  0E 05       	LD C,RETRY	; Anzahl der Versuche
  683 E3DB  C5          	PUSH BC		; und dann anfangen zu booten
  684                   
  685 E3DC              WBOO2:	; loop, load CP/M
  686                   	; hier ist noch das Format des Boot-Laufwerks hardkodiert !!!
  687 E3DC  01 CC00     	LD BC,CPMB	; Boot von MINI-Diskette / Boot drive
  688 E3DF  CD E4A6     	CALL SETDMA	; auf der Startadresse des CP/Ms
  689 E3E2  0E 00       	LD C,BTDRV	; Laufwerk A (or BTDRV)
  690 E3E4  CD E46D     	CALL SELDSK	; auswaehlen
  691 E3E7  0E 00       	LD C,0		; Track 0
  692 E3E9  CD E483     	CALL SETTRK	; und den zweiten phys. Sektor, (Nr 8 logisch)
  693 E3EC  0E 08       	LD C,8		; entspricht Nr 2 bei 1024 Bytes
  694 E3EE  CD E488     	CALL SETSEC	; wichtig, da andere Zaehlweise
  695 E3F1  C1          	POP BC		; und von da an n Sektoren einlesen
  696 E3F2  06 2C       	LD B,NSECTS	; aber das BIOS nicht ueberschreiben
  697                   			; damit Patches leicht moeglich sind
  698                   
  699                   	;LD C,'*'
  700                   	;CALL CONOUT
  701                   
  702 E3F4              WBOO3:	; sector read loop
  703 E3F4  C5          	PUSH BC		; Anzahl merken
  704 E3F5  CD E4B9     	CALL READ	; LESEN ausfuehren
Z80ASM SuperFast Relocating Macro Assembler     	    Z80ASM 1.32 Page  10
NBIOS10 Z80

  705 E3F8  C2 E44D     	JP NZ,BOOTERR	; Fehler: defekter Sektor
  706                   	
  707 E3FB  2A E853     	LD HL,(IOD)	; Zieladresse laden
  708 E3FE  11 0080     	LD DE,128	; um logische Sektorgroesser erhoehen
  709 E401  19          	ADD HL,DE	; dazu addieren,
  710 E402  22 E853     	LD (IOD),HL	; und dann wieder zurueckspeichern.
  711 E405  3A E852     	LD A,(IOS)	; Sektor laden
  712 E408  FE 27       	CP 39		; Mini 0..39 Sektoren a 128 Bytes
  713                   			; Anzahl der Sektoren hardcodiert !!!
  714 E40A  DA E417     	JP C,WBOO4	; solange auf der gleichen Spur bleiben
  715                   
  716                   	; next track, Spurzuordnung hardcodert !!!
  717 E40D  3A E851     	LD A,(IOT)	; Dann neue Spur anwaehlen,
  718 E410  3C          	INC A	  	; jedoch im Verfahren 0,2,...
  719 E411  3C          	INC A		; SPUR 0, dann SPUR 2, wegen BOOT.ASM
  720 E412  32 E851     	LD (IOT),A	; denn 1,3,5 ist die Rueckseite des Laufwerks
  721 E415  3E FF       	LD A,0FFH	; 0,1,2,3.... nach Increment A=0
  722                   	
  723 E417  3C          WBOO4:	INC A		; dann 0
  724 E418  32 E852     	LD (IOS),A	; und auch neuesn Sektor anwaehlen
  725 E41B  C1          	POP BC		; Schleifenzaehler zuruech
  726 E41C  05          	DEC B		; und immer weiter lesen
  727 E41D  C2 E3F4     	JP NZ,WBOO3	; -> read next sector
  728                   	
  729                   	;---------------------------------------------------------------------
  730                   
  731 E420  01 0080     GOCPM:	LD BC,BUFF	; Buffer auf Default einstellen
  732 E423  CD E4A6     	CALL SETDMA	; so wie es CP/M braucht
  733                   	
  734 E426  3E C3       	LD A,0C3H	; Sprung auf den WARM-Boot im
  735 E428  32 0000     	LD (JWARM),A	; RAM ablegen.
  736 E42B  21 E203     	LD HL,WBOOTE	; Warm-Boot-Adresse
  737 E42E  22 0001     	LD (JWARM+1),HL	; nicht vergessen
  738                   	
  739 E431  32 0005     	LD (JBDOS),A	; Sprung auf die BDOS-CALL-Adresse
  740 E434  21 D406     	LD HL,BDOS	; legen und auch das Ziel
  741 E437  22 0006     	LD (JBDOS+1),HL	; dorthin
  742                   	
  743 E43A  32 0038     	LD (JRST7),A	; RST7 definieren, default ist Monitor
  744 E43D  21 F01E     	LD HL,MSTART	; der aber normalerweise kurzgeschl. ist.
  745 E440  22 0039     	LD (JRST7+1),HL		
  746                   	
  747         FFFF      	IF DG01
  748                   	; clear / set last used drive
  749                   	;LD A,BTDRV
  750                   	;LD (CDISK),A
  751                   	;CALL PATF	; patch BDOS close function
  752 E443  CD E738     	CALL PATA	; patch BDOS active drive
  753                   	;CALL PATB
  754                   	ENDIF
  755                   	
  756 E446  3A 0004     	LD A,(CDISK)	; das zuletzt verwendete Laufwerk
  757 E449  4F          	LD C,A		; laden und damit selektieren.
  758 E44A  C3 CC00     	JP CPMB
  759                   
  760                   	;---------------------------------------------------------------------
  761                   
  762 E44D              BOOTERR:		; im Fehlerfalle, bei BAD-Sektor.
Z80ASM SuperFast Relocating Macro Assembler     	    Z80ASM 1.32 Page  11
NBIOS10 Z80

  763 E44D  C1          	POP BC		; erst mal nocheinmal versuchen
  764 E44E  0D          	DEC C
  765 E44F  CA E456     	JP Z,BOOTE0	; bis hoffnungslos, dann Fehlermeldung
  766                   	
  767 E452  C5          	PUSH BC
  768 E453  C3 E3DC     	JP WBOO2	; -> try again
  769                   
  770 E456              BOOTE0:	; Fehlermeldung ausgeben und Monitor neu starten, bzw. WBOOT
  771 E456  21 E45F     	LD HL,ERRMSG
  772 E459  CD E4AC     	CALL PRMSG
  773 E45C  C3 F01E     	JP MSTART
  774                   
  775 E45F              ERRMSG:	; Fehlermeldung
  776 E45F  3F 42 4F 4F 	DB '?BOOT',0
  777                   
  778                   ;-----------------------------------------------------------------------------
  779                   ; List status (used by BDOS)
  780                   ; LST state, not used
  781                   
  782 E465  00          LISTST:	NOP
  783 E466  AF          	XOR A		; 0 = not ready
  784 E467  C9          	RET
  785                   
  786                   ;-----------------------------------------------------------------------------
  787                   ; Home drive (used by BDOS)
  788                   
  789 E468  0E 00       HOME:	LD C,0		; aber nur anwaehlen, nicht
  790 E46A  C3 E483     	JP SETTRK	; ausfuehren
  791                   
  792                   ;-----------------------------------------------------------------------------
  793                   ; Select disk (used by BDOS)
  794                   ; drive-code in C (0..3)
  795                   
  796 E46D  21 0000     SELDSK:	LD HL,0		; und pruefen ob gueltig
  797 E470  79          	LD A,C		; wenn groesser als ndisks
  798 E471  FE 08       	CP NDISKS	; dann nicht ok
  799 E473  D0          	RET NC		; Nummer 0 bis n-1 erscheint in A
  800                   	
  801 E474  32 E84E     	LD (DBANK),A
  802                   
  803         FFFF      	IF DG01
  804                   	;POP HL
  805                   	;PUSH HL
  806                   	;CALL DEBSEL
  807                   	ENDIF
  808                   	
  809                   			; dann zusaetzlich die	
  810 E477  69          	LD L,C		; Laufwerkstabelle ausrechnen
  811 E478  26 00       	LD H,0		; dazu Nummer mit 16 multiplizieren
  812 E47A  29          	ADD HL,HL	
  813 E47B  29          	ADD HL,HL	
  814 E47C  29          	ADD HL,HL	
  815 E47D  29          	ADD HL,HL	
  816 E47E  11 E236     	LD DE,DPBASE	; und Basisadresse drauf addieren.
  817 E481  19          	ADD HL,DE
  818                   
  819                   	;IF DG01
  820                   	;LD (IOPB),HL	; save DPB for additional parameters (not used yet)
Z80ASM SuperFast Relocating Macro Assembler     	    Z80ASM 1.32 Page  12
NBIOS10 Z80

  821                   	;ENDIF
  822                   
  823 E482  C9          	RET
  824                   
  825                   ;-----------------------------------------------------------------------------
  826                   ; Select track (used by BDOS)
  827                   ; track in C
  828                   
  829 E483  21 E851     SETTRK:	LD HL,IOT
  830 E486  71          	LD (HL),C
  831 E487  C9          	RET
  832                   
  833                   ;-----------------------------------------------------------------------------
  834                   ; Select sector  (used by BDOS)
  835                   ; sector in C
  836                   
  837 E488  21 E852     SETSEC:	LD HL,IOS
  838 E48B  71          	LD (HL),C
  839 E48C  C9          	RET
  840                   
  841                   ;-----------------------------------------------------------------------------
  842                   ; Sector translation (used by BDOS)
  843                   ; sector in C
  844                   ; skew table in DE (or 0)
  845                   ; write calculated sector to IOS and L
  846                   
  847 E48D  7A          SECTRAN:LD A,D		; check if skew table != 0
  848 E48E  B3                  OR E
  849 E48F  CA E49E             JP Z,SECTR1	; =0, -> no skew
  850                   
  851                   	; calc sector offset into skew table
  852 E492  06 00       	LD B,0
  853 E494  EB          	EX DE,HL
  854 E495  09          	ADD HL,BC	; sector in C
  855 E496  7E          	LD A,(HL)	; load skew value
  856 E497  32 E852     	LD (IOS),A	; save in IOS 
  857 E49A  6F          	LD L,A		; and in L
  858         FFFF      	IF DG01
  859 E49B  26 00               LD H,0		; was missing *dg* 27.07.2026
  860                   	ENDIF
  861 E49D  C9          	RET
  862                   
  863 E49E              SECTR1:	; no skew, return sector
  864 E49E  69          	LD L,C		; sector in C
  865 E49F  79                  LD A,C
  866 E4A0  32 E852             LD (IOS),A	; save in IOS
  867 E4A3  26 00               LD H,0
  868 E4A5  C9                  RET
  869                   
  870                   ;-----------------------------------------------------------------------------
  871                   ; Set DMA address (used by BDOS)
  872                   ; address in BC
  873                   
  874 E4A6  69          SETDMA:	LD L,C
  875 E4A7  60          	LD H,B
  876 E4A8  22 E853     	LD (IOD),HL
  877 E4AB  C9          	RET
  878                   
Z80ASM SuperFast Relocating Macro Assembler     	    Z80ASM 1.32 Page  13
NBIOS10 Z80

  879                   ;-----------------------------------------------------------------------------
  880                   ; 0-terminerte Text ausgaben, Adresse in HL
  881                   
  882 E4AC  7E          PRMSG: 	LD A,(HL)
  883 E4AD  B7          	OR A
  884 E4AE  C8          	RET Z		; -> end of text
  885                   	
  886 E4AF  E5          	PUSH HL
  887 E4B0  4F          	LD C,A
  888 E4B1  CD F009     	CALL CONOUT
  889 E4B4  E1          	POP HL
  890 E4B5  23          	INC HL
  891 E4B6  C3 E4AC     	JP PRMSG	; -> next char
  892                   
  893                   ;=============================================================================
  894                   ; Read and write sector using FEXEC into monitor
  895                   
  896                   ;-----------------------------------------------------------------------------
  897                   ; Read sector
  898                   
  899                   ; Buffer (DMA address) in IOD
  900                   ; Drive in DBANK (0..n-1)
  901                   ; Track in IOT (0..n-1 * side)
  902                   ; Sector in IOS (0..n-1)
  903                   
  904 E4B9              READ:
  905         0000      	IF NOT DG01
  914                   	ELSE
  915                   
  916                   	;POP HL
  917                   	;PUSH HL
  918                   	;CALL DEBDRV	; debug output (DBANK)
  919                   
  920 E4B9  3A E84E     	LD A,(DBANK)	; drive 0..5
  921 E4BC  FE 03       	CP 3
  922 E4BE  DA E5BA     	JP C,MINIRD	; A < 3 -> drive 0,1,2 (Mini disks)
  923                   	
  924 E4C1  FE 04       	CP 4
  925 E4C3  DA E50F     	JP C,MAXIRD	; A < 4 -> drive 3 (Maxi disks)
  926                   	
  927                   	ENDIF
  928                   
  929                   	;---------------------------------------------------------------------
  930                   	; A >= 5, Read RAM disk
  931                   
  932         0000      	IF NOT DG01
  943                   	ELSE
  944                   	
  945 E4C6  FE 08       	CP 8
  946 E4C8  DA E6C6     	JP C,IDERD	; A < 8 -> IDE disks 4,5,6,7
  947                   	
  948                   	ENDIF
  949                   	
  950                   	; error
  951 E4CB  3E 01       	LD A,1		; Fehler da, Bank nicht vorhanden,
  952 E4CD  C9          	RET		; wirkt wie BAD-Sektor
  953                   
  954                   	;---------------------------------------------------------------------
Z80ASM SuperFast Relocating Macro Assembler     	    Z80ASM 1.32 Page  14
NBIOS10 Z80

  955                   	
  956 E4CE  AF          NOERR:	XOR A		; sonst ok.
  957 E4CF  C9          	RET
  958                   
  959                   	;---------------------------------------------------------------------
  960                   	; Calculate address for ram disk, source in HL
  961                   	; SEKTOR 0..E,  TRAck 0..5fh
  962                   	; SSSSTTTT T0000000   , adresse fuer RAM-Floppy
  963 E4D0  3A E851     ADRERZ:	LD A,(IOT)		; Track holen
  964 E4D3  0F           	RRCA 			; und umrechnen
  965 E4D4  E6 0F        	AND 0FH		; unterer Teil vom MSB
  966 E4D6  67           	LD H,A
  967 E4D7  3A E852      	LD A,(IOS)		; dann Sektor dazu
  968 E4DA  07           	RLCA
  969 E4DB  07           	RLCA
  970 E4DC  07           	RLCA
  971 E4DD  07           	RLCA
  972 E4DE  E6 F0        	AND 0F0H
  973 E4E0  B4           	OR H
  974 E4E1  67           	LD H,A		; damit sssstttt ok
  975 E4E2  3A E851      	LD A,(IOT)
  976 E4E5  0F           	RRCA			; txxxxxxx
  977 E4E6  E6 80        	AND 80H
  978 E4E8  6F           	LD L,A		; t0000000
  979 E4E9  3A E851      	LD A,(IOT)		; nun noch bank bestimmen, in c und b	
  980 E4EC  07           	RLCA			; und dazu msb-Teil des Tracks verwenden
  981 E4ED  07           	RLCA			; 0mmttttt
  982 E4EE  07           	RLCA			; Banknummer
  983 E4EF  E6 03        	AND 03H		; 000000mm
  984 E4F1  C6 01       	ADD A,1			; erst ab Bank 1 starten
  985 E4F3  47           	LD B,A		; da BANK 0=CP/M RAM und TPA
  986 E4F4  4F           	LD C,A		; ok beide definiert
  987 E4F5  C9           	RET
  988                   
  989                   ;-----------------------------------------------------------------------------
  990                     
  991                   ; Umrechnen fuer Maxi fuer neue Monitor Floppy-Routine
  992                   ; drive-code -> C
  993                   
  994 E4F6              MAXCAL:
  995         0000      	IF NOT DG01	; ----------
 1012                   	ELSE		; ----------
 1013                   
 1014                   	; drive A,B,C -> 001,010,100
 1015 E4F6  E5          	PUSH HL
 1016 E4F7  3A E84E     	LD A,(DBANK)
 1017 E4FA  21 E5AA     	LD HL,CALCTB
 1018 E4FD  CD E5B2     	CALL LOOKUP
 1019 E500  E1          	POP HL
 1020 E501  4F          	LD C,A
 1021                   
 1022 E502  3A E84E     	LD A,(DBANK)
 1023 E505  FE 04       	CP 4
 1024 E507  C2 E50E     	JP NZ,MAXC1
 1025                   	
 1026                   	; drive E, side 1
 1027 E50A  79          	LD A,C
 1028 E50B  F6 80       	OR 10000000B
Z80ASM SuperFast Relocating Macro Assembler     	    Z80ASM 1.32 Page  15
NBIOS10 Z80

 1029 E50D  4F          	LD C,A
 1030                   
 1031 E50E  C9          MAXC1:	RET
 1032                   	
 1033                   	ENDIF		; ----------
 1034                   
 1035                   ;-----------------------------------------------------------------------------
 1036                   ; Read Maxi disk
 1037                   
 1038 E50F  06 05       MAXIRD:	LD B,RETRY	; Anzahl der Leseversuche
 1039                   
 1040 E511              MAXIR1:	; retry loop
 1041 E511  C5          	PUSH BC		; dann ausfuehren
 1042 E512  2A E853     	LD HL,(IOD)	; Zieladresse holen
 1043 E515  3A E851     	LD A,(IOT)	; Spurnummer
 1044 E518  57          	LD D,A	
 1045 E519  3A E852     	LD A,(IOS)	; Sektornummer
 1046 E51C  5F          	LD E,A
 1047 E51D  06 01       	LD B,1		; Lese-Befehlscode
 1048 E51F  CD E4F6     	CALL MAXCAL	; vorher Laufwerkscode umrechnen
 1049 E522  CD E769     	CALL FEXEC	; und dann ausfuehren
 1050 E525  C1          	POP BC		; Retry-Zaehler
 1051 E526  C8          	RET Z		; kein Fehler, dann ok zurueck
 1052 E527  05          	DEC B		; sonst nochmals probieren
 1053 E528  C2 E511     	JP NZ,MAXIR1	; -> retry		
 1054                   	
 1055 E52B  3E 01       	LD A,1		; BAD SEKTOR
 1056 E52D  B7          	OR A
 1057 E52E  C9          	RET
 1058                   
 1059                   ;-----------------------------------------------------------------------------
 1060                   ; Write sector using FEXEC into monitor
 1061                   
 1062                   ; Buffer (DMA address) in IOD
 1063                   ; Drive in DBANK (0..n-1)
 1064                   ; Track in IOT (0..n-1)
 1065                   ; Sector in IOS (0..n-1)
 1066                   ; BDOS-Flag in C (0 = standard sector, 1 = directory sector, 2 =  first sector in block)
 1067                   
 1068 E52F              WRITE:	
 1069         0000      	IF NOT DG01
 1078                   	ELSE
 1079                   
 1080         FFFF      	IF DEBOUT
 1081                   	;LD A,1		; WRITE
 1082                   	;CALL DEBBUF
 1083                   
 1084                   	;POP HL
 1085                   	;PUSH HL
 1086                   	;CALL DEBDRV	; debug output (DBANK)
 1087                   	ENDIF
 1088                   
 1089                   
 1090 E52F  3A E84E     	LD A,(DBANK)	; drive 0..5
 1091 E532  FE 03       	CP 3
 1092 E534  DA E5FF     	JP C,MINIWR	; A < 3 -> drive 0,1,2 (Mini disks)
 1093                   	
 1094 E537  FE 04       	CP 4
Z80ASM SuperFast Relocating Macro Assembler     	    Z80ASM 1.32 Page  16
NBIOS10 Z80

 1095 E539  DA E544     	JP C,MAXIWR	; A < 4 -> drive 3 (Maxi disks)
 1096                   	
 1097                   	ENDIF
 1098                   	
 1099                   	;---------------------------------------------------------------------
 1100                   	
 1101         0000      	IF NOT DG01
 1111                   	ELSE
 1112                   	
 1113 E53C  FE 08       	CP 8
 1114 E53E  DA E6F4     	JP C,IDEWR	; A < 8 -> IDE disks 4,5,6,7
 1115                   	
 1116                   	ENDIF
 1117                   	
 1118 E541  3E 01       	LD A,1		; Fehler ausgeben
 1119 E543  C9          	RET
 1120                   
 1121                   	;---------------------------------------------------------------------
 1122                   	; Write Maxi disk
 1123                   
 1124 E544  06 05       MAXIWR:	LD B,RETRY
 1125                   
 1126 E546  C5          MAXIW1:	PUSH BC		; Dazu Fehlerzaehler retten
 1127                   
 1128 E547  2A E853     	LD HL,(IOD)	; Quelleadresse laden
 1129                   	
 1130 E54A  3A E851     	LD A,(IOT)	; Spur
 1131 E54D  57          	LD D,A
 1132                   	
 1133 E54E  3A E852     	LD A,(IOS)	; Sektor
 1134 E551  5F          	LD E,A
 1135                   	
 1136 E552  06 02       	LD B,2		; Schreib-Befehlscode
 1137 E554  CD E4F6     	CALL MAXCAL	; vorher Laufwerk umrechnen
 1138 E557  CD E769     	CALL FEXEC	; und ausfuehren
 1139 E55A  C1          	POP BC	
 1140 E55B  C8          	RET Z		; -> no error
 1141                   	
 1142 E55C  05          	DEC B
 1143 E55D  C2 E546     	JP NZ,MAXIW1	; -> retry
 1144                   	
 1145 E560  3E 01       	LD A,1		; bad sector
 1146 E562  B7          	OR A
 1147 E563  C9          	RET
 1148                   
 1149                   ;-----------------------------------------------------------------------------
 1150                   ; Flush current sector buffer
 1151                   
 1152         FFFF      	IF DG01
 1153                   
 1154 E564              FLUSH:	; BDOS close file
 1155 E564  C3 DCA2     	JP BDOSADR + 08A2H
 1156                   
 1157                   	; write sector buffer to disk if changed
 1158 E567  3A E847     	LD A,(BUFCHG)
 1159 E56A  B7          	OR A
 1160 E56B  C8          	RET Z
 1161 E56C  C3 E6A6     	JP PUTPHS
Z80ASM SuperFast Relocating Macro Assembler     	    Z80ASM 1.32 Page  17
NBIOS10 Z80

 1162                   
 1163                   	ENDIF	; DG01
 1164                   
 1165                   ;=============================================================================
 1166                   ; Read Mini disk, 80 Spur, DD, DS
 1167                   
 1168                   ;READ und WRITE unter Verwendung von MEXEC
 1169                   ; HL=DMA ADR
 1170                   ; DE=TRACK/SECTOR
 1171                   ; B=0 RSTORE
 1172                   ;   1 READ
 1173                   ;   2 WRITE
 1174                   ; C=DRIVE 0...3  10H,11H,12H,13H  DOUBMIN 0D0H,0D1H,0D2H,0D3H
 1175                   ;                                          A   C    B    D
 1176                   
 1177         FC00      PHSBUF	EQU 0FC00H	; Memory area of interactive Monitor for logical sector (1K)
 1178                   
 1179                   ;-----------------------------------------------------------------------------
 1180                   ; Calculates physical drive from DBANK and IOT -> C
 1181                   ; only for Mini disks
 1182                   
 1183                   ; DBANK, IOT     C
 1184                   ;  0     F    -> 0
 1185                   ;  1     F    -> 2
 1186                   ;  0     B    -> 1
 1187                   ;  1     B    -> 3
 1188                   
 1189                   ; muss fuer Minidisk C und D erweitert werden
 1190                   
 1191                   ; drive number (0..n-1) -> C, Bit 0..3
 1192                   ; side -> (0..n-1) -> C, Bit 7
 1193                   
 1194                   ; calculates physical sector from logical sector, IOS -> E
 1195                   ; logical sector 0..39 -> physical sector 1..5
 1196                   
 1197                   ; calculates logical track from physical track, IOT -> D
 1198                   ; 0..159 -> 0..79 (max 127)
 1199                   
 1200 E56F              MINCAL:
 1201                   
 1202         0000      	IF NOT DG01	; ----------
 1241                   	ELSE	; ----------
 1242                   
 1243         0000      	IF FALSE
 1250                   	ENDIF
 1251                   	
 1252                   	; logical sector to physical sector
 1253                   
 1254                   	; get drive specific factor
 1255 E56F  3A E84E     	LD A,(DBANK)
 1256 E572  E6 03       	AND 00000011B	; max 4 drives here
 1257 E574  21 E5AE     	LD HL,POWTB
 1258 E577  CD E5B2     	CALL LOOKUP
 1259 E57A  A7          	AND A
 1260 E57B  CA E588     	JP Z,MINIC4	; -> factor = 0
 1261                   
 1262 E57E  47          	LD B,A		; factor
 1263 E57F  3A E852     	LD A,(IOS)	; logical sector
Z80ASM SuperFast Relocating Macro Assembler     	    Z80ASM 1.32 Page  18
NBIOS10 Z80

 1264 E582              MINIC2:	;RRCA
 1265 E582  CB 3F       	SRL A
 1266 E584  10 FC       	DJNZ MINIC2
 1267                   
 1268                   	;AND 00001111b	; important because of rotate command
 1269 E586  18 03       	JR MINIC5
 1270                   
 1271 E588              MINIC4:	; factor = 0
 1272 E588  3A E852     	LD A,(IOS)
 1273                   
 1274 E58B  3C          MINIC5:	INC A		; sector number starts with 1
 1275 E58C  5F          	LD E,A		; save in E
 1276                   
 1277                   	; drive A,B,C -> 001,010,100
 1278 E58D  E5          	PUSH HL
 1279 E58E  3A E84E     	LD A,(DBANK)
 1280 E591  21 E5AA     	LD HL,CALCTB
 1281 E594  CD E5B2     	CALL LOOKUP
 1282 E597  E1          	POP HL
 1283                   
 1284 E598  4F          	LD C,A		; physical drive
 1285                   
 1286 E599  3A E851     	LD A,(IOT)
 1287 E59C  0F          	RRCA		; Track / 2,  = Phys Track, carry=backside
 1288                   	;AND 7FH		; Bereich Track 0..79 real
 1289 E59D  57          	LD D,A		; Track merken
 1290 E59E  D2 E5A5     	JP NC,MINIC6	; -> side 0
 1291                   
 1292                   	; side
 1293 E5A1  79          	LD A,C
 1294 E5A2  F6 80       	OR 10000000B	; side 1 flag
 1295 E5A4  4F          	LD C,A
 1296                   	
 1297 E5A5  7A          MINIC6:	LD A,D
 1298 E5A6  E6 7F       	AND 7FH		; limit to 0..127 tracks
 1299 E5A8  57          	LD D,A 
 1300                   
 1301                   	; D=track=D, E=sector, C=drive-code + side
 1302 E5A9  C9          	RET
 1303                   
 1304 E5AA              CALCTB:	; bit0..3=drive, bit4=density(0=DD), bit5=Mini/Maxi(1=Mini)
 1305                   	; bit7=side
 1306 E5AA  21          	DB	00100001B	; drive A -> drive0, dd, mini (DD)
 1307                   
 1308         0000      	IF NOT DG_BHD
 1310                   	ELSE
 1311 E5AB  02          	DB	00000010B	; drive B -> drive2, dd, maxi (HD)
 1312                   	ENDIF
 1313                   	
 1314         0000      	IF NOT DG_CHD
 1316                   	ELSE
 1317 E5AC  04          	DB	00000100B	; drive C -> drive2, dd, maxi (HD)
 1318                   	ENDIF
 1319                   	
 1320 E5AD  18          	DB	00011000B	; drive D -> drive3, sd, maxi (SD)
 1321                   	;DB	00011000B	; drive D -> drive3, sd, maxi (SD)
 1322                   
 1323 E5AE  03          POWTB:	DB 3		; drive A: [0..39] / 2^3 -> 0..4 (800K)
Z80ASM SuperFast Relocating Macro Assembler     	    Z80ASM 1.32 Page  19
NBIOS10 Z80

 1324                   
 1325                   	;DB 3		; drive B: [0..39] / 2^3 -> 0..4 (800K)
 1326 E5AF  02          	DB 2		; drive B: [0..59] / 2^2 -> 0..14 (1.2MB)
 1327                   	
 1328 E5B0  03          	DB 3		; drive C: [0..39] / 2^3 -> 0..4  1.44MB 1024 Byte
 1329                   	;DB 2		; drive C: [0..71] / 2^2 -> 0..17 1.44MB 512 Byte
 1330                   	
 1331 E5B1  00          	DB 0		; drive D: [0..25] / 2^0 -> 0..25 (240KB)
 1332                   
 1333                   	ENDIF	; DG01 ----------
 1334                   
 1335                   ;-----------------------------------------------------------------------------
 1336                   ; Lookup table, table in HL, offset in A
 1337                   
 1338         FFFF      	IF DG01
 1339                   
 1340 E5B2  D5          LOOKUP:	PUSH DE
 1341 E5B3  5F          	LD E,A
 1342 E5B4  16 00       	LD D,0
 1343 E5B6  19          	ADD HL,DE
 1344 E5B7  7E          	LD A,(HL)
 1345 E5B8  D1          	POP DE
 1346 E5B9  C9          	RET
 1347                   	
 1348                   	ENDIF
 1349                   	
 1350                   ;-----------------------------------------------------------------------------
 1351                   ; Read Mini disk
 1352                   ; DBANK, IOT, IOS,
 1353                   
 1354 E5BA  CD E56F     MINIRD:	CALL MINCAL	; calc physical drive and sector data for compare
 1355                   
 1356 E5BD  3A E848     	LD A,(CURDRV)
 1357 E5C0  B9          	CP C		; compare drive + side
 1358 E5C1  C2 E5DA     	JP NZ,MINIR2	; -> drive not equal, load sector
 1359                   	
 1360 E5C4  3A E84B     	LD A,(CURTRK)
 1361 E5C7  BA          	CP D		; compare track
 1362 E5C8  C2 E5DA     	JP NZ,MINIR2	; -> track not equal, load sector
 1363                   	
 1364 E5CB  3A E84C     	LD A,(CURSEC)
 1365 E5CE  BB          	CP E		; compare sector
 1366 E5CF  C2 E5DA     	JP NZ,MINIR2	; -> sector not equal, load sector
 1367                   
 1368                   	; blocking / deblocking
 1369                   
 1370 E5D2              MINIR1:	; actual physical sector is now in buffer PHSBUF
 1371                   
 1372         0000      	IF NOT DG01
 1389                   	ELSE
 1390                   
 1391 E5D2  CD E663     	CALL CALCPHS	; (PHSBUF+offset) -> DE, (IOD) -> HL, BC = 128
 1392 E5D5  EB          	EX DE,HL
 1393 E5D6  ED B0       	LDIR		; (DE++) <- (HL++), BC--
 1394                   			; (IOD) <- (PHSBUF+offset), 128 Byte
 1395                   	
 1396         FFFF      	IF DEBOUT
 1397                   	;LD A,0		; READ
Z80ASM SuperFast Relocating Macro Assembler     	    Z80ASM 1.32 Page  20
NBIOS10 Z80

 1398                   	;CALL DEBBUF
 1399                   	ENDIF
 1400                   			
 1401                   	ENDIF
 1402                   
 1403 E5D8  AF          	XOR A
 1404 E5D9  C9          	RET		; -> finished without error
 1405                   
 1406 E5DA              MINIR2:	; neuen Sektor laden, ggf. alten zurueckschreiben
 1407 E5DA  3A E847     	LD A,(BUFCHG)
 1408 E5DD  B7          	OR A
 1409 E5DE  CA E5E7     	JP Z,MINIR3
 1410                   
 1411 E5E1  CD E6A6     	CALL PUTPHS	; ALTEN ZURUECKSCHREIBEN
 1412 E5E4  DA E65A     	JP C,ERRIO
 1413                   	
 1414 E5E7  CD E56F     MINIR3:	CALL MINCAL	; BERECHNEN
 1415                   
 1416 E5EA  79          	LD A,C
 1417 E5EB  32 E848     	LD (CURDRV),A
 1418 E5EE  7B          	LD A,E
 1419 E5EF  32 E84C     	LD (CURSEC),A
 1420 E5F2  7A          	LD A,D
 1421 E5F3  32 E84B     	LD (CURTRK),A
 1422 E5F6  CD E684     	CALL GETPHS	; neuen Sektor lesen
 1423 E5F9  DA E65A     	JP C,ERRIO	; Fehler aufgetreten
 1424                   	
 1425 E5FC  C3 E5D2     	JP MINIR1
 1426                   
 1427                   ;-----------------------------------------------------------------------------
 1428                   ; Write Mini disk
 1429                   ; BDOS-Flag in C
 1430                   
 1431 E5FF  79          MINIWR:	LD A,C
 1432 E600  32 E84D     	LD (ISDIR),A	; flag for Directory Write (1=write)
 1433                   
 1434 E603  CD E56F     	CALL MINCAL	; calc physical sector and drive data for compare
 1435                   
 1436 E606  3A E848     	LD A,(CURDRV)	; und wie bei MINIRD
 1437 E609  B9          	CP C		;
 1438 E60A  C2 E635     	JP NZ,MINIW3	; other drive -> load sector
 1439                   
 1440 E60D  3A E84B     	LD A,(CURTRK)
 1441 E610  BA          	CP D
 1442 E611  C2 E635     	JP NZ,MINIW3	; other track -> load sector
 1443                   
 1444 E614  3A E84C     	LD A,(CURSEC)
 1445 E617  BB          	CP E
 1446 E618  C2 E635     	JP NZ,MINIW3	; other sector -> load sector
 1447                   
 1448                   	; blocking / deblocking
 1449                   	
 1450 E61B              MINIW1:	; actual physical sector is now in PHSBUF
 1451                   
 1452         0000      	IF NOT DG01
 1468                   	ELSE
 1469                   
 1470 E61B  CD E663     	CALL CALCPHS	; (PHSBUF+offset) -> DE, (IOD) -> HL, BC = 128
Z80ASM SuperFast Relocating Macro Assembler     	    Z80ASM 1.32 Page  21
NBIOS10 Z80

 1471 E61E  ED B0       	LDIR		; (DE++) <- (HL++), BC--
 1472                   			; (PHSBUF+Offset) <- (IOD), 128 Byte
 1473                   
 1474                   	ENDIF
 1475                   				
 1476 E620  3E 01       	LD A,1
 1477 E622  32 E847     	LD (BUFCHG),A	; set buffer changed flag
 1478                   	
 1479 E625  3A E84D     	LD A,(ISDIR)
 1480 E628  FE 01         	CP 1
 1481 E62A  C2 E633     	JP NZ,MINIW2	; -> no directory sector
 1482                   
 1483                   	; directory sector: do not cache
 1484 E62D  CD E6A6     	CALL PUTPHS 
 1485 E630  DA E65A     	JP C,ERRIO	; if error then bad sector
 1486                   
 1487 E633              MINIW2:	; -> finished without error
 1488 E633  AF          	XOR A
 1489 E634  C9          	RET
 1490                   
 1491 E635              MINIW3:	; load new sector, write current if changed
 1492 E635  3A E847     	LD A,(BUFCHG)
 1493 E638  B7          	OR A
 1494 E639  CA E642     	JP Z,MINIW4
 1495                   	
 1496 E63C  CD E6A6     	CALL PUTPHS	; write current sector to disk
 1497 E63F  DA E65A     	JP C,ERRIO
 1498                   	
 1499 E642  CD E56F     MINIW4:	CALL MINCAL	; calc physical drive and sector data
 1500 E645  79          	LD A,C
 1501 E646  32 E848     	LD (CURDRV),A
 1502 E649  7B          	LD A,E
 1503 E64A  32 E84C     	LD (CURSEC),A
 1504 E64D  7A          	LD A,D
 1505 E64E  32 E84B     	LD (CURTRK),A
 1506 E651  CD E684     	CALL GETPHS
 1507 E654  DA E65A     	JP C,ERRIO
 1508                   
 1509                   	; no error
 1510 E657  C3 E61B     	JP MINIW1
 1511                   
 1512                   ;-----------------------------------------------------------------------------
 1513                   
 1514 E65A  3E 01       ERRIO:	LD A,1	; Fehler aufgetreten
 1515 E65C  B7          	OR A
 1516 E65D  C9          	RET
 1517                   
 1518                   ;-----------------------------------------------------------------------------
 1519                   ; Calculates the pointer into PHSBUF based on sector number in IOS
 1520                   ; (PHSBUF + offset) -> DE
 1521                   ; (IOD) -> HL
 1522                   ; 128 -> BC (logical sector length)
 1523                   
 1524         FFFF      	IF DG01
 1525                   
 1526                   ; mask for modulo (n = IOS mod mask)
 1527 E65E  07          MSKTB:	DB 00000111B	; drive a: phys. sector = 1024, modulo 0..7
 1528                   	;DB 00000111B	; drive b: phys. sector = 1024, modulo 0..7
Z80ASM SuperFast Relocating Macro Assembler     	    Z80ASM 1.32 Page  22
NBIOS10 Z80

 1529 E65F  03          	DB 00000011B	; drive b: phys. sector = 512, modulo 0..3
 1530 E660  07          	DB 00000111B	; drive c: phys. sector = 1024, modulo 0..7
 1531 E661  03          	DB 00000011B	; drive c: phys. sector = 512, modulo 0..3
 1532 E662  00          	DB 00000000B	; phys. sector = 128, modulo 0
 1533                   
 1534 E663              CALCPHS:
 1535 E663  3A E84E     	LD A,(DBANK)
 1536 E666  21 E65E     	LD HL,MSKTB
 1537 E669  CD E5B2     	CALL LOOKUP
 1538 E66C  47          	LD B,A
 1539                   
 1540 E66D  3A E852     	LD A,(IOS)	; logical sector number (0..n-1)
 1541 E670  A0          	AND B
 1542 E671  57          	LD D,A		; load to high-byte (mul 256)
 1543 E672  1E 00       	LD E,0
 1544 E674  CB 2A       	SRA D		; div/2 by shift right
 1545 E676  CB 1B       	RR E
 1546                   	; now we have (IOS mod SECSIZE) * 128 in DE
 1547 E678  21 FC00     	LD HL,PHSBUF
 1548 E67B  19          	ADD HL,DE	; pointer into PHSBUF in DE
 1549                   	
 1550         FFFF      	IF DEBOUT
 1551                   	;LD C,'['
 1552                   	;CALL CONOUT
 1553                   	;CALL DEBX16
 1554                   	;LD C,']'
 1555                   	;CALL CONOUT
 1556                   	ENDIF
 1557                   	
 1558 E67C  EB          	EX DE,HL
 1559 E67D  2A E853     	LD HL,(IOD)
 1560 E680  01 0080     	LD BC,128
 1561 E683  C9          	RET
 1562                   
 1563                   	;LD HL,PHSBUF
 1564                   	;LD A,(IOS)	; PHSBUF + ((0..39) MOD 8) * 128
 1565                   	;AND 00000111b	; 0..7 (mod 8)
 1566                   	;LD D,A		; * 256 (low byte is written into the high byte)
 1567                   	;LD E,0
 1568                   	;SRA D		; div/2 by shift right
 1569                   	;RR E
 1570                   	;ADD HL,DE	; HL = source (PHSBUF+offset)
 1571                   	;EX DE,HL	; DE = source
 1572                   	;LD HL,(IOD)	; HL = dest (IOD)
 1573                   	;EX DE,HL	; DE = dest, HL = source
 1574                   	;LD BC,128	; logical sector length
 1575                   	;LDIR		; (DE++) <- (HL++), BC--
 1576                   			; (IOD) <- (PHSBUF+offset), 128 Byte
 1577                   	;XOR A
 1578                   	;RET		; -> finished without error
 1579                   
 1580                   	ENDIF
 1581                   
 1582                   ;-----------------------------------------------------------------------------
 1583                   ; Read physical sector to PHSBUF
 1584                   ; Mini disk only
 1585                   ; TRKAKT,SEKAKT,DRVAKT ENTHALTEN NEUE BUFFERADRESSE
 1586                   
Z80ASM SuperFast Relocating Macro Assembler     	    Z80ASM 1.32 Page  23
NBIOS10 Z80

 1587 E684              GETPHS:	; reset buffer changed flag
 1588 E684  AF          	XOR A		
 1589 E685  32 E847     	LD (BUFCHG),A
 1590                   
 1591         0000      	IF NOT DG01
 1605                   	ELSE
 1606                   
 1607 E688  21 FC00     	LD HL,PHSBUF	; buffer address for data
 1608 E68B  3A E84C     	LD A,(CURSEC)
 1609 E68E  5F          	LD E,A
 1610 E68F  3A E848     	LD A,(CURDRV)	; bit0..3 and side in bit7
 1611 E692  4F          	LD C,A
 1612 E693  06 01       	LD B,1		; 1 = read
 1613 E695  3A E84B     	LD A,(CURTRK)
 1614 E698  57          	LD D,A
 1615                   	
 1616 E699  CD E769     	CALL FEXEC	; -> new floppy routine
 1617 E69C  DA E6A4     	JP C,PHSERR
 1618                   
 1619         FFFF      	IF DEBOUT
 1620 E69F  CD E76C     	CALL DEBPHY
 1621                   	ENDIF
 1622                   	
 1623                   	ENDIF
 1624                   
 1625                   	; no error
 1626 E6A2  AF          	XOR A
 1627 E6A3  C9          	RET
 1628                   
 1629                   ;-----------------------------------------------------------------------------
 1630                   
 1631 E6A4              PHSERR:	
 1632         FFFF      	IF DEBOUT
 1633                   	;LD C,'*'
 1634                   	;CALL CONOUT
 1635                   	ENDIF
 1636                   
 1637 E6A4  37          	SCF
 1638 E6A5  C9          	RET
 1639                   
 1640                   ;-----------------------------------------------------------------------------
 1641                   ; Write PHSBUF to physical sector
 1642                   ; Mini disk only
 1643                   
 1644 E6A6              PUTPHS:	; reset buffer changed flag
 1645 E6A6  AF          	XOR A
 1646 E6A7  32 E847     	LD (BUFCHG),A
 1647                   	
 1648         0000      	IF NOT DG01
 1662                   	ELSE
 1663                   
 1664 E6AA  21 FC00     	LD HL,PHSBUF	; buffer address
 1665 E6AD  3A E84C     	LD A,(CURSEC)
 1666 E6B0  5F          	LD E,A
 1667 E6B1  3A E848     	LD A,(CURDRV)	; bit0..3 and side in bit7
 1668 E6B4  4F          	LD C,A
 1669 E6B5  06 02       	LD B,2		; 2 = write
 1670 E6B7  3A E84B     	LD A,(CURTRK)
Z80ASM SuperFast Relocating Macro Assembler     	    Z80ASM 1.32 Page  24
NBIOS10 Z80

 1671 E6BA  57          	LD D,A
 1672                   
 1673         FFFF      	IF DEBOUT
 1674 E6BB  CD E76C     	CALL DEBPHY
 1675                   	ENDIF
 1676                   	
 1677 E6BE  CD E769     	CALL FEXEC	; -> new floppy routine
 1678 E6C1  DA E6A4     	JP C,PHSERR
 1679                   	
 1680                   	ENDIF
 1681                   	
 1682                   	; no error
 1683 E6C4  AF          	XOR A
 1684 E6C5  C9          	RET
 1685                   
 1686                   ;-----------------------------------------------------------------------------
 1687                   
 1688         FFFF      	IF DG01
 1689                   
 1690                   ; Addresses of IDE-80 CF-Adapter card
 1691                   
 1692         0018      IDEDATA	EQU 018h	; IDE Data Register
 1693         001A      SECCND	EQU 01Ah	; Sector Count Register
 1694         001B      LBA7	EQU 01Bh	; LBA Bits 0-7
 1695         001C      LBA15	EQU 01Ch	; LBA Bits 8-15
 1696         001D      LBA23	EQU 01Dh	; LBA Bits 16-23
 1697         001E      IDEHEAD	EQU 01Eh	; IDE Drive Head Register
 1698         001F      IDESTAT	EQU 01Fh	; IDE Command/Status Register
 1699                   
 1700                   ;-----------------------------------------------------------------------------
 1701                   
 1702                   ; Read one sector from disk.
 1703                   ; Return a 00h in A if the operation completes properly, and 01h if an error occurs during the read.
 1704                   ; Disk number in 'diskno' (4..7)
 1705                   ; Track number in 'track' (0..255)
 1706                   ; Sector number in 'sector' (0..63)
 1707                   ; DMA address in 'dmaad' (0-65535)
 1708                   ; 
 1709                   ; LBA
 1710                   ; 00000000 00000000 00000000
 1711                   ; 00000000 tttttttt ssssssdd
 1712                   ;        E        B        C
 1713                   
 1714         FC00      HSTBUF	EQU PHSBUF	; buffer for phyiscal sector
 1715         E84E      DISKNO	EQU DBANK
 1716         E851      TRACK	EQU IOT
 1717         E852      SECTOR	EQU IOS
 1718         E853      DMAAD	EQU IOD
 1719                   
 1720         F02A      MIDERD	EQU 0F02Ah
 1721         F02D      MIDEWR	EQU 0F02Dh
 1722                   
 1723 E6C6  21 FC00     IDERD:	LD HL,HSTBUF
 1724                   
 1725                   	; LBA0..7 -> C
 1726 E6C9  3A E852     	LD A,(SECTOR)
 1727 E6CC  CB 27       	SLA A		; make room for 4 disks (0 to 3, 2 bits)
 1728 E6CE  CB 27       	SLA A
Z80ASM SuperFast Relocating Macro Assembler     	    Z80ASM 1.32 Page  25
NBIOS10 Z80

 1729 E6D0  47          	LD B,A
 1730 E6D1  3A E84E     	LD A,(DISKNO)
 1731 E6D4  D6 04       	SUB A,4
 1732 E6D6  B0          	OR B
 1733 E6D7  4F          	LD C,A		; C = sector * 4 + (diskno - 4)
 1734                   	
 1735                   	; LBA8..15 -> B
 1736 E6D8  3A E851     	LD A,(TRACK)
 1737 E6DB  47          	LD B,A
 1738                   	
 1739                   	; LBA16..23) -> E
 1740 E6DC  1E 00       	LD E,0
 1741                   
 1742                   	;LD A,'R'
 1743                   	;CALL DEBIDE	; debug output
 1744 E6DE  CD F02A     	CALL MIDERD
 1745                   	
 1746         0000      	IF FALSE
 1796                   	ENDIF		; FALSE
 1797                   
 1798 E6E1  E6 01       	AND 01H
 1799 E6E3  C0          	RET NZ		; -> exit with error
 1800                   			
 1801 E6E4  2A E853     	LD HL,(DMAAD)	; memory location to place data read from disk
 1802 E6E7  11 FC00     	LD DE,HSTBUF	; host buffer
 1803                   
 1804 E6EA  06 80       	LD B,128	; size of CP/M sector
 1805 E6EC  1A          IDERD6:	LD A,(DE)	; get byte from host buffer
 1806 E6ED  77          	LD (HL),A	; put in memory
 1807 E6EE  23          	INC HL
 1808 E6EF  13          	INC DE
 1809 E6F0  10 FA       	DJNZ IDERD6	; put 128 bytes into memory
 1810                   
 1811                   	;POP AF
 1812                   	;IN A,(IDESTAT)	; get status
 1813                   	;AND 01H		; error bit
 1814                   
 1815                   	; no error
 1816 E6F2  AF          	XOR A
 1817 E6F3  C9          	RET
 1818                   
 1819                   ;-----------------------------------------------------------------------------
 1820                   
 1821                   ; Write one sector to disk.
 1822                   ; Return a 00h in register A if the operation completes properly, and 0lh if an error occurs during the read or write
 1823                   ; Disk number in 'diskno'
 1824                   ; Track number in 'track'
 1825                   ; Sector number in 'sector'
 1826                   ; DMA address in 'dmaad' (0-65535)
 1827                   
 1828 E6F4  2A E853     IDEWR:	LD HL,(DMAAD)	; memory location of data to write
 1829 E6F7  11 FC00     	LD DE,HSTBUF	; host buffer
 1830 E6FA  06 80       	LD B,128	; size of CP/M sector
 1831                   
 1832 E6FC  7E          IDEWR1:	LD A,(HL)	; get byte from memory
 1833 E6FD  12          	LD (DE),A	; put in host buffer
 1834 E6FE  23          	INC HL
 1835 E6FF  13          	INC DE
Z80ASM SuperFast Relocating Macro Assembler     	    Z80ASM 1.32 Page  26
NBIOS10 Z80

 1836 E700  10 FA       	DJNZ IDEWR1	; put 128 bytes in host buffer
 1837                   
 1838 E702  21 FC00     	LD HL,HSTBUF
 1839                   
 1840                   	; LBA0..7 -> C
 1841 E705  3A E852     	LD A,(SECTOR)
 1842 E708  CB 27       	SLA A		; make room for 4 disks (0 to 3, 2 bits)
 1843 E70A  CB 27       	SLA A
 1844 E70C  47          	LD B,A
 1845 E70D  3A E84E     	LD A,(DISKNO)
 1846 E710  D6 04       	SUB A,4
 1847 E712  B0          	OR B
 1848 E713  4F          	LD C,A		; C = sector * 4 + (diskno - 4)
 1849                   	
 1850                   	; LBA8..15 -> B
 1851 E714  3A E851     	LD A,(TRACK)
 1852 E717  47          	LD B,A
 1853                   	
 1854                   	; LBA16..23) -> E
 1855 E718  1E 00       	LD E,0
 1856                   
 1857                   	;LD A,'W'
 1858                   	;CALL DEBIDE	; debug output
 1859 E71A  CD F02D     	CALL MIDEWR
 1860                   
 1861                   	; status in A
 1862 E71D  E6 01       	AND 01h		; notwendig ?
 1863 E71F  C9          	RET
 1864                   
 1865                   
 1866         0000      	IF FALSE
 1914                   	ENDIF		; FALSE
 1915                   
 1916                   	ENDIF		; DG01
 1917                   
 1918                   ;------------------------------------------------------------------------------
 1919                   ; Patch BDOS close function
 1920                   
 1921         FFFF      	IF DG01
 1922                   
 1923         E0A8      PATFADR	EQU BDOSADR + 0CA8H
 1924                   
 1925 E720  DD 21 E0A8  PATF:	LD IX,PATFADR
 1926 E724  DD 7E 00    	LD A,(IX)
 1927 E727  FE C3       	CP 0C3h		; Z80 JP
 1928 E729  20 0A       	JR NZ,PATF1	; -> patch data does not match, do not patch
 1929                   
 1930 E72B  3E 64       	LD A,LOW FLUSH
 1931 E72D  DD 77 01    	LD (IX+1),A
 1932 E730  3E E5       	LD A,HIGH FLUSH
 1933 E732  DD 77 02    	LD (IX+2),A
 1934                   	
 1935 E735  C9          PATF1:	RET
 1936                   
 1937                   ;------------------------------------------------------------------------------
 1938                   ; Patch BDOS drive initialisation
 1939                   
 1940         E08C      PATAADR	EQU BDOSADR + 0C8CH
Z80ASM SuperFast Relocating Macro Assembler     	    Z80ASM 1.32 Page  27
NBIOS10 Z80

 1941                   ;BDPADR	EQU	0E043h
 1942 E736  0000        BDACT	DW 0			; BDOS active drive address
 1943                   
 1944 E738  DD 21 E08C  PATA:	LD IX,PATAADR
 1945 E73C  DD 7E 00    	LD A,(IX)
 1946 E73F  FE AF       	CP 0AFh			; Z80 XOR A
 1947 E741  20 25       	JR NZ,PATA1		; -> patch data does not match, do not patch
 1948                   	
 1949 E743  DD 7E 01    	LD A,(IX+1)
 1950 E746  FE 32       	CP 032h			; Z80 LD (abs),A
 1951 E748  20 1E       	JR NZ,PATA1		; -> patch data does not match, do not patch
 1952                   
 1953 E74A  DD 7E 02    	LD A,(IX+2)
 1954 E74D  6F          	LD L,A
 1955 E74E  DD 7E 03    	LD A,(IX+3)
 1956 E751  67          	LD H,A
 1957 E752  22 E736     	LD (BDACT),HL
 1958                   
 1959 E755  DD 36 01 CD 	LD (IX+1),0CDh		; Z80 CALL
 1960 E759  DD 36 02 61 	LD (IX+2),LOW PATACL
 1961 E75D  DD 36 03 E7 	LD (IX+3),HIGH PATACL
 1962                   
 1963                   	;LD C,'+'
 1964                   	;CALL CONOUT
 1965                   
 1966                   	;---------------------------------------------------------------------
 1967                   	; BDOS patch: init BDOS active drive
 1968                   
 1969 E761  2A E736     PATACL:	LD HL,(BDACT)
 1970 E764  3E 00       	LD A,BTDRV
 1971 E766  77          	LD (HL),A
 1972                   
 1973                   	;PUSH BC
 1974                   	;LD C,'!'
 1975                   	;CALL CONOUT
 1976                   	;LD A,(ACTIVE)
 1977                   	;ADD '0'
 1978                   	;LD C,A
 1979                   	;CALL CONOUT
 1980                   	;POP BC
 1981 E767  C9          	RET
 1982                   
 1983 E768              PATA1:	;LD C,'-'
 1984                   	;CALL CONOUT
 1985 E768  C9          	RET
 1986                   
 1987                   ;-----------------------------------------------------------------------------
 1988                   
 1989         0000      	IF FALSE
 2024                   	ENDIF		; FALSE
 2025                   
 2026                   	ENDIF		; DG01
 2027                   
 2028                   ;------------------------------------------------------------------------------
 2029                   
 2030 E769  C3 F021     FEXEC:	JP 0F021h	; new Mini/Maxi routine
 2031                   
 2032         0000      	IF NOT DG01
Z80ASM SuperFast Relocating Macro Assembler     	    Z80ASM 1.32 Page  28
NBIOS10 Z80

 2039                   	ENDIF
 2040                   
 2041                   ;=============================================================================
 2042                   ; Debuging routines
 2043                   
 2044                   ;-----------------------------------------------------------------------------
 2045                   ; Debug Read/Write physical sector
 2046                   ; B=1: read, B=2: write
 2047                   
 2048         FFFF      	IF DEBOUT
 2049                   
 2050 E76C  3A E855     DEBPHY:	LD A,(DEBACT)
 2051 E76F  E6 01       	AND A,01H
 2052 E771  C8          	RET Z
 2053                   
 2054 E772  C5          	PUSH BC
 2055 E773  E5          	PUSH HL
 2056 E774  69          	LD L,C		; save drive code
 2057                   	
 2058 E775  0E 5B       	LD C,'['
 2059 E777  CD F009     	CALL CONOUT
 2060 E77A  0E 50       	LD C,'P'
 2061 E77C  CD F009     	CALL CONOUT
 2062                   	
 2063 E77F  78          	LD A,B
 2064                   	;PUSH AF
 2065 E780  FE 01       	CP 1		; read
 2066 E782  20 04       	JR NZ,DEBPH1	; -> write
 2067                   
 2068                   	; read
 2069 E784  0E 52       	LD C,'R'
 2070 E786  18 02       	JR DEBPH2
 2071                   
 2072 E788              DEBPH1:	; write
 2073 E788  0E 57       	LD C,'W'
 2074                   
 2075 E78A  CD F009     DEBPH2:	CALL CONOUT
 2076                   
 2077 E78D  0E 2C       	LD C,','
 2078 E78F  CD F009     	CALL CONOUT
 2079                   
 2080                   	; drive code in L
 2081 E792  7D          	LD A,L
 2082 E793  E6 8F       	AND 10001111B
 2083                   	;LD H,0
 2084 E795  CD E826     	CALL DEBX8
 2085                   
 2086 E798  0E 2C       	LD C,','
 2087 E79A  CD F009     	CALL CONOUT
 2088                   
 2089                   	; track
 2090 E79D  7A          	LD A,D
 2091 E79E  CD E826     	CALL DEBX8
 2092                   
 2093 E7A1  0E 2C       	LD C,','
 2094 E7A3  CD F009     	CALL CONOUT
 2095                   
 2096                   	; sector
Z80ASM SuperFast Relocating Macro Assembler     	    Z80ASM 1.32 Page  29
NBIOS10 Z80

 2097 E7A6  7B          	LD A,E
 2098 E7A7  CD E826     	CALL DEBX8
 2099                   
 2100 E7AA  0E 5D       	LD C,']'
 2101 E7AC  CD F009     	CALL CONOUT
 2102                   
 2103                   	;POP AF
 2104                   	;CP 1		; read
 2105                   	;JR NZ,DEBPH3	; -> write
 2106                   
 2107                   	; read
 2108 E7AF  CD E7B5     	CALL DEBLK
 2109                   
 2110 E7B2  E1          DEBPH3:	POP HL
 2111 E7B3  C1          	POP BC
 2112 E7B4  C9          	RET
 2113                   
 2114                   	ENDIF
 2115                   
 2116                   ;-----------------------------------------------------------------------------
 2117                   
 2118         FFFF      	IF DEBOUT
 2119                   
 2120 E7B5  D5          DEBLK:	PUSH DE
 2121                   
 2122 E7B6  0E 3C       	LD C,'<'
 2123 E7B8  CD F009     	CALL CONOUT
 2124                   
 2125 E7BB  21 FC00     	LD HL,PHSBUF
 2126 E7BE  06 08       	LD B,8
 2127                   
 2128 E7C0              DEBLK1:	; loop B=8..1
 2129 E7C0  7E          	LD A,(HL)
 2130 E7C1  CD E826     	CALL DEBX8
 2131 E7C4  0E 2D       	LD C,'-'
 2132 E7C6  CD F009     	CALL CONOUT
 2133                   
 2134 E7C9  23          	INC HL
 2135 E7CA  7E          	LD A,(HL)
 2136 E7CB  CD E826     	CALL DEBX8
 2137 E7CE  0E 2D       	LD C,'-'
 2138 E7D0  CD F009     	CALL CONOUT
 2139                   	
 2140 E7D3  23          	INC HL
 2141 E7D4  7E          	LD A,(HL)
 2142 E7D5  CD E826     	CALL DEBX8
 2143 E7D8  0E 2C       	LD C,','
 2144 E7DA  CD F009     	CALL CONOUT
 2145                   
 2146 E7DD  2B          	DEC HL
 2147 E7DE  2B          	DEC HL
 2148 E7DF  11 0080     	LD DE,80H
 2149 E7E2  19          	ADD HL,DE
 2150 E7E3  10 DB       	DJNZ DEBLK1
 2151                   	
 2152 E7E5  0E 3E       	LD C,'>'
 2153 E7E7  CD F009     	CALL CONOUT
 2154                   
Z80ASM SuperFast Relocating Macro Assembler     	    Z80ASM 1.32 Page  30
NBIOS10 Z80

 2155 E7EA  D1          	POP DE
 2156                   	
 2157 E7EB  C9          	RET
 2158                   
 2159                   	ENDIF
 2160                   
 2161                   ;-----------------------------------------------------------------------------
 2162                   ; Debug output (DBANK) (READ/WRITE)
 2163                   
 2164         0000      	IF FALSE
 2189                   	ENDIF
 2190                   
 2191                   ;-----------------------------------------------------------------------------
 2192                   ; Debug SELDRV
 2193                   
 2194         0000      	IF FALSE
 2219                   	ENDIF
 2220                   
 2221                   ;-----------------------------------------------------------------------------
 2222                   ; Display drive, track, sector C,B,E
 2223                   
 2224         0000      	IF FALSE
 2284                   	ENDIF
 2285                   
 2286                   ;-----------------------------------------------------------------------------
 2287                   ; debug BDOS buffer, first 3 characters
 2288                   ; pointer in DMA, A=0: read, A=1: write
 2289                   
 2290         0000      	IF FALSE
 2343                   	ENDIF
 2344                   
 2345                   ;=============================================================================
 2346                   ; Debug outputs
 2347                   
 2348         FFFF      	IF DEBOUT
 2349                   
 2350                   ;-----------------------------------------------------------------------------
 2351                   ; Display value in HL as decimal
 2352                   
 2353 E7EC  F5          DEBDEC:	PUSH AF
 2354 E7ED  C5          	PUSH BC
 2355                   
 2356 E7EE  01 D8F0     	LD BC,-10000	; 1. Zehnerpotenz: Zehntausender
 2357 E7F1  CD E80E     	CALL DEBDE1
 2358 E7F4  01 FC18     	LD BC,-1000	; 2. Zehnerpotenz: Tausender
 2359 E7F7  CD E80E     	CALL DEBDE1
 2360 E7FA  01 FF9C     	LD BC,-100	; 3. Zehnerpotenz: Hunderter
 2361 E7FD  CD E80E     	CALL DEBDE1
 2362 E800  01 FFF6     	LD BC,-10	; 4. Zehnerpotenz: Zehner
 2363 E803  CD E80E     	CALL DEBDE1
 2364 E806  0E FF       	LD C,-1		; 5. Zehnerpotenz: Einer (immer ausgeben)
 2365 E808  CD E80E     	CALL DEBDE1
 2366                   	
 2367 E80B  C1          	POP BC
 2368 E80C  F1          	POP AF
 2369 E80D  C9          	RET
 2370                   
 2371                   
Z80ASM SuperFast Relocating Macro Assembler     	    Z80ASM 1.32 Page  31
NBIOS10 Z80

 2372 E80E  3E 2F       DEBDE1:	LD A,'0' - 1	; Startwert fuer ASCII-Zeichen ('0' minus 1)
 2373                   
 2374 E810  3C          DEBDE2:	INC A		; Zeichen um 1 erhoehen (ASCII-Code weiterzaehlen)
 2375 E811  09          	ADD HL,BC	; Zehnerpotenz abziehen
 2376 E812  38 FC       	JR C,DEBDE2	; Wenn kein Uebertrag (Zahl war groesser), weiter abziehen
 2377                   
 2378 E814  ED 42       	SBC HL,BC	; Uebertrag korrigieren (zu viel abgezogen, also wieder drauf)
 2379                       
 2380                   	; Das Zeichen (ASCII-Code) befindet sich jetzt im Akkumulator (A).
 2381                   	;PUSH BC	; Register sichern
 2382                   	;PUSH HL
 2383 E816  4F          	LD C,A		; character to print
 2384 E817  CD F009     	CALL CONOUT	; uses A
 2385                   	;POP HL
 2386                   	;POP BC
 2387 E81A  C9          	RET
 2388                   
 2389                   ;-----------------------------------------------------------------------------
 2390                   ; Output HL as 4-digit hex string
 2391                   
 2392 E81B  F5          DEBX16:	PUSH AF
 2393                   
 2394 E81C  7C          	LD A,H
 2395 E81D  CD E826     	CALL DEBX8
 2396 E820  7D          	LD A,L
 2397 E821  CD E826     	CALL DEBX8
 2398                   	
 2399 E824  F1          	POP AF
 2400 E825  C9          	RET
 2401                   
 2402                   ;-----------------------------------------------------------------------------
 2403                   ; Output A as 2-digit hex string
 2404                   
 2405 E826  F5          DEBX8:	PUSH AF
 2406 E827  C5          	PUSH BC
 2407                   
 2408 E828  F5          	PUSH AF
 2409 E829  0F          	RRCA
 2410 E82A  0F          	RRCA
 2411 E82B  0F          	RRCA
 2412 E82C  0F          	RRCA
 2413 E82D  CD E837     	CALL DEBXN
 2414 E830  F1          	POP AF
 2415 E831  CD E837     	CALL DEBXN
 2416                   
 2417 E834  C1          	POP BC
 2418 E835  F1          	POP AF
 2419 E836  C9          	RET
 2420                   
 2421                   ;-----------------------------------------------------------------------------
 2422                   ; Output low-nibble in A 1-digit hex string
 2423                   
 2424 E837  E6 0F       DEBXN:	AND 0Fh
 2425 E839  FE 0A       	CP 0Ah
 2426 E83B  38 04       	JR C,DEBXN1
 2427                   	
 2428 E83D  C6 37       	ADD A,'A'-10
 2429 E83F  18 02       	JR DEBXN2
Z80ASM SuperFast Relocating Macro Assembler     	    Z80ASM 1.32 Page  32
NBIOS10 Z80

 2430                   
 2431 E841  C6 30       DEBXN1:	ADD A,'0'
 2432                   
 2433 E843  4F          DEBXN2:	LD C,A
 2434 E844  C3 F009     	JP CONOUT
 2435                   
 2436                   ;-----------------------------------------------------------------------------
 2437                   
 2438                   	ENDIF	; DEBOUT
 2439                   
 2440                   ;=============================================================================
 2441                   
 2442                   ; data area
 2443                   
 2444 E847  00          BUFCHG:	DB 0		; flag if PHSBUF is changed
 2445         0000      	IF NOT DG01
 2447                   	ELSE
 2448 E848  FF          CURDRV:	DB 0FFH		; DRIVE das geladen ist
 2449 E849  0000        CURDPB:	DW 0		; current disk parameter block
 2450                   	ENDIF
 2451 E84B  00          CURTRK:	DB 0		; TRACK 
 2452 E84C  00          CURSEC:	DB 0		; SEKTOR
 2453 E84D  00          ISDIR:	DB 0		; 1 = is directory write
 2454                   
 2455 E84E  00          DBANK:	DB 0		; disk bank (selected disk)
 2456                   
 2457         0000      	IF NOT DG01
 2460                   	ELSE
 2461 E84F  0001        IOPB:	DW 1		; address of DPB of selected disk
 2462                   	ENDIF
 2463 E851  04          IOT:	DB 4		; track number (offset des boot laufwerks???)
 2464 E852  01          IOS:	DB 1		; NUMMER DES GEWUENSCHTEN SEKTORS
 2465 E853  0080        IOD:	DW BUFF		; DMA-ADRESSE
 2466         0000      	IF NOT DG01
 2470                   	ENDIF
 2471                   
 2472         FFFF      	IF DEBOUT
 2473 E855  00          DEBACT:	DB 0
 2474                   	ENDIF
 2475                   
 2476                   	;ENDEF		; end macro
 2477                   
 2478                   	; floppy data area (from diskdef.lib)
 2479                   
 2480         E856      BEGDAT	EQU	$
 2481 E856    0080      DIRBUF:	DS	128	;DIRECTORY ACCESS BUFFER
 2482                   
 2483 E8D6    0031      ALV0:	DS	49
 2484 E907    0040      CSV0:	DS	64
 2485                   
 2486         0000      	IF NOT DG_BHD
 2489                   	ELSE
 2490         0000      	IF FALSE
 2494                   	ELSE
 2495                   ;ALV1:	DS	35	;37
 2496 E947    0025      ALV1:	DS	37
 2497 E96C    0040      CSV1:	DS	64
 2498                   	ENDIF
Z80ASM SuperFast Relocating Macro Assembler     	    Z80ASM 1.32 Page  33
NBIOS10 Z80

 2499                   	ENDIF
 2500                   
 2501         0000      	IF NOT DG_CHD
 2504                   	ELSE
 2505                   	; 1.44 MB
 2506 E9AC    002D      ALV2:	DS	45
 2507 E9D9    0040      CSV2:	DS	64
 2508                   	ENDIF
 2509                   
 2510 EA19    001F      ALV3:	DS	31
 2511 EA38    0010      CSV3:	DS	16
 2512                   
 2513         0000      	IF NOT DG01
 2518                   	ELSE
 2519                   
 2520 EA48    0080      ALV4:	DS	128	; size of each must be (DSM/8)+1
 2521 EAC8    0001      CSV4:	DS	1	; Could probably remove these chk areas, but just made size small
 2522 EAC9    0080      ALV5:	DS	128
 2523 EB49    0001      CSV5:	DS	1
 2524 EB4A    0080      ALV6:	DS	128
 2525 EBCA    0001      CSV6:	DS	1
 2526 EBCB    0080      ALV7:	DS	128
 2527 EC4B    0001      CSV7:	DS	1
 2528                   
 2529                   	ENDIF	; DG01
 2530                   	
 2531         EC4C      ENDDAT	EQU	$
 2532         03F6      DATSIZ	EQU	$-BEGDAT
 2533                   
 2534 EC4C              ENDBIOS:
 2535                   
 2536         0A4C      SIZE	EQU ENDBIOS-STARTBIOS
 2537                   
 2538                   	END
 0 Error(s) Detected.
 2636 Absolute Bytes. 192 Symbols Detected.
EA19    001F    