Z80ASM SuperFast Relocating Macro Assembler     	    Z80ASM 1.32 Page   1
NBIOS10 Z80

    1                   ;*****************************************************************************
    2                   ; NBIOS.Z80								     *
    3                   ; basiert auf der Version 3.1 1984 Rolf-Dieter Klein 841220                  *
    4                   ; Version fuer 2 Mini und 2 Maxi Laufwerke				     *
    5                   ; ****************************************************************************
    6                   ;
    7                   ; PLEASE NOTE THE CHANGED BIOS START ADDRESS !!!
    8                   ;
    9                   ; 24.06.2026 *dg* Kommentare hinzugefuegt
   10                   ;                 Binaer identisch zur Origial-Version
   11                   ; 06.07.2026 *dg* Erste Aenderungen am BIOS. Alte Monnitor-Routinen werden
   12                   ;                 nich mehr verwendet. Laufwerksumrechnung gedndert.
   13                   ;                 Version getestet.
   14                   ;                 Alle Aenderungen mit bedingter Assemblierung (Flag MINI3)
   15                   ;                 Testweise den Speicherbereich fuer das BIOS auf E200..EFFF
   16                   ;		  geaendert. CP/M startet dann bei CC00 (58K)
   17                   ; 09.07.2026 *dg* Erweitert um 4 IDE/CF-Laufwerke - funktioniert nicht
   18                   ;                 System bootet aber Schreiben auf die IDE-Laufwerke schldgt fehl.
   19                   
   20                   ;------------------------------------------------------------------------------
   21                   
   22                   	;MACLIB DISKDEF1	; LOAD DEFINTION FOR DISKS
   23                   
   24         0016      CPMVERS	EQU 22		; CP/M version
   25         0000      FALSE	EQU 0
   26         FFFF      TRUE	EQU NOT FALSE
   27         FFFF      TEST	EQU TRUE
   28         000D      CR	EQU 0DH		; carriage return
   29         000A      LF	EQU 0AH		; line feed
   30                   
   31                   ;------------------------------------------------------------------------------
   32                   ; Variant switches
   33                   
   34                   ; aktiviert alle bisherigen Aenderungen gegenueber der Originalversion 3.1
   35         FFFF      DG01	EQU TRUE
   36                   
   37                   ; aendert die Laufwerksdefinition:
   38                   ; 3 Mini drives
   39                   ; A = Mini drive 0
   40                   ; B = Mini drive 1
   41                   ; C = Mini drive 2
   42                   ; D = Maxi drive 3 Side 0
   43                   ; E = Maxi drive 3 Side 1
   44                   ; F = RAM disk
   45         FFFF      MINI3	EQU TRUE
   46                   
   47                   ; logical drive to boot from
   48         0000      	IF NOT MINI3
   50                   	ELSE
   51                   ;BTDRV	EQU 4		; drive E: (CF)
   52         0000      BTDRV	EQU 0		; drive A:
   53                   	ENDIF
   54                   
   55                   ;------------------------------------------------------------------------------
   56                   ; Monitor functions
   57                   
   58         FFFF      	IF DG01
   59                   
Z80ASM SuperFast Relocating Macro Assembler     	    Z80ASM 1.32 Page   2
NBIOS10 Z80

   60         F009      MCONOUT	EQU 0F009h	; character in C
   61                   
   62                   	ENDIF
   63                   
   64                   ;------------------------------------------------------------------------------
   65                   
   66                   ;MSIZE 	EQU 60		; Speichergroesse, hier 60K
   67         003A      MSIZE 	EQU 58		; Speichergroesse, hier 58K
   68                   
   69         9800      BIAS	EQU (MSIZE-20)*1024	; min=20K
   70         CC00      CCP	EQU 3400H+BIAS	; Start des CCP
   71         D406      BDOS	EQU CCP+806H	; dort beginnt das BDOS
   72         E200      BIOS	EQU CCP+1600H	; und dort das BIOS
   73                   
   74         CC00      CPMB	EQU CCP		; Start CP/M-Boot
   75                   
   76         1600      CPML	EQU BIOS-CPMB	; Laenge des CP/Ms
   77         002C      NSECTS	EQU CPML/128	; Anzahl der von CP/M belegten Sektoren
   78                   
   79                   
   80         0004      CDISK	EQU 0004H	; address for last used drive
   81         0080      BUFF	EQU 0080H	; buffer address
   82         0005      RETRY	EQU 5		; Fehlerversuche bei BOOT und Maxi Read/Write
   83                   
   84                   ;-----------------------------------------------------------------------------
   85                   
   86         E200      	ORG BIOS	; regular start of BIOS
   87                   	;ORG BIOS-4000H	; for debugging
   88                   
   89                   ; VEKTORTABELLE der BIOS-Einspruenge
   90                   
   91 E200              STARTBIOS:
   92                   
   93 E200  C3 E33C     	JP BOOT	; Kalt-Start
   94                   	
   95 E203  C3 E35F     WBOOTE:	JP WBOOT	; Warm-Start, bei CTRL-C
   96 E206  C3 E333     	JP CONST	; Consol Status, Ergebnis in A
   97 E209  C3 E336     	JP CONIN	; Consol Eingabe, nach A	
   98 E20C  C3 F009     	JP CONOUT	; Consol Ausgabe von C
   99 E20F  C3 F00F     	JP LIST		; Ausgabe auf den Drucker, von C
  100 E212  C3 F00C     	JP PUNCH	; Ausgabe auf PO, C-Register
  101 E215  C3 F006     	JP READER	; Eingabe nach RI, A-Register
  102                   
  103 E218  C3 E3FA     	JP HOME		; Laufwerk nur Track 0
  104 E21B  C3 E3FF     	JP SELDSK	; Select drive, returns disk parameter header block in HL
  105 E21E  C3 E415     	JP SETTRK	; Spur auswaehlen
  106 E221  C3 E41A     	JP SETSEC	; Sektor auswaehlen
  107 E224  C3 E436     	JP SETDMA	; Adresse festlegen                     
  108 E227  C3 E449     	JP READ		; Sektor lesen
  109 E22A  C3 E4BF     	JP WRITE	; Sektor schreiben
  110 E22D  C3 E3F7     	JP LISTST	; Drucker fertig ?
  111 E230  C3 E41F     	JP SECTRAN	; sector translation (skew only)
  112                   
  113                   ;-----------------------------------------------------------------------------
  114                   
  115         0000      	IF NOT MINI3
  258                   	ELSE	; ------------------------------------------------------------
  259                   
Z80ASM SuperFast Relocating Macro Assembler     	    Z80ASM 1.32 Page   3
NBIOS10 Z80

  260                   	; size of mini disks A, B, C
  261                   	; TRUNC(5 logical sectors * 1024 logical sector size * (2*80 tracks - 4 offset) / 2048 block size) - 1 = ca. 780 KB
  262                   	; TRUNC (5 * 1024 * (160-4)/2048) - 1 = ca. 780 K
  263         0185      SIZEAB	EQU 389
  264                   
  265                   	; track offset for disk A, B, C
  266         0004      OFFSAB	EQU 4
  267                   
  268                   	;DISKS 8		; define 8 drives (A..H)
  269         0008      NDISKS	EQU	8	
  270                   
  271         E233      DPBASE	EQU	$		;BASE OF DISK PARAMETER BLOCKS
  272                   
  273 E233  0000  0000  DPE0:	DW	XLT0,0000H	;TRANSLATE TABLE
  274 E237  0000  0000  	DW	0000H,0000H	;SCRATCH AREA
  275 E23B  E794  E2B3  	DW	DIRBUF,DPB0	;DIR BUFF,PARM BLOCK
  276 E23F  E845  E814  	DW	CSV0,ALV0	;CHECK, ALLOC VECTORS
  277                   	
  278 E243  0000  0000  DPE1:	DW	XLT1,0000H	;TRANSLATE TABLE
  279 E247  0000  0000  	DW	0000H,0000H	;SCRATCH AREA
  280 E24B  E794  E2B3  	DW	DIRBUF,DPB1	;DIR BUFF,PARM BLOCK
  281 E24F  E8B6  E885  	DW	CSV1,ALV1	;CHECK, ALLOC VECTORS
  282                   	
  283 E253  0000  0000  DPE2:	DW	XLT2,0000H	;TRANSLATE TABLE
  284 E257  0000  0000  	DW	0000H,0000H	;SCRATCH AREA
  285 E25B  E794  E2B3  	DW	DIRBUF,DPB2	;DIR BUFF,PARM BLOCK
  286 E25F  E915  E8F6  	DW	CSV2,ALV2	;CHECK, ALLOC VECTORS
  287                   	
  288 E263  E2D1  0000  DPE3:	DW	XLT3,0000H	;TRANSLATE TABLE
  289 E267  0000  0000  	DW	0000H,0000H	;SCRATCH AREA
  290 E26B  E794  E2C2  	DW	DIRBUF,DPB3	;DIR BUFF,PARM BLOCK
  291 E26F  E944  E925  	DW	CSV3,ALV3	;CHECK, ALLOC VECTORS
  292                   	
  293 E273  0000  0000  DPE4:	DW	0000h, 0000h
  294 E277  0000  0000  	DW	0000h, 0000h
  295 E27B  E794  E2EB  	DW	DIRBUF, DPB4
  296 E27F  E9D4  E954  	DW	CSV4, ALV4
  297                   	
  298 E283  0000  0000  DPE5:	DW	0000h, 0000h
  299 E287  0000  0000  	DW	0000h, 0000h
  300 E28B  E794  E2EB  	DW	DIRBUF, DPB5
  301 E28F  EA55  E9D5  	DW	CSV5, ALV5
  302                   	
  303 E293  0000  0000  DPE6:	DW	0000h, 0000h
  304 E297  0000  0000  	DW	0000h, 0000h
  305 E29B  E794  E2EB  	DW	DIRBUF, DPB6
  306 E29F  EAD6  EA56  	DW	CSV6, ALV6
  307                   	
  308 E2A3  0000  0000  DPE7:	DW	0000h, 0000h
  309 E2A7  0000  0000  	DW	0000h, 0000h
  310 E2AB  E794  E2EB  	DW	DIRBUF, DPB7
  311 E2AF  EB57  EAD7  	DW	CSV7, ALV7
  312                   
  313                   	; Disk 0 (A) ---------------------------------------------------------
  314                   	
  315                   	; *** DISKDEF BEDEUTUNG DER PARAMETER***
  316                   	; 0 = NUMMER DES LAUFWERKS
  317                   	; 0 = NUMMER DES ERSTEN SEKTORS EINER SPUR
Z80ASM SuperFast Relocating Macro Assembler     	    Z80ASM 1.32 Page   4
NBIOS10 Z80

  318                   	; 39 =  NUMMER DES LETZTEN SEKTORS EINER SPUR
  319                   	; 0 = OPTIONALER VERSCHIEBUNGSFAKTOR ZUM
  320                   	;     VERSETZEN ABSPEICHERN DER SEKTOREN
  321                   	; 2048 = GROESSE EINES BLOCKS
  322                   	; SIZEAB = ZAHL DER MAX. MOEGLICHEN BLOECKE
  323                   	; 256 = ZAHL DER DIRECTORY EINTRITTSPUNKTE
  324                   	; 256 = ZAHL DER GEPRUEFTEN EINTRITTSPUNKTE
  325                   	; OFFSAB = ADDITIVE KONSTANTE ZUM ANSPRECHEN DER SPUR 00
  326                   
  327                   	; physical format: 3,5 inch/5.25 inch, DD, DS, 1024 bytes/sector, 5 sectors/track, 80 tracks
  328                   	; DISKDEF 0,0,39,0,2048,SIZEAB,256,256,OFFSAB
  329         E2B3      DPB0	EQU	$		;DISK PARM BLOCK
  330 E2B3  0028        	DW	40		;SEC PER TRACK
  331 E2B5  04          	DB	4		;BLOCK SHIFT
  332 E2B6  0F          	DB	15		;BLOCK MASK
  333 E2B7  00          	DB	0		;EXTNT MASK
  334 E2B8  0184        	DW	388		;DISK SIZE-1
  335 E2BA  00FF        	DW	255		;DIRECTORY MAX
  336 E2BC  F0          	DB	240		;ALLOC0
  337 E2BD  00          	DB	0		;ALLOC1
  338 E2BE  0040        	DW	64		;CHECK SIZE
  339 E2C0  0004        	DW	4		;OFFSET
  340         0000      XLT0	EQU	0		;NO XLATE TABLE
  341                   
  342                   	; Disk 1 (B), same as Disk A -----------------------------------------
  343                   	
  344                   	; DISKDEF 1,0	; LAUFWERK 1 WIE LAUFWERK 0 DEFINIERT
  345         E2B3      DPB1	EQU	DPB0	;EQUIVALENT PARAMETERS
  346                   ;ALS1	EQU	ALS0	;SAME ALLOCATION VECTOR SIZE
  347                   ;CSS1	EQU	CSS0	;SAME CHECKSUM VECTOR SIZE
  348         0000      XLT1	EQU	XLT0	;SAME TRANSLATE TABLE
  349                   
  350                   	; Disk 2 (C), same as Disk A -----------------------------------------
  351                   
  352                   	; DISKDEF 2,0	; LAUFWERK 2 WIE LAUFWERK 0 DEFINIERT
  353         E2B3      DPB2	EQU	DPB0	;EQUIVALENT PARAMETERS
  354                   ;ALS2	EQU	ALS0	;SAME ALLOCATION VECTOR SIZE
  355                   ;CSS2	EQU	CSS0	;SAME CHECKSUM VECTOR SIZE
  356         0000      XLT2	EQU	XLT0	;SAME TRANSLATE TABLE
  357                   
  358                   	; Disk 3 (D) --------------------------------------------------------
  359                   	; physical format: 8 inch, SD, SS, 128 bytes/sector, 26 sectors/track, 77 tracks
  360                   	; DISKDEF 3,1,26,6,1024,243,64,64,2 ; 8 ZOLL DEFINITION
  361                   
  362         E2C2      DPB3	EQU	$		;DISK PARM BLOCK
  363 E2C2  001A         	DW	26		;SEC PER TRACK
  364 E2C4  03           	DB	3		;BLOCK SHIFT
  365 E2C5  07           	DB	7		;BLOCK MASK
  366 E2C6  00           	DB	0		;EXTNT MASK
  367 E2C7  00F2         	DW	242		;DISK SIZE-1
  368 E2C9  003F         	DW	63		;DIRECTORY MAX
  369 E2CB  C0           	DB	192		;ALLOC0
  370 E2CC  00           	DB	0		;ALLOC1
  371 E2CD  0010         	DW	16		;CHECK SIZE
  372 E2CF  0002         	DW	2		;OFFSET
  373                   	
  374         E2D1      XLT3	EQU	$		;TRANSLATE TABLE
  375 E2D1  01           	DB	1		
Z80ASM SuperFast Relocating Macro Assembler     	    Z80ASM 1.32 Page   5
NBIOS10 Z80

  376 E2D2  07           	DB	7		
  377 E2D3  0D           	DB	13		
  378 E2D4  13           	DB	19		
  379 E2D5  19           	DB	25		
  380 E2D6  05           	DB	5		
  381 E2D7  0B           	DB	11		
  382 E2D8  11           	DB	17		
  383 E2D9  17           	DB	23		
  384 E2DA  03           	DB	3		
  385 E2DB  09           	DB	9		
  386 E2DC  0F           	DB	15		
  387 E2DD  15           	DB	21		
  388 E2DE  02           	DB	2		
  389 E2DF  08           	DB	8		
  390 E2E0  0E           	DB	14		
  391 E2E1  14           	DB	20		
  392 E2E2  1A            	DB	26		
  393 E2E3  06           	DB	6		
  394 E2E4  0C           	DB	12		
  395 E2E5  12           	DB	18		
  396 E2E6  18           	DB	24		
  397 E2E7  04           	DB	4		
  398 E2E8  0A           	DB	10		
  399 E2E9  10           	DB	16		
  400 E2EA  16           	DB	22	
  401                   
  402                   	; Disk 4 (E), IDE partition 0 ----------------------------------------
  403                   	; 64-sector tracks, numbering starting at zero (sectors 0 to 63)
  404                   	; Block size 2048
  405                   	; Disk size 2 mb, DSM 1023, yields 256 tracks (0 to 255)
  406 E2EB              DPB4:	;disk parameter block for all disks.
  407 E2EB  0040        	DW	64		;sectors per track
  408 E2ED  04          	DB	4		;block shift factor
  409 E2EE  0F          	DB	15		;block mask - with block shift, sets block size to 1024
  410 E2EF  00          	DB	0		;null mask
  411 E2F0  03FF        	DW	1023		;disk size-1 = number of blocks in a disk - 1
  412 E2F2  0100        	DW	256		;directory max = no. directory entries/disk, arbitrary
  413 E2F4  F0          	DB	240		;alloc 0 -- need 4 bits (blocks) for 256 directory entries -- 
  414 E2F5  00          	DB	0		;alloc 1 -- no. bits = (directory max x 32)/block size	
  415 E2F6  0000        	DW	0		;check size -- no checking, so zero
  416 E2F8  0001        	DW	1		;track offset -- first track for system
  417                   
  418                   	; Disk 5 (F), IDE partition 1 ----------------------------------------
  419         E2EB      DPB5	EQU	DPB4	;EQUIVALENT PARAMETERS
  420                   ;ALS3	EQU	ALS2	;SAME ALLOCATION VECTOR SIZE
  421                   ;CSS3	EQU	CSS2	;SAME CHECKSUM VECTOR SIZE
  422                   
  423                   	; Disk 6 (G), IDE partition 2 ----------------------------------------
  424         E2EB      DPB6	EQU	DPB4	;EQUIVALENT PARAMETERS
  425                   ;ALS3	EQU	ALS2	;SAME ALLOCATION VECTOR SIZE
  426                   ;CSS3	EQU	CSS2	;SAME CHECKSUM VECTOR SIZE
  427                   
  428                   	; Disk 7 (H), IDE partition 3 ----------------------------------------
  429         E2EB      DPB7	EQU	DPB4	;EQUIVALENT PARAMETERS
  430                   ;ALS3	EQU	ALS2	;SAME ALLOCATION VECTOR SIZE
  431                   ;CSS3	EQU	CSS2	;SAME CHECKSUM VECTOR SIZE
  432                   
  433                   	ENDIF	; MINI3
Z80ASM SuperFast Relocating Macro Assembler     	    Z80ASM 1.32 Page   6
NBIOS10 Z80

  434                   
  435                   ;-----------------------------------------------------------------------------
  436                   ; CP/M message after cold start
  437                   
  438 E2FA              SIGNON:
  439                   
  440         0000      	IF NOT DG01
  449                   	ELSE
  450                   
  451 E2FA  1A          	DB 26
  452 E2FB  0D 0A 43 50 	DB CR,LF,'CP/M '
  453 E302  32 2E 32    	DB CPMVERS/10+'0','.',CPMVERS MOD 10+'0'
  454 E305  20 66 6F 72 	DB ' for MC-Computer '
  455 E316  35 38       	DB MSIZE/10+'0',MSIZE MOD 10+'0'
  456 E318  4B 20 4E 42 	DB 'K NBIOS 260710-01 BOOT='
  457 E32F  30          	DB BTDRV+'0'
  458 E330  0D 0A 00    	DB CR,LF,0
  459                   	
  460                   	ENDIF
  461                   
  462                   ;-----------------------------------------------------------------------------
  463                   ; Monitor routines and addresses
  464                   
  465 E333  C3 F012     CONST:	JP 0F012H	; DIESE ROUTINE LIEFERT DEN STATUS DER
  466                   			; EINGABETASTATUR. WURDE EIN ZEICHEN
  467                   			; EINGEGEBEN, SO LIEFERT DIE ROUTINE 0FFH. 
  468                   	
  469 E336  CD F003     CONIN:	CALL 0F003H	; DIE ROUTINE HOLT EIN ZEICHEN VON DER
  470                   			; TASTATUR AB UND SETZT DAS HOECHSTE BIT
  471                   			; (PARITY BIT) AUF NULL
  472 E339  E6 7F       	AND 7FH
  473 E33B  C9          	RET
  474                   
  475         F01E      MON80	EQU 0F01EH	; Neustart des Monitors
  476                   
  477         F009      CONOUT	EQU 0F009H	; ROUTINE ZUR AUSGABE EINES ZEICHENS IM
  478                   			; C-REGISTER AN DIE KONSOLE. DAZU SPRUNG 
  479                   			; IN DEN MONITOR IM EPROM
  480                   
  481         F00F      LIST	EQU 0F00FH	; ADRESSE FUER DEN SPRUNG IN DIE AUSGABEROUTINE,
  482                   			; UM EIN ZEICHEN IM C-REGISTER AN DIE DRUCKER-
  483                   			; SCHNITTSTELLE ZU LIEFERN
  484                   
  485         F00C      PUNCH	EQU 0F00CH	; ADRESSE FUER DEN SPRUNG IN DIE AUSGABEROUTINE,
  486                   			; UM EIN ZEICHEN IM C-REGISTER AN DIE STANZ-
  487                   			; SCHNITTSTELLE ZU LIEFERN
  488                   
  489         F006      READER	EQU 0F006H	; ADRESSE FUER DEN SPRUNG IN DIE EINGABEROUTINE,
  490                   			; UM EIN ZEICHEN VON LESER-KANAL ZU HOLEN,
  491                   			; UND DAS ZEICHEN IM A-REGISTER ABZULIEFERN (RI)	
  492                   
  493                   ;-----------------------------------------------------------------------------
  494                   ; Cold boot
  495                   
  496 E33C  31 0100     BOOT:	LD SP,BUFF+80H	; output start message
  497 E33F  21 E2FA     	LD HL,SIGNON
  498 E342  CD E43C     	CALL PRMSG
  499                   	
Z80ASM SuperFast Relocating Macro Assembler     	    Z80ASM 1.32 Page   7
NBIOS10 Z80

  500                   	; clear / set last used drive
  501 E345  3E 00       	LD A,BTDRV
  502 E347  32 0004     	LD (CDISK),A
  503                   	
  504                   	; sector buffer is empty, set to physical sector buffer not changed
  505 E34A  AF          	XOR A
  506 E34B  32 E786     	LD (BUFCHG),A
  507                   	
  508                   	; drive is undefined
  509 E34E  3E FF       	LD A,0FFH
  510 E350  32 E787     	LD (CURDRV),A
  511                   
  512                   	; disable monitor entries, set to WBOOT
  513 E353  21 E35F     	LD HL,WBOOT
  514 E356  22 F034     	LD (0F033H+1),HL
  515 E359  22 F037     	LD (0F036H+1),HL
  516                   	
  517         FFFF      	IF DG01
  518                   	; patch BDOS avtive drive
  519                   	;CALL PATA
  520                   	;CALL PATB
  521                   	ENDIF
  522                   	
  523 E35C  C3 E3B5     	JP GOCPM	; start CP/M
  524                   
  525                   ;-----------------------------------------------------------------------------
  526                   ; Warm boot
  527                   
  528 E35F              WBOOT:	; write physical sector buffer to disk if changed
  529 E35F  3A E786     	LD A,(BUFCHG)
  530 E362  B7          	OR A
  531 E363  CA E366     	JP Z,WBOO1
  532                   
  533         0000      	IF NOT MINI3
  540                   	ENDIF
  541                   			
  542 E366  3E FF       WBOO1:	LD A,0FFH	; alle Tracks ungueltig, bei Diskettenwechsel wichtig
  543 E368  32 E787     	LD (CURDRV),A
  544                   
  545 E36B  31 0080     	LD SP,BUFF	; Stack zuweisen
  546 E36E  0E 05       	LD C,RETRY	; Anzahl der Versuche
  547 E370  C5          	PUSH BC		; und dann anfangen zu booten
  548                   
  549 E371              WBOO2:	; loop, load CP/M
  550                   	; hier ist noch das Format des Boot-Laufwerks hardkodiert !!!
  551 E371  01 CC00     	LD BC,CPMB	; Boot von MINI-Diskette / Boot drive
  552 E374  CD E436     	CALL SETDMA	; auf der Startadresse des CP/Ms
  553 E377  0E 00       	LD C,BTDRV	; Laufwerk A (or BTDRV)
  554 E379  CD E3FF     	CALL SELDSK	; auswaehlen
  555 E37C  0E 00       	LD C,0		; Track 0
  556 E37E  CD E415     	CALL SETTRK	; und den zweiten phys. Sektor, (Nr 8 logisch)
  557 E381  0E 08       	LD C,8		; entspricht Nr 2 bei 1024 Bytes
  558 E383  CD E41A     	CALL SETSEC	; wichtig, da andere Zaehlweise
  559 E386  C1          	POP BC		; und von da an n Sektoren einlesen
  560 E387  06 2C       	LD B,NSECTS	; aber das BIOS nicht ueberschreiben
  561                   			; damit Patches leicht moeglich sind
  562                   
  563                   	;LD C,'*'
Z80ASM SuperFast Relocating Macro Assembler     	    Z80ASM 1.32 Page   8
NBIOS10 Z80

  564                   	;CALL MCONOUT
  565                   
  566 E389              WBOO3:	; sector read loop
  567 E389  C5          	PUSH BC		; Anzahl merken
  568 E38A  CD E449     	CALL READ	; LESEN ausfuehren
  569 E38D  C2 E3DF     	JP NZ,BOOTERR	; Fehler: defekter Sektor
  570                   	
  571 E390  2A E792     	LD HL,(IOD)	; Zieladresse laden
  572 E393  11 0080     	LD DE,128	; um logische Sektorgroesser erhoehen
  573 E396  19          	ADD HL,DE	; dazu addieren,
  574 E397  22 E792     	LD (IOD),HL	; und dann wieder zurueckspeichern.
  575 E39A  3A E791     	LD A,(IOS)	; Sektor laden
  576 E39D  FE 27       	CP 39		; Mini 0..39 Sektoren a 128 Bytes
  577                   			; Anzahl der Sektoren hardcodiert !!!
  578 E39F  DA E3AC     	JP C,WBOO4	; solange auf der gleichen Spur bleiben
  579                   
  580                   	; next track, Spurzuordnung hardcodert !!!
  581 E3A2  3A E790     	LD A,(IOT)	; Dann neue Spur anwaehlen,
  582 E3A5  3C          	INC A	  	; jedoch im Verfahren 0,2,...
  583 E3A6  3C          	INC A		; SPUR 0, dann SPUR 2, wegen BOOT.ASM
  584 E3A7  32 E790     	LD (IOT),A	; denn 1,3,5 ist die Rueckseite des Laufwerks
  585 E3AA  3E FF       	LD A,0FFH	; 0,1,2,3.... nach Increment A=0
  586                   	
  587 E3AC  3C          WBOO4:	INC A		; dann 0
  588 E3AD  32 E791     	LD (IOS),A	; und auch neuesn Sektor anwaehlen
  589 E3B0  C1          	POP BC		; Schleifenzaehler zuruech
  590 E3B1  05          	DEC B		; und immer weiter lesen
  591 E3B2  C2 E389     	JP NZ,WBOO3	; -> read next sector
  592                   	
  593                   	;---------------------------------------------------------------------
  594                   
  595 E3B5  01 0080     GOCPM:	LD BC,BUFF	; Buffer auf Default einstellen
  596 E3B8  CD E436     	CALL SETDMA	; so wie es CP/M braucht
  597 E3BB  3E C3       	LD A,0C3H	; Sprung auf den WARM-Boot im
  598 E3BD  32 0000     	LD (0),A	; RAM ablegen.
  599 E3C0  21 E203     	LD HL,WBOOTE	; Warm-Boot-Adresse
  600 E3C3  22 0001     	LD (1),HL	; nicht vergessen
  601 E3C6  32 0005     	LD (5),A	; Sprung auf die BDOS-CALL-Adresse
  602 E3C9  21 D406     	LD HL,BDOS	; legen und auch das Ziel
  603 E3CC  22 0006     	LD (6),HL	; dorthin
  604 E3CF  32 0038     	LD (7*8),A	; RST7 definieren, default ist Monitor
  605 E3D2  21 F01E     	LD HL,MON80	; der aber normalerweise kurzgeschl. ist.
  606 E3D5  22 0039     	LD (7*8+1),HL		
  607                   	
  608         FFFF      	IF DG01
  609                   	; clear / set last used drive
  610                   	;LD A,BTDRV
  611                   	;LD (CDISK),A
  612                   	; patch BDOS active drive
  613                   	;CALL PATA
  614                   	;CALL PATB
  615                   	ENDIF
  616                   	
  617 E3D8  3A 0004     	LD A,(CDISK)	; das zuletzt verwendete Laufwerk
  618 E3DB  4F          	LD C,A		; laden und damit selektieren.
  619 E3DC  C3 CC00     	JP CPMB
  620                   
  621                   	;---------------------------------------------------------------------
Z80ASM SuperFast Relocating Macro Assembler     	    Z80ASM 1.32 Page   9
NBIOS10 Z80

  622                   
  623 E3DF              BOOTERR:		; im Fehlerfalle, bei BAD-Sektor.
  624 E3DF  C1          	POP BC		; erst mal nocheinmal versuchen
  625 E3E0  0D          	DEC C
  626 E3E1  CA E3E8     	JP Z,BOOTE0	; bis hoffnungslos, dann Fehlermeldung
  627                   	
  628 E3E4  C5          	PUSH BC
  629 E3E5  C3 E371     	JP WBOO2	; -> try again
  630                   
  631 E3E8              BOOTE0:	; Fehlermeldung ausgeben und Monitor neu starten, bzw. WBOOT
  632 E3E8  21 E3F1     	LD HL,ERRMSG
  633 E3EB  CD E43C     	CALL PRMSG
  634 E3EE  C3 F01E     	JP MON80
  635                   
  636 E3F1              ERRMSG:	; Fehlermeldung
  637 E3F1  3F 42 4F 4F 	DB '?BOOT',0
  638                   
  639                   ;-----------------------------------------------------------------------------
  640                   ; List status (used by BDOS)
  641                   ; LST state, not used
  642                   
  643 E3F7  00          LISTST:	NOP
  644 E3F8  AF          	XOR A		; ggf. hier Sprung einbauen.
  645 E3F9  C9          	RET
  646                   
  647                   ;-----------------------------------------------------------------------------
  648                   ; Home drive (used by BDOS)
  649                   
  650 E3FA  0E 00       HOME:	LD C,0		; aber nur anwaehlen, nicht
  651 E3FC  C3 E415     	JP SETTRK	; ausfuehren
  652                   
  653                   ;-----------------------------------------------------------------------------
  654                   ; Select disk (used by BDOS)
  655                   ; drive-code in C (0..3)
  656                   
  657 E3FF  21 0000     SELDSK:	LD HL,0		; und pruefen ob gueltig
  658 E402  79          	LD A,C		; wenn groesser als ndisks
  659 E403  FE 08       	CP NDISKS	; dann nicht ok
  660 E405  D0          	RET NC		; Nummer 0 bis n-1 erscheint in A
  661                   	
  662 E406  32 E78D     	LD (DBANK),A
  663                   
  664         FFFF      	IF DG01
  665                   	;POP HL
  666                   	;PUSH HL
  667                   	;CALL DEBSEL
  668                   	ENDIF
  669                   	
  670                   			; dann zusaetzlich die	
  671 E409  69          	LD L,C		; Laufwerkstabelle ausrechnen
  672 E40A  26 00       	LD H,0		; dazu Nummer mit 16 multiplizieren
  673 E40C  29          	ADD HL,HL	
  674 E40D  29          	ADD HL,HL	
  675 E40E  29          	ADD HL,HL	
  676 E40F  29          	ADD HL,HL	
  677 E410  11 E233     	LD DE,DPBASE	; und Basisadresse drauf addieren.
  678 E413  19          	ADD HL,DE
  679                   
Z80ASM SuperFast Relocating Macro Assembler     	    Z80ASM 1.32 Page  10
NBIOS10 Z80

  680                   	;IF DG01
  681                   	;LD (IOPB),HL	; save DPB for additional parameters (not used yet)
  682                   	;ENDIF
  683                   
  684 E414  C9          	RET
  685                   
  686                   ;-----------------------------------------------------------------------------
  687                   ; Select track (used by BDOS)
  688                   ; track in C
  689                   
  690 E415  21 E790     SETTRK:	LD HL,IOT
  691 E418  71          	LD (HL),C
  692 E419  C9          	RET
  693                   
  694                   ;-----------------------------------------------------------------------------
  695                   ; Select sector  (used by BDOS)
  696                   ; sector in C
  697                   
  698 E41A  21 E791     SETSEC:	LD HL,IOS
  699 E41D  71          	LD (HL),C
  700 E41E  C9          	RET
  701                   
  702                   ;-----------------------------------------------------------------------------
  703                   ; Sector translation (used by BDOS)
  704                   ; sector in C
  705                   ; skew table in DE (or 0)
  706                   
  707 E41F  7A          SECTRAN:LD A,D		; wenn ein SKEW-Faktor verwendet wird,
  708 E420  B3                  OR E		; wie z.B. bei 8 Zoll ueblich.
  709 E421  CA E42E             JP Z,SECTR1	; =0, -> no skew
  710                   
  711 E424  06 00       	LD B,0		; sonst in DE Adresse der Skew-Tabelle
  712 E426  EB          	EX DE,HL	; skew table -> HL
  713 E427  09          	ADD HL,BC	; add BC
  714 E428  7E          	LD A,(HL)	; load skew value
  715 E429  32 E791     	LD (IOS),A	; save in IOS 
  716 E42C  6F          	LD L,A		; and in L
  717 E42D  C9          	RET
  718                   
  719 E42E              SECTR1:	; no skew
  720 E42E  69          	LD L,C		; sonst nur einfache Wert
  721 E42F  79                  LD A,C		; uebernehmen, ohne Umrechnung.
  722 E430  32 E791             LD (IOS),A	; auch merken
  723 E433  26 00               LD H,0		; se 0..255 max
  724 E435  C9                  RET
  725                   
  726                   ;-----------------------------------------------------------------------------
  727                   ; Set DMA address (used by BDOS)
  728                   ; address in BC
  729                   
  730 E436  69          SETDMA:	LD L,C
  731 E437  60          	LD H,B
  732 E438  22 E792     	LD (IOD),HL
  733 E43B  C9          	RET
  734                   
  735                   ;-----------------------------------------------------------------------------
  736                   ; 0-terminerte Text ausgaben, Adresse in HL
  737                   
Z80ASM SuperFast Relocating Macro Assembler     	    Z80ASM 1.32 Page  11
NBIOS10 Z80

  738 E43C  7E          PRMSG: 	LD A,(HL)
  739 E43D  B7          	OR A
  740 E43E  C8          	RET Z		; -> end of text
  741                   	
  742 E43F  E5          	PUSH HL
  743 E440  4F          	LD C,A
  744 E441  CD F009     	CALL CONOUT
  745 E444  E1          	POP HL
  746 E445  23          	INC HL
  747 E446  C3 E43C     	JP PRMSG	; -> next char
  748                   
  749                   ;=============================================================================
  750                   ; Read and write sector using FEXEC into monitor
  751                   
  752                   ;-----------------------------------------------------------------------------
  753                   ; Read sector
  754                   
  755                   ; Buffer (DMA address) in IOD
  756                   ; Drive in DBANK (0..n-1)
  757                   ; Track in IOT (0..n-1)
  758                   ; Sector in IOS (0..n-1)
  759                   
  760 E449              READ:
  761         0000      	IF NOT DG01
  770                   	ELSE
  771                   
  772                   	;POP HL
  773                   	;PUSH HL
  774                   	;CALL DEBDRV	; debug output (DBANK)
  775                   
  776 E449  3A E78D     	LD A,(DBANK)	; drive 0..5
  777 E44C  FE 03       	CP 3
  778 E44E  DA E531     	JP C,MINIRD	; A < 3 -> drive 0,1,2 (Mini disks)
  779                   	
  780 E451  FE 04       	CP 4
  781 E453  DA E49F     	JP C,MAXIRD	; A < 4 -> drive 3 (Maxi disks)
  782                   	
  783                   	ENDIF
  784                   
  785                   	;---------------------------------------------------------------------
  786                   	; A >= 5, Read RAM disk
  787                   
  788         0000      	IF NOT DG01
  799                   	ELSE
  800                   	
  801 E456  FE 08       	CP 8
  802 E458  DA E629     	JP C,IDERD	; A < 8 -> IDE disks 4,5,6,7
  803                   	
  804                   	ENDIF
  805                   	
  806                   	; error
  807 E45B  3E 01       	LD A,1		; Fehler da, Bank nicht vorhanden,
  808 E45D  C9          	RET		; wirkt wie BAD-Sektor
  809                   
  810                   	;---------------------------------------------------------------------
  811                   	
  812 E45E  AF          NOERR:	XOR A		; sonst ok.
  813 E45F  C9          	RET
Z80ASM SuperFast Relocating Macro Assembler     	    Z80ASM 1.32 Page  12
NBIOS10 Z80

  814                   
  815                   	;---------------------------------------------------------------------
  816                   	; Calculate address for ram disk, source in HL
  817                   	; SEKTOR 0..E,  TRAck 0..5fh
  818                   	; SSSSTTTT T0000000   , adresse fuer RAM-Floppy
  819 E460  3A E790     ADRERZ:	LD A,(IOT)		; Track holen
  820 E463  0F           	RRCA 			; und umrechnen
  821 E464  E6 0F        	AND 0FH		; unterer Teil vom MSB
  822 E466  67           	LD H,A
  823 E467  3A E791      	LD A,(IOS)		; dann Sektor dazu
  824 E46A  07           	RLCA
  825 E46B  07           	RLCA
  826 E46C  07           	RLCA
  827 E46D  07           	RLCA
  828 E46E  E6 F0        	AND 0F0H
  829 E470  B4           	OR H
  830 E471  67           	LD H,A		; damit sssstttt ok
  831 E472  3A E790      	LD A,(IOT)
  832 E475  0F           	RRCA			; txxxxxxx
  833 E476  E6 80        	AND 80H
  834 E478  6F           	LD L,A		; t0000000
  835 E479  3A E790      	LD A,(IOT)		; nun noch bank bestimmen, in c und b	
  836 E47C  07           	RLCA			; und dazu msb-Teil des Tracks verwenden
  837 E47D  07           	RLCA			; 0mmttttt
  838 E47E  07           	RLCA			; Banknummer
  839 E47F  E6 03        	AND 03H		; 000000mm
  840 E481  C6 01       	ADD A,1			; erst ab Bank 1 starten
  841 E483  47           	LD B,A		; da BANK 0=CP/M RAM und TPA
  842 E484  4F           	LD C,A		; ok beide definiert
  843 E485  C9           	RET
  844                   
  845                   ;-----------------------------------------------------------------------------
  846                     
  847                   ; Umrechnen fuer Maxi fuer neue Monitor Floppy-Routine
  848                   ; drive-code -> C
  849                   
  850 E486              MAXCAL:
  851         0000      	IF NOT DG01	; ----------
  868                   	ELSE		; ----------
  869                   
  870                   	; drive A,B,C -> 001,010,100
  871 E486  E5          	PUSH HL
  872 E487  3A E78D     	LD A,(DBANK)
  873 E48A  21 E524     	LD HL,CALCTB
  874 E48D  CD E529     	CALL LOOKUP
  875 E490  E1          	POP HL
  876 E491  4F          	LD C,A
  877                   
  878 E492  3A E78D     	LD A,(DBANK)
  879 E495  FE 04       	CP 4
  880 E497  C2 E49E     	JP NZ,MAXC1
  881                   	
  882                   	; drive E, side 1
  883 E49A  79          	LD A,C
  884 E49B  F6 80       	OR 10000000B
  885 E49D  4F          	LD C,A
  886                   
  887 E49E  C9          MAXC1:	RET
Z80ASM SuperFast Relocating Macro Assembler     	    Z80ASM 1.32 Page  13
NBIOS10 Z80

  888                   	
  889                   	ENDIF		; ----------
  890                   
  891                   ;-----------------------------------------------------------------------------
  892                   ; Read Maxi disk
  893                   
  894 E49F  06 05       MAXIRD:	LD B,RETRY	; Anzahl der Leseversuche
  895                   
  896 E4A1              MAXIR1:	; retry loop
  897 E4A1  C5          	PUSH BC		; dann ausfuehren
  898 E4A2  2A E792     	LD HL,(IOD)	; Zieladresse holen
  899 E4A5  3A E790     	LD A,(IOT)	; Spurnummer
  900 E4A8  57          	LD D,A	
  901 E4A9  3A E791     	LD A,(IOS)	; Sektornummer
  902 E4AC  5F          	LD E,A
  903 E4AD  06 01       	LD B,1		; Lese-Befehlscode
  904 E4AF  CD E486     	CALL MAXCAL	; vorher Laufwerkscode umrechnen
  905 E4B2  CD E6B8     	CALL FEXEC	; und dann ausfuehren
  906 E4B5  C1          	POP BC		; Retry-Zaehler
  907 E4B6  C8          	RET Z		; kein Fehler, dann ok zurueck
  908 E4B7  05          	DEC B		; sonst nochmals probieren
  909 E4B8  C2 E4A1     	JP NZ,MAXIR1	; -> retry		
  910                   	
  911 E4BB  3E 01       	LD A,1		; BAD SEKTOR
  912 E4BD  B7          	OR A
  913 E4BE  C9          	RET
  914                   
  915                   ;-----------------------------------------------------------------------------
  916                   ; Write sector using FEXEC into monitor
  917                   
  918                   ; Buffer (DMA address) in IOD
  919                   ; Drive in DBANK (0..n-1)
  920                   ; Track in IOT (0..n-1)
  921                   ; Sector in IOS (0..n-1)
  922                   ; BDOS-Flag in C (0 = standard sector, 1 = directory sector, 2 =  first sector in block)
  923                   
  924 E4BF              WRITE:	
  925         0000      	IF NOT DG01
  934                   	ELSE
  935                   
  936                   	;POP HL
  937                   	;PUSH HL
  938                   	;CALL DEBDRV	; debug output (DBANK)
  939                   
  940 E4BF  3A E78D     	LD A,(DBANK)	; drive 0..5
  941 E4C2  FE 03       	CP 3
  942 E4C4  DA E576     	JP C,MINIWR	; A < 3 -> drive 0,1,2 (Mini disks)
  943                   	
  944 E4C7  FE 04       	CP 4
  945 E4C9  DA E4D4     	JP C,MAXIWR	; A < 4 -> drive 3 (Maxi disks)
  946                   	
  947                   	ENDIF
  948                   	
  949                   	;---------------------------------------------------------------------
  950                   	
  951         0000      	IF NOT DG01
  961                   	ELSE
  962                   	
Z80ASM SuperFast Relocating Macro Assembler     	    Z80ASM 1.32 Page  14
NBIOS10 Z80

  963 E4CC  FE 08       	CP 8
  964 E4CE  DA E657     	JP C,IDEWR	; A < 8 -> IDE disks 4,5,6,7
  965                   	
  966                   	ENDIF
  967                   	
  968 E4D1  3E 01       	LD A,1		; Fehler ausgeben
  969 E4D3  C9          	RET
  970                   
  971                   	;---------------------------------------------------------------------
  972                   	; Write Maxi disk
  973                   
  974 E4D4  06 05       MAXIWR:	LD B,RETRY
  975                   
  976 E4D6  C5          MAXIW1:	PUSH BC		; Dazu Fehlerzaehler retten
  977                   
  978 E4D7  2A E792     	LD HL,(IOD)	; Quelleadresse laden
  979                   	
  980 E4DA  3A E790     	LD A,(IOT)	; Spur
  981 E4DD  57          	LD D,A
  982                   	
  983 E4DE  3A E791     	LD A,(IOS)	; Sektor
  984 E4E1  5F          	LD E,A
  985                   	
  986 E4E2  06 02       	LD B,2		; Schreib-Befehlscode
  987 E4E4  CD E486     	CALL MAXCAL	; vorher Laufwerk umrechnen
  988 E4E7  CD E6B8     	CALL FEXEC	; und ausfuehren
  989 E4EA  C1          	POP BC	
  990 E4EB  C8          	RET Z		; -> no error
  991                   	
  992 E4EC  05          	DEC B
  993 E4ED  C2 E4D6     	JP NZ,MAXIW1	; -> retry
  994                   	
  995 E4F0  3E 01       	LD A,1		; bad sector
  996 E4F2  B7          	OR A
  997 E4F3  C9          	RET
  998                   
  999                   ;=============================================================================
 1000                   ; Read Mini disk, 80 Spur, DD, DS
 1001                   
 1002                   ;READ und WRITE unter Verwendung von MEXEC
 1003                   ; HL=DMA ADR
 1004                   ; DE=TRACK/SECTOR
 1005                   ; B=0 RSTORE
 1006                   ;   1 READ
 1007                   ;   2 WRITE
 1008                   ; C=DRIVE 0...3  10H,11H,12H,13H  DOUBMIN 0D0H,0D1H,0D2H,0D3H
 1009                   ;                                          A   C    B    D
 1010                   ; 1K BUFFER IN MONITORGEBIET
 1011                   ; WIRD DADURCH TEILWEISE UEBERSCHRIEBEN
 1012                   ; BEI WARMBOOT MUSS BUFFER GELEERT WERDEN
 1013                   ; DEBLOCK WIRD AUS SICHERHEITSGRUENDEN NICHT VERWENDET
 1014                   
 1015         FC00      PHSBUF	EQU 0FC00H	; Memory area of interactive Monitor for logical sector (1K)
 1016                   
 1017                   ;-----------------------------------------------------------------------------
 1018                   ; Calculates physical drive from DBANK and IOT -> C
 1019                   ; only for Mini disks 0 and 1
 1020                   
Z80ASM SuperFast Relocating Macro Assembler     	    Z80ASM 1.32 Page  15
NBIOS10 Z80

 1021                   ; DBANK, IOT     C
 1022                   ;  0     F    -> 0
 1023                   ;  1     F    -> 2
 1024                   ;  0     B    -> 1
 1025                   ;  1     B    -> 3
 1026                   
 1027                   ; muss fuer Minidisk C und D erweitert werden
 1028                   
 1029                   ; calculates physical sector from logical sector, IOS -> E
 1030                   ; logical sector 0..39 -> physical sector 1..5
 1031                   
 1032                   ; calculates logical track from physical track, IOT -> D
 1033                   ; 0..159 -> 0..79 (max 127)
 1034                   
 1035 E4F4              MINCAL:
 1036                   
 1037         0000      	IF NOT DG01	; ----------
 1076                   	ELSE	; ----------
 1077                   
 1078                   	; logical sector (128 byte) to physical sector
 1079                   	
 1080         0000      	IF FALSE
 1092                   	ELSE
 1093                   	
 1094 E4F4  3A E791     	LD A,(IOS)	; 0..39 IST DER BEREICH (logic sector)
 1095                   	; hier den Maximalwert pruefen
 1096                   
 1097 E4F7  1E 03       	LD E,SECPOW
 1098 E4F9  B3          	OR E
 1099 E4FA  CA E505     	JP Z,MINIC3
 1100                   
 1101 E4FD  C5          	PUSH BC
 1102 E4FE  43          	LD B,E
 1103                   	
 1104 E4FF  0F          MINIC2:	RRCA
 1105 E500  10 FD       	DJNZ MINIC2
 1106                   
 1107 E502  C1          	POP BC
 1108                   
 1109 E503  E6 07       	AND 00000111b	; important because of rotate command
 1110                   
 1111 E505  3C          MINIC3:	INC A		; sector number starts with 1
 1112 E506  5F          	LD E,A		; save in E
 1113                   
 1114                   	ENDIF
 1115                   
 1116                   	; drive A,B,C -> 001,010,100
 1117 E507  E5          	PUSH HL
 1118 E508  3A E78D     	LD A,(DBANK)
 1119 E50B  21 E524     	LD HL,CALCTB
 1120 E50E  CD E529     	CALL LOOKUP
 1121 E511  E1          	POP HL
 1122                   
 1123 E512  4F          	LD C,A		; physical drive
 1124                   
 1125 E513  3A E790     	LD A,(IOT)
 1126 E516  0F          	RRCA		; Track / 2,  = Phys Track, carry=backside
 1127                   	;AND 7FH	; Bereich Track 0..79 real
Z80ASM SuperFast Relocating Macro Assembler     	    Z80ASM 1.32 Page  16
NBIOS10 Z80

 1128 E517  57          	LD D,A		; Track merken
 1129 E518  D2 E51F     	JP NC,MINC4	; -> side 0
 1130                   
 1131                   	; side
 1132 E51B  79          	LD A,C
 1133 E51C  F6 80       	OR 10000000B	; side 1 flag
 1134 E51E  4F          	LD C,A
 1135                   	
 1136 E51F  7A          MINC4:	LD A,D
 1137 E520  E6 7F       	AND 7FH		; limit to 0..127 tracks
 1138 E522  57          	LD D,A 
 1139                   
 1140                   	; D=track=D, E=sector, C=drive-code + side
 1141 E523  C9          	RET
 1142                   
 1143 E524              CALCTB:	; bit0..3=drive, bit4=density(0=DD), bit5=Mini/Maxi(1=Mini)
 1144                   	; bit7=side
 1145 E524  21          	DB	00100001B	; drive A -> drive0, dd, mini
 1146 E525  22          	DB	00100010B	; drive B -> drive1, dd, mini
 1147 E526  24          	DB	00100100B	; drive C -> drive2, dd, mini
 1148 E527  18          	DB	00011000B	; drive D -> drive3, sd, maxi
 1149 E528  18          	DB	00011000B	; drive E -> drive3, sd, maxi
 1150                   
 1151                   	ENDIF	; ----------
 1152                   
 1153                   ;-----------------------------------------------------------------------------
 1154                   ; Lookup table, table in HL, offset in A
 1155                   
 1156         FFFF      	IF DG01
 1157                   
 1158 E529  D5          LOOKUP:	PUSH DE
 1159 E52A  5F          	LD E,A
 1160 E52B  16 00       	LD D,0
 1161 E52D  19          	ADD HL,DE
 1162 E52E  7E          	LD A,(HL)
 1163 E52F  D1          	POP DE
 1164 E530  C9          	RET
 1165                   	
 1166                   	ENDIF
 1167                   	
 1168                   ;-----------------------------------------------------------------------------
 1169                   ; Read Mini disk
 1170                   ; DBANK, IOT, IOS,
 1171                   
 1172 E531  CD E4F4     MINIRD:	CALL MINCAL	; calc physical drive and sector data for compare
 1173                   
 1174 E534  3A E787     	LD A,(CURDRV)
 1175 E537  B9          	CP C		; compare drive + side
 1176 E538  C2 E551     	JP NZ,MINIR2	; -> drive not equal, load sector
 1177                   	
 1178 E53B  3A E78A     	LD A,(CURTRK)
 1179 E53E  BA          	CP D		; compare track
 1180 E53F  C2 E551     	JP NZ,MINIR2	; -> track not equal, load sector
 1181                   	
 1182 E542  3A E78B     	LD A,(CURSEC)
 1183 E545  BB          	CP E		; compare sector
 1184 E546  C2 E551     	JP NZ,MINIR2	; -> sector not equal, load sector
 1185                   
Z80ASM SuperFast Relocating Macro Assembler     	    Z80ASM 1.32 Page  17
NBIOS10 Z80

 1186 E549              MINIR1:	; actual physical sector is now in buffer PHSBUF
 1187                   
 1188         0000      	IF NOT DG01
 1205                   	ELSE
 1206                   
 1207 E549  CD E5D5     	CALL CALCPHS	; (PHSBUF+offset) -> DE, (IOD) -> HL, BC = 128
 1208 E54C  EB          	EX DE,HL
 1209 E54D  ED B0       	LDIR		; (DE++) <- (HL++), BC--
 1210                   			; (IOD) <- (PHSBUF+offset), 128 Byte
 1211                   	
 1212                   	ENDIF
 1213                   			
 1214 E54F  AF          	XOR A
 1215 E550  C9          	RET		; -> finished without error
 1216                   
 1217 E551              MINIR2:	; neuen Sektor laden, ggf. alten zurueckschreiben
 1218 E551  3A E786     	LD A,(BUFCHG)
 1219 E554  B7          	OR A
 1220 E555  CA E55E     	JP Z,MINIR3
 1221                   
 1222 E558  CD E60C     	CALL PUTPHS	; ALTEN ZURUECKSCHREIBEN
 1223 E55B  DA E5D1     	JP C,ERRIO
 1224                   	
 1225 E55E  CD E4F4     MINIR3:	CALL MINCAL	; BERECHNEN
 1226                   
 1227 E561  79          	LD A,C
 1228 E562  32 E787     	LD (CURDRV),A
 1229 E565  7B          	LD A,E
 1230 E566  32 E78B     	LD (CURSEC),A
 1231 E569  7A          	LD A,D
 1232 E56A  32 E78A     	LD (CURTRK),A
 1233 E56D  CD E5ED     	CALL GETPHS	; neuen Sektor lesen
 1234 E570  DA E5D1     	JP C,ERRIO	; Fehler aufgetreten
 1235                   	
 1236 E573  C3 E549     	JP MINIR1
 1237                   
 1238                   ;-----------------------------------------------------------------------------
 1239                   ; Write Mini disk
 1240                   ; BDOS-Flag in C
 1241                   
 1242 E576  79          MINIWR:	LD A,C
 1243 E577  32 E78C     	LD (ISDIR),A	; flag for Directory Write (1=write)
 1244                   
 1245 E57A  CD E4F4     	CALL MINCAL	; calc physical sector and drive data for compare
 1246                   	
 1247 E57D  3A E787     	LD A,(CURDRV)	; und wie bei MINIRD
 1248 E580  B9          	CP C		;
 1249 E581  C2 E5AC     	JP NZ,MINIW3	; other drive -> load sector
 1250                   	
 1251 E584  3A E78A     	LD A,(CURTRK)
 1252 E587  BA          	CP D
 1253 E588  C2 E5AC     	JP NZ,MINIW3	; other track -> load sector
 1254                   	
 1255 E58B  3A E78B     	LD A,(CURSEC)
 1256 E58E  BB          	CP E
 1257 E58F  C2 E5AC     	JP NZ,MINIW3	; other sector -> load sector
 1258                   	
 1259 E592              MINIW1:	; actual physical sector is now in PHSBUF
Z80ASM SuperFast Relocating Macro Assembler     	    Z80ASM 1.32 Page  18
NBIOS10 Z80

 1260                   
 1261         0000      	IF NOT DG01
 1277                   	ELSE
 1278                   
 1279 E592  CD E5D5     	CALL CALCPHS	; (PHSBUF+offset) -> DE, (IOD) -> HL, BC = 128
 1280 E595  ED B0       	LDIR		; (DE++) <- (HL++), BC--
 1281                   			; (PHSBUF+Offset) <- (IOD), 128 Byte
 1282                   
 1283                   	ENDIF
 1284                   				
 1285 E597  3E 01       	LD A,1
 1286 E599  32 E786     	LD (BUFCHG),A	; set buffer changed flag
 1287                   	
 1288 E59C  3A E78C     	LD A,(ISDIR)
 1289 E59F  FE 01         	CP 1
 1290 E5A1  C2 E5AA     	JP NZ,MINIW2	; -> no directory sector
 1291                   
 1292                   	; directory sector: do not cache
 1293 E5A4  CD E60C     	CALL PUTPHS 
 1294 E5A7  DA E5D1     	JP C,ERRIO	; if error then bad sector
 1295                   
 1296 E5AA              MINIW2:	; -> finished without error
 1297 E5AA  AF          	XOR A
 1298 E5AB  C9          	RET
 1299                   
 1300 E5AC              MINIW3:	; load new sector, write current if changed
 1301 E5AC  3A E786     	LD A,(BUFCHG)
 1302 E5AF  B7          	OR A
 1303 E5B0  CA E5B9     	JP Z,MINIW4
 1304                   	
 1305 E5B3  CD E60C     	CALL PUTPHS	; write current sector to disk
 1306 E5B6  DA E5D1     	JP C,ERRIO
 1307                   	
 1308 E5B9  CD E4F4     MINIW4:	CALL MINCAL	; calc physical drive and sector data
 1309 E5BC  79          	LD A,C
 1310 E5BD  32 E787     	LD (CURDRV),A
 1311 E5C0  7B          	LD A,E
 1312 E5C1  32 E78B     	LD (CURSEC),A
 1313 E5C4  7A          	LD A,D
 1314 E5C5  32 E78A     	LD (CURTRK),A
 1315 E5C8  CD E5ED     	CALL GETPHS
 1316 E5CB  DA E5D1     	JP C,ERRIO
 1317                   
 1318                   	; no error
 1319 E5CE  C3 E592     	JP MINIW1
 1320                   
 1321                   ;-----------------------------------------------------------------------------
 1322                   
 1323 E5D1  3E 01       ERRIO:	LD A,1	; Fehler aufgetreten
 1324 E5D3  B7          	OR A
 1325 E5D4  C9          	RET
 1326                   
 1327                   ;-----------------------------------------------------------------------------
 1328                   ; Calculates the pointer into PHSBUF based on sector number in IOS
 1329                   ; (PHSBUF + offset) -> DE
 1330                   ; (IOD) -> HL
 1331                   ; 128 -> BC (logical sector length)
 1332                   
Z80ASM SuperFast Relocating Macro Assembler     	    Z80ASM 1.32 Page  19
NBIOS10 Z80

 1333         FFFF      	IF DG01
 1334                   
 1335         0003      SECPOW		EQU 3		; (1024 / 128) ^ 3 = 8
 1336                   ;SECPOW		EQU 2		; (1024 / 128) ^ 2 = 4
 1337                   ;SECPOW		EQU 1		; (1024 / 128) ^ 1 = 2
 1338                   ;SECPOW		EQU 0		; (1024 / 128) ^ 0 = 1
 1339                   
 1340                   ; mask for modulo (n = IOS mod mask)
 1341         0007      SECMASK		EQU 00000111B	; phys. sector = 1024, modulo 0..7
 1342                   ;SECMASK	EQU 00000011B	; phys. sector = 512, modulo 0..3
 1343                   ;SECMASK	EQU 00000001B	; phys. sector = 256, modulo 0..1
 1344                   ;SECMASK	EQU 00000000B	; phys. sector = 128, modulo 0
 1345                   
 1346 E5D5              CALCPHS:
 1347 E5D5  3A E791     	LD A,(IOS)	; logical sector number
 1348 E5D8  E6 07       	AND SECMASK
 1349 E5DA  57          	LD D,A		; load to high-byte (mul 256)
 1350 E5DB  1E 00       	LD E,0
 1351 E5DD  CB 2A       	SRA D		; div/2 by shift right
 1352 E5DF  CB 1B       	RR E
 1353                   	; now we have (IOS mod SECSIZE) * 128 in DE
 1354 E5E1  21 FC00     	LD HL,PHSBUF
 1355 E5E4  19          	ADD HL,DE	; pointer into PHSBUF in DE
 1356 E5E5  EB          	EX DE,HL
 1357 E5E6  2A E792     	LD HL,(IOD)
 1358 E5E9  01 0080     	LD BC,128
 1359 E5EC  C9          	RET
 1360                   
 1361                   	;LD HL,PHSBUF
 1362                   	;LD A,(IOS)	; PHSBUF + ((0..39) MOD 8) * 128
 1363                   	;AND 00000111b	; 0..7 (mod 8)
 1364                   	;LD D,A		; * 256 (low byte is written into the high byte)
 1365                   	;LD E,0
 1366                   	;SRA D		; div/2 by shift right
 1367                   	;RR E
 1368                   	;ADD HL,DE	; HL = source (PHSBUF+offset)
 1369                   	;EX DE,HL	; DE = source
 1370                   	;LD HL,(IOD)	; HL = dest (IOD)
 1371                   	;EX DE,HL	; DE = dest, HL = source
 1372                   	;LD BC,128	; logical sector length
 1373                   	;LDIR		; (DE++) <- (HL++), BC--
 1374                   			; (IOD) <- (PHSBUF+offset), 128 Byte
 1375                   	;XOR A
 1376                   	;RET		; -> finished without error
 1377                   
 1378                   	ENDIF
 1379                   
 1380                   ;-----------------------------------------------------------------------------
 1381                   ; Read physical sector to PHSBUF
 1382                   ; Mini disk only
 1383                   ; TRKAKT,SEKAKT,DRVAKT ENTHALTEN NEUE BUFFERADRESSE
 1384                   
 1385 E5ED              GETPHS:	; reset buffer changed flag
 1386 E5ED  AF          	XOR A		
 1387 E5EE  32 E786     	LD (BUFCHG),A
 1388                   
 1389         0000      	IF NOT DG01
 1403                   	ELSE
Z80ASM SuperFast Relocating Macro Assembler     	    Z80ASM 1.32 Page  20
NBIOS10 Z80

 1404                   
 1405 E5F1  21 FC00     	LD HL,PHSBUF	; buffer address for data
 1406 E5F4  3A E78B     	LD A,(CURSEC)
 1407 E5F7  5F          	LD E,A
 1408 E5F8  3A E787     	LD A,(CURDRV)	; bit0..3 and side in bit7
 1409 E5FB  4F          	LD C,A
 1410 E5FC  06 01       	LD B,1		; 1 = read
 1411 E5FE  3A E78A     	LD A,(CURTRK)
 1412 E601  57          	LD D,A
 1413 E602  CD E6B8     	CALL FEXEC	; -> new floppy routine
 1414 E605  DA E60A     	JP C,BLKERR
 1415                   	
 1416                   	ENDIF
 1417                   
 1418                   	; no error
 1419 E608  AF          	XOR A
 1420 E609  C9          	RET
 1421                   
 1422                   ;-----------------------------------------------------------------------------
 1423                   
 1424 E60A  37          BLKERR:	SCF
 1425 E60B  C9          	RET
 1426                   
 1427                   ;-----------------------------------------------------------------------------
 1428                   ; Write PHSBUF to physical sector
 1429                   ; Mini disk only
 1430                   
 1431 E60C              PUTPHS:	; reset buffer changed flag
 1432 E60C  AF          	XOR A
 1433 E60D  32 E786     	LD (BUFCHG),A
 1434                   	
 1435         0000      	IF NOT DG01
 1449                   	ELSE
 1450                   
 1451 E610  21 FC00     	LD HL,PHSBUF	; buffer address
 1452 E613  3A E78B     	LD A,(CURSEC)
 1453 E616  5F          	LD E,A
 1454 E617  3A E787     	LD A,(CURDRV)	; bit0..3 and side in bit7
 1455 E61A  4F          	LD C,A
 1456 E61B  06 02       	LD B,2		; 2 = write
 1457 E61D  3A E78A     	LD A,(CURTRK)
 1458 E620  57          	LD D,A
 1459 E621  CD E6B8     	CALL FEXEC	; -> new floppy routine
 1460 E624  DA E60A     	JP C,BLKERR
 1461                   	
 1462                   	ENDIF
 1463                   	
 1464                   	; no error
 1465 E627  AF          	XOR A
 1466 E628  C9          	RET
 1467                   
 1468                   ;-----------------------------------------------------------------------------
 1469                   
 1470         FFFF      	IF DG01
 1471                   
 1472                   ; Addresses of IDE-80 CF-Adapter card
 1473                   
 1474         0018      IDEDATA	EQU 018h	; IDE Data Register
Z80ASM SuperFast Relocating Macro Assembler     	    Z80ASM 1.32 Page  21
NBIOS10 Z80

 1475         001A      SECCND	EQU 01Ah	; Sector Count Register
 1476         001B      LBA7	EQU 01Bh	; LBA Bits 0-7
 1477         001C      LBA15	EQU 01Ch	; LBA Bits 8-15
 1478         001D      LBA23	EQU 01Dh	; LBA Bits 16-23
 1479         001E      IDEHEAD	EQU 01Eh	; IDE Drive Head Register
 1480         001F      IDESTAT	EQU 01Fh	; IDE Command/Status Register
 1481                   
 1482                   ;-----------------------------------------------------------------------------
 1483                   
 1484                   ; Read one sector from disk.
 1485                   ; Return a 00h in A if the operation completes properly, and 01h if an error occurs during the read.
 1486                   ; Disk number in 'diskno' (4..7)
 1487                   ; Track number in 'track' (0..255)
 1488                   ; Sector number in 'sector' (0..63)
 1489                   ; DMA address in 'dmaad' (0-65535)
 1490                   ; 
 1491                   ; LBA
 1492                   ; 00000000 00000000 00000000
 1493                   ; 00000000 tttttttt ssssssdd
 1494                   ;        E        B        C
 1495                   
 1496         FC00      HSTBUF	EQU PHSBUF	; buffer for phyiscal sector
 1497         E78D      DISKNO	EQU DBANK
 1498         E790      TRACK	EQU IOT
 1499         E791      SECTOR	EQU IOS
 1500         E792      DMAAD	EQU IOD
 1501                   
 1502         F02A      MIDERD	EQU 0F02Ah
 1503         F02D      MIDEWR	EQU 0F02Dh
 1504                   
 1505 E629  21 FC00     IDERD:	LD HL,HSTBUF
 1506                   
 1507                   	; LBA0..7 -> C
 1508 E62C  3A E791     	LD A,(SECTOR)
 1509 E62F  CB 27       	SLA A		; make room for 4 disks (0 to 3, 2 bits)
 1510 E631  CB 27       	SLA A
 1511 E633  47          	LD B,A
 1512 E634  3A E78D     	LD A,(DISKNO)
 1513 E637  D6 04       	SUB A,4
 1514 E639  B0          	OR B
 1515 E63A  4F          	LD C,A		; C = sector * 4 + (diskno - 4)
 1516                   	
 1517                   	; LBA8..15 -> B
 1518 E63B  3A E790     	LD A,(TRACK)
 1519 E63E  47          	LD B,A
 1520                   	
 1521                   	; LBA16..23) -> E
 1522 E63F  1E 00       	LD E,0
 1523                   
 1524                   	;LD A,'R'
 1525                   	;CALL DEBIDE	; debug output
 1526 E641  CD F02A     	CALL MIDERD
 1527                   	
 1528         0000      	IF FALSE
 1578                   	ENDIF		; FALSE
 1579                   
 1580 E644  E6 01       	AND 01H
 1581 E646  C0          	RET NZ		; -> exit with error
Z80ASM SuperFast Relocating Macro Assembler     	    Z80ASM 1.32 Page  22
NBIOS10 Z80

 1582                   			
 1583 E647  2A E792     	LD HL,(DMAAD)	; memory location to place data read from disk
 1584 E64A  11 FC00     	LD DE,HSTBUF	; host buffer
 1585                   
 1586 E64D  06 80       	LD B,128	; size of CP/M sector
 1587 E64F  1A          IDERD6:	LD A,(DE)	; get byte from host buffer
 1588 E650  77          	LD (HL),A	; put in memory
 1589 E651  23          	INC HL
 1590 E652  13          	INC DE
 1591 E653  10 FA       	DJNZ IDERD6	; put 128 bytes into memory
 1592                   
 1593                   	;POP AF
 1594                   	;IN A,(IDESTAT)	; get status
 1595                   	;AND 01H		; error bit
 1596                   
 1597                   	; no error
 1598 E655  AF          	XOR A
 1599 E656  C9          	RET
 1600                   
 1601                   ;-----------------------------------------------------------------------------
 1602                   
 1603                   ; Write one sector to disk.
 1604                   ; Return a 00h in register A if the operation completes properly, and 0lh if an error occurs during the read or write
 1605                   ; Disk number in 'diskno'
 1606                   ; Track number in 'track'
 1607                   ; Sector number in 'sector'
 1608                   ; DMA address in 'dmaad' (0-65535)
 1609                   
 1610 E657  2A E792     IDEWR:	LD HL,(DMAAD)	; memory location of data to write
 1611 E65A  11 FC00     	LD DE,HSTBUF	; host buffer
 1612 E65D  06 80       	LD B,128	; size of CP/M sector
 1613                   
 1614 E65F  7E          IDEWR1:	LD A,(HL)	; get byte from memory
 1615 E660  12          	LD (DE),A	; put in host buffer
 1616 E661  23          	INC HL
 1617 E662  13          	INC DE
 1618 E663  10 FA       	DJNZ IDEWR1	; put 128 bytes in host buffer
 1619                   
 1620 E665  21 FC00     	LD HL,HSTBUF
 1621                   
 1622                   	; LBA0..7 -> C
 1623 E668  3A E791     	LD A,(SECTOR)
 1624 E66B  CB 27       	SLA A		; make room for 4 disks (0 to 3, 2 bits)
 1625 E66D  CB 27       	SLA A
 1626 E66F  47          	LD B,A
 1627 E670  3A E78D     	LD A,(DISKNO)
 1628 E673  D6 04       	SUB A,4
 1629 E675  B0          	OR B
 1630 E676  4F          	LD C,A		; C = sector * 4 + (diskno - 4)
 1631                   	
 1632                   	; LBA8..15 -> B
 1633 E677  3A E790     	LD A,(TRACK)
 1634 E67A  47          	LD B,A
 1635                   	
 1636                   	; LBA16..23) -> E
 1637 E67B  1E 00       	LD E,0
 1638                   
 1639                   	;LD A,'W'
Z80ASM SuperFast Relocating Macro Assembler     	    Z80ASM 1.32 Page  23
NBIOS10 Z80

 1640                   	;CALL DEBIDE	; debug output
 1641 E67D  CD F02D     	CALL MIDEWR
 1642                   
 1643                   	; status in A
 1644 E680  E6 01       	AND 01h		; notwendig ?
 1645 E682  C9          	RET
 1646                   
 1647                   
 1648         0000      	IF FALSE
 1696                   	ENDIF		; FALSE
 1697                   
 1698                   	ENDIF		; DG01
 1699                   
 1700                   ;------------------------------------------------------------------------------
 1701                   ; Patch BDOS drive initialisation
 1702                   
 1703         FFFF      	IF DG01
 1704                   
 1705         E08E      PADAADR	EQU BDOS + 0C88H
 1706                   ;BDPADR	EQU	0E043h
 1707 E683  0000        BDACT	DW 0			; BDOS active drive address
 1708                   
 1709 E685  DD 21 E08E  PATA:	LD IX,PADAADR
 1710 E689  DD 7E 00    	LD A,(IX)
 1711 E68C  FE AF       	CP 0AFh			; Z80 XOR A
 1712 E68E  C2 E6B7     	JP NZ,PATA1		; -> patch data does not match, do not patch
 1713                   	
 1714 E691  DD 7E 01    	LD A,(IX+1)
 1715 E694  FE 32       	CP 032h			; Z80 LD (abs),A
 1716 E696  C2 E6B7     	JP NZ,PATA1		; -> patch data does not match, do not patch
 1717                   
 1718 E699  DD 7E 02    	LD A,(IX+2)
 1719 E69C  6F          	LD L,A
 1720 E69D  DD 7E 03    	LD A,(IX+3)
 1721 E6A0  67          	LD H,A
 1722 E6A1  22 E683     	LD (BDACT),HL
 1723                   
 1724 E6A4  DD 36 01 CD 	LD (IX+1),0CDh		; Z80 CALL
 1725 E6A8  DD 36 02 B0 	LD (IX+2),LOW PATACL
 1726 E6AC  DD 36 03 E6 	LD (IX+3),HIGH PATACL
 1727                   
 1728                   	;LD C,'+'
 1729                   	;CALL MCONOUT
 1730                   
 1731                   	;---------------------------------------------------------------------
 1732                   	; BDOS patch: init BDOS active drive
 1733                   
 1734 E6B0  2A E683     PATACL:	LD HL,(BDACT)
 1735 E6B3  3E 00       	LD A,BTDRV
 1736 E6B5  77          	LD (HL),A
 1737                   
 1738                   	;PUSH BC
 1739                   	;LD C,'!'
 1740                   	;CALL MCONOUT
 1741                   	;LD A,(ACTIVE)
 1742                   	;ADD '0'
 1743                   	;LD C,A
 1744                   	;CALL MCONOUT
Z80ASM SuperFast Relocating Macro Assembler     	    Z80ASM 1.32 Page  24
NBIOS10 Z80

 1745                   	;POP BC
 1746 E6B6  C9          	RET
 1747                   
 1748 E6B7              PATA1:	;LD C,'-'
 1749                   	;CALL MCONOUT
 1750 E6B7  C9          	RET
 1751                   
 1752                   ;-----------------------------------------------------------------------------
 1753                   
 1754         0000      	IF FALSE
 1789                   	ENDIF		; FALSE
 1790                   	
 1791                   	ENDIF		; DG01
 1792                   
 1793                   ;------------------------------------------------------------------------------
 1794                   
 1795 E6B8  C3 F021     FEXEC:	JP 0F021h	; new Mini/Maxi routine
 1796                   
 1797         0000      	IF NOT DG01
 1804                   	ENDIF
 1805                   
 1806                   ;=============================================================================
 1807                   ; Debuging routines
 1808                   
 1809         FFFF      	IF DG01
 1810                   
 1811                   ;-----------------------------------------------------------------------------
 1812                   ; Debug output (DBANK) (READ/WRITE)
 1813                   
 1814 E6BB  C5          DEBDRV:	PUSH BC
 1815                   
 1816 E6BC  E5          	PUSH HL
 1817                   
 1818 E6BD  0E 5B       	LD C,'['
 1819 E6BF  CD F009     	CALL MCONOUT
 1820 E6C2  0E 46       	LD C,'F'
 1821 E6C4  CD F009     	CALL MCONOUT
 1822 E6C7  3A E78D     	LD A,(DBANK)
 1823 E6CA  6F          	LD L,A
 1824 E6CB  CD E757     	CALL DEBDEC
 1825 E6CE  26 00       	LD H,0
 1826                   	
 1827 E6D0  0E 2C       	LD C,','
 1828 E6D2  CD F009     	CALL MCONOUT
 1829 E6D5  E1          	POP HL
 1830 E6D6  CD E757     	CALL DEBDEC
 1831 E6D9  0E 5D       	LD C,']'
 1832 E6DB  CD F009     	CALL MCONOUT
 1833                   
 1834 E6DE  C1          	POP BC
 1835 E6DF  C9          	RET
 1836                   
 1837                   ;-----------------------------------------------------------------------------
 1838                   ; Debug SELDRV
 1839                   
 1840 E6E0  C5          DEBSEL:	PUSH BC
 1841                   
 1842 E6E1  E5          	PUSH HL
Z80ASM SuperFast Relocating Macro Assembler     	    Z80ASM 1.32 Page  25
NBIOS10 Z80

 1843                   
 1844 E6E2  0E 5B       	LD C,'['
 1845 E6E4  CD F009     	CALL MCONOUT
 1846 E6E7  0E 53       	LD C,'S'
 1847 E6E9  CD F009     	CALL MCONOUT
 1848 E6EC  3A E78D     	LD A,(DBANK)
 1849 E6EF  6F          	LD L,A
 1850 E6F0  26 00       	LD H,0
 1851 E6F2  CD E757     	CALL DEBDEC
 1852                   	
 1853 E6F5  0E 2C       	LD C,','
 1854 E6F7  CD F009     	CALL MCONOUT
 1855 E6FA  E1          	POP HL
 1856 E6FB  CD E757     	CALL DEBDEC
 1857 E6FE  0E 5D       	LD C,']'
 1858 E700  CD F009     	CALL MCONOUT
 1859                   
 1860 E703  C1          	POP BC
 1861 E704  C9          	RET
 1862                   
 1863                   ;-----------------------------------------------------------------------------
 1864                   ; Display drive, track, sector C,B,E
 1865                   
 1866 E705  C5          DEBIDE:	PUSH BC
 1867 E706  D5          	PUSH DE
 1868 E707  E5          	PUSH HL
 1869                   
 1870 E708  C5          	PUSH BC
 1871 E709  F5          	PUSH AF
 1872 E70A  0E 5B       	LD C,'['
 1873 E70C  CD F009     	CALL MCONOUT
 1874 E70F  F1          	POP AF
 1875 E710  4F          	LD C,A
 1876 E711  CD F009     	CALL MCONOUT
 1877 E714  0E 20       	LD C,' '
 1878 E716  CD F009     	CALL MCONOUT
 1879 E719  0E 44       	LD C,'D'
 1880 E71B  CD F009     	CALL MCONOUT
 1881 E71E  C1          	POP BC
 1882 E71F  C5          	PUSH BC		; drive in C
 1883 E720  79          	LD A,C
 1884 E721  E6 03       	AND 03H
 1885 E723  6F          	LD L,A
 1886 E724  26 00       	LD H,0
 1887 E726  CD E757     	CALL DEBDEC
 1888                   
 1889 E729  0E 2C       	LD C,','
 1890 E72B  CD F009     	CALL MCONOUT
 1891 E72E  0E 53       	LD C,'S'
 1892 E730  CD F009     	CALL MCONOUT
 1893 E733  C1          	POP BC		; sector in C
 1894 E734  CB 39       	SRL C
 1895 E736  CB 39       	SRL C
 1896 E738  69          	LD L,C
 1897 E739  26 00       	LD H,0
 1898 E73B  CD E757     	CALL DEBDEC
 1899                   	
 1900 E73E  0E 2C       	LD C,','
Z80ASM SuperFast Relocating Macro Assembler     	    Z80ASM 1.32 Page  26
NBIOS10 Z80

 1901 E740  CD F009     	CALL MCONOUT
 1902 E743  0E 54       	LD C,'T'
 1903 E745  CD F009     	CALL MCONOUT
 1904 E748  68          	LD L,B
 1905 E749  26 00       	LD H,0
 1906 E74B  CD E757     	CALL DEBDEC
 1907                   
 1908                   	;LD C,','
 1909                   	;CALL MCONOUT
 1910                   	;LD C,'S'
 1911                   	;CALL MCONOUT
 1912                   	;LD L,E
 1913                   	;LD H,0
 1914                   	;CALL DEBDEC
 1915                   
 1916 E74E  0E 5D       	LD C,']'
 1917 E750  CD F009     	CALL MCONOUT
 1918                   
 1919 E753  E1          	POP HL
 1920 E754  D1          	POP DE
 1921 E755  C1          	POP BC
 1922 E756  C9          	RET
 1923                   
 1924                   ;-----------------------------------------------------------------------------
 1925                   ; Display value in HL as Decimal
 1926                   ; value in HL
 1927                   
 1928 E757  F5          DEBDEC:	PUSH AF
 1929 E758  C5          	PUSH BC
 1930                   
 1931 E759  01 D8F0     	LD BC,-10000	; 1. Zehnerpotenz: Zehntausender
 1932 E75C  CD E779     	CALL DEBDE1
 1933 E75F  01 FC18     	LD BC,-1000	; 2. Zehnerpotenz: Tausender
 1934 E762  CD E779     	CALL DEBDE1
 1935 E765  01 FF9C     	LD BC,-100	; 3. Zehnerpotenz: Hunderter
 1936 E768  CD E779     	CALL DEBDE1
 1937 E76B  01 FFF6     	LD BC,-10	; 4. Zehnerpotenz: Zehner
 1938 E76E  CD E779     	CALL DEBDE1
 1939 E771  0E FF       	LD C,-1		; 5. Zehnerpotenz: Einer (immer ausgeben)
 1940 E773  CD E779     	CALL DEBDE1
 1941                   	
 1942 E776  C1          	POP BC
 1943 E777  F1          	POP AF
 1944 E778  C9          	RET
 1945                   
 1946                   
 1947 E779  3E 2F       DEBDE1:	LD A,'0' - 1	; Startwert fuer ASCII-Zeichen ('0' minus 1)
 1948                   
 1949 E77B  3C          DEBDE2:	INC A		; Zeichen um 1 erhoehen (ASCII-Code weiterzaehlen)
 1950 E77C  09          	ADD HL,BC	; Zehnerpotenz abziehen
 1951 E77D  38 FC       	JR C,DEBDE2	; Wenn kein Uebertrag (Zahl war groesser), weiter abziehen
 1952                   
 1953 E77F  ED 42       	SBC HL,BC	; Uebertrag korrigieren (zu viel abgezogen, also wieder drauf)
 1954                       
 1955                   	; Das Zeichen (ASCII-Code) befindet sich jetzt im Akkumulator (A).
 1956                   	;PUSH BC	; Register sichern
 1957                   	;PUSH HL
 1958 E781  4F          	LD C,A		; character to print
Z80ASM SuperFast Relocating Macro Assembler     	    Z80ASM 1.32 Page  27
NBIOS10 Z80

 1959 E782  CD F009     	CALL MCONOUT	; uses A
 1960                   	;POP HL
 1961                   	;POP BC
 1962 E785  C9          	RET
 1963                   
 1964                   ;-----------------------------------------------------------------------------
 1965                   
 1966                   	ENDIF	; DG01
 1967                   
 1968                   ;=============================================================================
 1969                   
 1970                   ; data area
 1971                   
 1972 E786  00          BUFCHG:	DB 0		; flag if PHSBUF is changed
 1973         0000      	IF NOT DG01
 1975                   	ELSE
 1976 E787  FF          CURDRV:	DB 0FFH		; DRIVE das geladen ist
 1977 E788  0000        CURDPB:	DW 0		; current disk parameter block
 1978                   	ENDIF
 1979 E78A  00          CURTRK:	DB 0		; TRACK 
 1980 E78B  00          CURSEC:	DB 0		; SEKTOR
 1981 E78C  00          ISDIR:	DB 0		; 1 = is directory write
 1982                   
 1983 E78D  00          DBANK:	DB 0		; disk bank (selected disk)
 1984                   
 1985         0000      	IF NOT DG01
 1988                   	ELSE
 1989 E78E  0001        IOPB:	DW 1		; address of DPB of selected disk
 1990                   	ENDIF
 1991 E790  04          IOT:	DB OFFSAB	; track number (start value is first usable track)
 1992 E791  01          IOS:	DB 1		; NUMMER DES GEWUENSCHTEN SEKTORS
 1993 E792  0080        IOD:	DW BUFF		; DMA-ADRESSE
 1994         0000      	IF NOT DG01
 1998                   	ENDIF
 1999                   
 2000                   	;ENDEF		; end macro
 2001                   
 2002                   	; floppy data area (from diskdef.lib)
 2003                   
 2004         E794      BEGDAT	EQU	$
 2005 E794    0080      DIRBUF:	DS	128	;DIRECTORY ACCESS BUFFER
 2006 E814    0031      ALV0:	DS	49
 2007 E845    0040      CSV0:	DS	64
 2008 E885    0031      ALV1:	DS	49
 2009 E8B6    0040      CSV1:	DS	64
 2010 E8F6    001F      ALV2:	DS	31
 2011 E915    0010      CSV2:	DS	16
 2012 E925    001F      ALV3:	DS	31
 2013 E944    0010      CSV3:	DS	16
 2014                   
 2015         0000      	IF NOT MINI3
 2020                   	ELSE
 2021                   	
 2022 E954    0080      ALV4:	DS	128	; size of each must be (DSM/8)+1
 2023 E9D4    0001      CSV4:	DS	1	; Could probably remove these chk areas, but just made size small
 2024 E9D5    0080      ALV5:	DS	128
 2025 EA55    0001      CSV5:	DS	1
 2026 EA56    0080      ALV6:	DS	128
Z80ASM SuperFast Relocating Macro Assembler     	    Z80ASM 1.32 Page  28
NBIOS10 Z80

 2027 EAD6    0001      CSV6:	DS	1
 2028 EAD7    0080      ALV7:	DS	128
 2029 EB57    0001      CSV7:	DS	1
 2030                   
 2031                   	ENDIF
 2032                   	
 2033         EB58      ENDDAT	EQU	$
 2034         03C4      DATSIZ	EQU	$-BEGDAT
 2035                   
 2036 EB58              ENDBIOS:
 2037                   
 2038         0958      SIZE	EQU ENDBIOS-STARTBIOS
 2039                   
 2040                   	END
 0 Error(s) Detected.
 2392 Absolute Bytes. 170 Symbols Detected.
     
 2015         0000      	IF NOT MINI3
 2020    